Archive member included to satisfy reference by file (symbol)

/usr/share/crossworks_for_arm_5.3/lib/libc_v7m_t_le_eabi.a(libvfprintf.o)
                              (__vfprintf_float_long_long)
/usr/share/crossworks_for_arm_5.3/lib/libc_v7m_t_le_eabi.a(libvfscanf.o)
                              (__vfscanf_float_long_long_cc)
/usr/share/crossworks_for_arm_5.3/lib/libc_v7m_t_le_eabi.a(libc2.o)
                              /usr/share/crossworks_for_arm_5.3/lib/libc_v7m_t_le_eabi.a(libvfscanf.o) (__getc)
/usr/share/crossworks_for_arm_5.3/lib/libc_v7m_t_le_eabi.a(libc2_asm.o)
                              /usr/share/crossworks_for_arm_5.3/lib/libc_v7m_t_le_eabi.a(libc2.o) (memcpy)
/usr/share/crossworks_for_arm_5.3/lib/libc_v7m_t_le_eabi.a(libc.o)
                              /usr/share/crossworks_for_arm_5.3/lib/libc_v7m_t_le_eabi.a(libc2.o) (__heap_lock)
/usr/share/crossworks_for_arm_5.3/lib/libc_v7m_t_le_eabi.a(libc_asm.o)
                              /usr/share/crossworks_for_arm_5.3/lib/libc_v7m_t_le_eabi.a(libc2.o) (__aeabi_uldivmod)
/usr/share/crossworks_for_arm_5.3/lib/libdebugio_v7m_t_le_eabi.a(libdebugio_asm.o)
                              /usr/share/crossworks_for_arm_5.3/lib/libc_v7m_t_le_eabi.a(libc2.o) (__getchar)
/usr/share/crossworks_for_arm_5.3/lib/libdebugio_v7m_t_le_eabi.a(mempoll_debug_operations.o)
                              (__do_debug_operation_mempoll)
/usr/share/crossworks_for_arm_5.3/lib/libdebugio_v7m_t_le_eabi.a(libdebugio.o)
                              /usr/share/crossworks_for_arm_5.3/lib/libdebugio_v7m_t_le_eabi.a(libdebugio_asm.o) (debug_fopen)
/usr/share/crossworks_for_arm_5.3/lib/libdebugio_v7m_t_le_eabi.a(do_nv_debug_operation.o)
                              /usr/share/crossworks_for_arm_5.3/lib/libdebugio_v7m_t_le_eabi.a(libdebugio.o) (__do_nvdebug_operation)
/usr/share/crossworks_for_arm_5.3/lib/libm_v7m_t_le_eabi.a(libm_asm.o)
                              /usr/share/crossworks_for_arm_5.3/lib/libc_v7m_t_le_eabi.a(libc2.o) (__aeabi_i2f)
/usr/share/crossworks_for_arm_5.3/lib/libm_v7m_t_le_eabi.a(libm2.o)
                              /usr/share/crossworks_for_arm_5.3/lib/libc_v7m_t_le_eabi.a(libvfprintf.o) (frexp)
/usr/share/crossworks_for_arm_5.3/lib/libm_v7m_t_le_eabi.a(libm2_asm.o)
                              /usr/share/crossworks_for_arm_5.3/lib/libm_v7m_t_le_eabi.a(libm2.o) (fabs)

Discarded input sections

 .text          0x00000000        0x0 Twinkler_APA102C THUMB Release/system_gd32f10x.o
 .data          0x00000000        0x0 Twinkler_APA102C THUMB Release/system_gd32f10x.o
 .bss           0x00000000        0x0 Twinkler_APA102C THUMB Release/system_gd32f10x.o
 .init          0x00000000        0x0 Twinkler_APA102C THUMB Release/system_gd32f10x.o
 .text          0x00000000        0x0 Twinkler_APA102C THUMB Release/gd32f10x_adc.o
 .data          0x00000000        0x0 Twinkler_APA102C THUMB Release/gd32f10x_adc.o
 .bss           0x00000000        0x0 Twinkler_APA102C THUMB Release/gd32f10x_adc.o
 .text.adc_deinit
                0x00000000       0x54 Twinkler_APA102C THUMB Release/gd32f10x_adc.o
 .text.adc_mode_config
                0x00000000       0x20 Twinkler_APA102C THUMB Release/gd32f10x_adc.o
 .text.adc_special_function_config
                0x00000000       0x5a Twinkler_APA102C THUMB Release/gd32f10x_adc.o
 .text.adc_data_alignment_config
                0x00000000       0x16 Twinkler_APA102C THUMB Release/gd32f10x_adc.o
 .text.adc_enable
                0x00000000       0x12 Twinkler_APA102C THUMB Release/gd32f10x_adc.o
 .text.adc_disable
                0x00000000        0xa Twinkler_APA102C THUMB Release/gd32f10x_adc.o
 .text.adc_calibration_enable
                0x00000000       0x26 Twinkler_APA102C THUMB Release/gd32f10x_adc.o
 .text.adc_tempsensor_vrefint_enable
                0x00000000       0x14 Twinkler_APA102C THUMB Release/gd32f10x_adc.o
 .text.adc_tempsensor_vrefint_disable
                0x00000000       0x14 Twinkler_APA102C THUMB Release/gd32f10x_adc.o
 .text.adc_dma_mode_enable
                0x00000000        0xa Twinkler_APA102C THUMB Release/gd32f10x_adc.o
 .text.adc_dma_mode_disable
                0x00000000        0xa Twinkler_APA102C THUMB Release/gd32f10x_adc.o
 .text.adc_discontinuous_mode_config
                0x00000000       0x3a Twinkler_APA102C THUMB Release/gd32f10x_adc.o
 .text.adc_channel_length_config
                0x00000000       0x3a Twinkler_APA102C THUMB Release/gd32f10x_adc.o
 .text.adc_regular_channel_config
                0x00000000       0xa4 Twinkler_APA102C THUMB Release/gd32f10x_adc.o
 .text.adc_inserted_channel_config
                0x00000000       0x62 Twinkler_APA102C THUMB Release/gd32f10x_adc.o
 .text.adc_inserted_channel_offset_config
                0x00000000       0x1a Twinkler_APA102C THUMB Release/gd32f10x_adc.o
 .text.adc_external_trigger_source_config
                0x00000000       0x2a Twinkler_APA102C THUMB Release/gd32f10x_adc.o
 .text.adc_external_trigger_config
[...]
Memory Configuration

Name             Origin             Length             Attributes
UNPLACED_SECTIONS 0x00000000         0x00000000         xw
RAM              0x20000000         0x00005000         xw
FLASH            0x08000000         0x00010000         xr
*default*        0x00000000         0xffffffff

Linker script and memory map

                0x20000000                        __RAM_segment_start__ = 0x20000000
                0x20005000                        __RAM_segment_end__ = 0x20005000
                0x00005000                        __RAM_segment_size__ = 0x5000
                0x08000000                        __FLASH_segment_start__ = 0x8000000
                0x08010000                        __FLASH_segment_end__ = 0x8010000
                0x00010000                        __FLASH_segment_size__ = 0x10000
                0x00000100                        __HEAPSIZE__ = 0x100
                0x00000000                        __STACKSIZE_ABT__ = 0x0
                0x00000000                        __STACKSIZE_FIQ__ = 0x0
                0x00000000                        __STACKSIZE_IRQ__ = 0x0
                0x00000000                        __STACKSIZE_PROCESS__ = 0x0
                0x00000000                        __STACKSIZE_SVC__ = 0x0
                0x00000000                        __STACKSIZE_UND__ = 0x0
                0x00000100                        __STACKSIZE__ = 0x100
                0x00000000                        __do_debug_operation = __do_debug_operation_mempoll
                0x00000000                        __vfprintf = __vfprintf_float_long_long
                0x00000000                        __vfscanf = __vfscanf_float_long_long_cc
                0x20000000                        __vectors_ram_load_start__ = ALIGN (__RAM_segment_start__, 0x100)

.vectors_ram    0x20000000        0x0
                0x20000000                        __vectors_ram_start__ = .
 *(.vectors_ram .vectors_ram.*)
                0x20000000                        __vectors_ram_end__ = (__vectors_ram_start__ + SIZEOF (.vectors_ram))
                0x00000000                        __vectors_ram_size__ = SIZEOF (.vectors_ram)
                0x20000000                        __vectors_ram_load_end__ = __vectors_ram_end__
                0x00000001                        . = ASSERT (((__vectors_ram_start__ == __vectors_ram_end__) || ((__vectors_ram_end__ - __RAM_segment_start__) <= __RAM_segment_size__)), error: .vectors_ram is too large to fit in RAM memory segment)
                0x08000000                        __vectors_load_start__ = ALIGN (__FLASH_segment_start__, 0x100)

.vectors        0x08000000      0x104
                0x08000000                        __vectors_start__ = .
 *(.vectors .vectors.*)
 .vectors       0x08000000      0x104 Twinkler_APA102C THUMB Release/GD32F10x_MD_Vectors.o
                0x08000000                _vectors
                0x08000104                        __vectors_end__ = (__vectors_start__ + SIZEOF (.vectors))
                0x00000104                        __vectors_size__ = SIZEOF (.vectors)
                0x08000104                        __vectors_load_end__ = __vectors_end__
                0x00000001                        . = ASSERT (((__vectors_start__ == __vectors_end__) || ((__vectors_end__ - __FLASH_segment_start__) <= __FLASH_segment_size__)), error: .vectors is too large to fit in FLASH memory segment)
                0x08000104                        __init_load_start__ = ALIGN (__vectors_end__, 0x4)

.init           0x08000104      0x340
                0x08000104                        __init_start__ = .
 *(.init .init.*)
 .init.SystemInit
                0x08000104       0xdc Twinkler_APA102C THUMB Release/system_gd32f10x.o
                0x08000104                SystemInit
 .init.SystemCoreClockUpdate
                0x080001e0       0x68 Twinkler_APA102C THUMB Release/system_gd32f10x.o
                0x080001e0                SystemCoreClockUpdate
 .init          0x08000248       0x6c Twinkler_APA102C THUMB Release/GD32F10x_MD_Vectors.o
                0x08000248                NMI_Handler
                0x0800024a                HardFault_Handler
                0x0800024c                MemManage_Handler
                0x0800024e                BusFault_Handler
                0x08000250                UsageFault_Handler
                0x08000252                SVC_Handler
                0x08000254                DebugMon_Handler
                0x08000256                PendSV_Handler
                0x0800025c                WWDGT_IRQHandler
                0x0800025e                LVD_IRQHandler
                0x08000260                TAMPER_IRQHandler
                0x08000262                RTC_IRQHandler
                0x08000264                FMC_IRQHandler
                0x08000266                RCU_IRQHandler
                0x08000268                EXTI0_IRQHandler
                0x0800026a                EXTI1_IRQHandler
                0x0800026c                EXTI2_IRQHandler
                0x0800026e                EXTI3_IRQHandler
                0x08000270                EXTI4_IRQHandler
                0x08000272                DMA0_Channel0_IRQHandler
                0x08000274                DMA0_Channel1_IRQHandler
                0x08000276                DMA0_Channel2_IRQHandler
                0x08000278                DMA0_Channel3_IRQHandler
                0x0800027a                DMA0_Channel4_IRQHandler
                0x0800027c                DMA0_Channel5_IRQHandler
                0x0800027e                DMA0_Channel6_IRQHandler
                0x08000280                ADC0_1_IRQHandler
                0x08000282                USBD_HP_CAN0_TX_IRQHandler
                0x08000284                USBD_LP_CAN0_RX0_IRQHandler
                0x08000286                CAN0_RX1_IRQHandler
                0x08000288                CAN0_EWMC_IRQHandler
                0x0800028a                EXTI5_9_IRQHandler
                0x0800028c                TIMER0_BRK_IRQHandler
                0x0800028e                TIMER0_UP_IRQHandler
                0x08000290                TIMER0_TRG_CMT_IRQHandler
                0x08000292                TIMER0_Channel_IRQHandler
                0x08000294                TIMER1_IRQHandler
                0x08000296                TIMER2_IRQHandler
                0x08000298                TIMER3_IRQHandler
                0x0800029a                I2C0_EV_IRQHandler
                0x0800029c                I2C0_ER_IRQHandler
                0x0800029e                I2C1_EV_IRQHandler
                0x080002a0                I2C1_ER_IRQHandler
                0x080002a2                SPI0_IRQHandler
                0x080002a4                SPI1_IRQHandler
                0x080002a6                USART0_IRQHandler
                0x080002a8                USART1_IRQHandler
                0x080002aa                USART2_IRQHandler
                0x080002ac                EXTI10_15_IRQHandler
                0x080002ae                RTC_Alarm_IRQHandler
                0x080002b0                USBD_WKUP_IRQHandler
                0x080002b2                EXMC_IRQHandler
 .init          0x080002b4       0x28 Twinkler_APA102C THUMB Release/GD32F10x_Startup.o
                0x080002b4                Reset_Handler
 .init          0x080002dc      0x168 Twinkler_APA102C THUMB Release/thumb_crt0.o
                0x080002dc                _start
                0x08000386                _Exit
                0x08000386                exit
                0x08000444                        __init_end__ = (__init_start__ + SIZEOF (.init))
                0x00000340                        __init_size__ = SIZEOF (.init)
                0x08000444                        __init_load_end__ = __init_end__
                0x00000001                        . = ASSERT (((__init_start__ == __init_end__) || ((__init_end__ - __FLASH_segment_start__) <= __FLASH_segment_size__)), error: .init is too large to fit in FLASH memory segment)
                0x08000444                        __init_rodata_load_start__ = ALIGN (__init_end__, 0x4)

.init_rodata    0x08000444        0x0
                0x08000444                        __init_rodata_start__ = .
 *(.init_rodata .init_rodata.*)
                0x08000444                        __init_rodata_end__ = (__init_rodata_start__ + SIZEOF (.init_rodata))
                0x00000000                        __init_rodata_size__ = SIZEOF (.init_rodata)
                0x08000444                        __init_rodata_load_end__ = __init_rodata_end__
                0x00000001                        . = ASSERT (((__init_rodata_start__ == __init_rodata_end__) || ((__init_rodata_end__ - __FLASH_segment_start__) <= __FLASH_segment_size__)), error: .init_rodata is too large to fit in FLASH memory segment)
                0x08000444                        __text_load_start__ = ALIGN (__init_rodata_end__, 0x4)

.text           0x08000444      0x4c8
                0x08000444                        __text_start__ = .
 *(.text .text.* .gnu.linkonce.t.* .glue_7t .glue_7 .gcc_except_table .ARM.extab* .gnu.linkonce.armextab.*)
 .glue_7        0x08000444        0x0 linker stubs
 .glue_7t       0x08000444        0x0 linker stubs
 .text.gpio_init
                0x08000444       0xaa Twinkler_APA102C THUMB Release/gd32f10x_gpio.o
                0x08000444                gpio_init
 .text.rcu_periph_clock_enable
                0x080004ee       0x1a Twinkler_APA102C THUMB Release/gd32f10x_rcu.o
                0x080004ee                rcu_periph_clock_enable
 .text.rcu_system_clock_source_config
                0x08000508       0x14 Twinkler_APA102C THUMB Release/gd32f10x_rcu.o
                0x08000508                rcu_system_clock_source_config
 .text.rcu_apb2_clock_config
                0x0800051c       0x14 Twinkler_APA102C THUMB Release/gd32f10x_rcu.o
                0x0800051c                rcu_apb2_clock_config
 .text.rcu_pll_config
                0x08000530       0x18 Twinkler_APA102C THUMB Release/gd32f10x_rcu.o
                0x08000530                rcu_pll_config
 .text.rcu_flag_get
                0x08000548       0x20 Twinkler_APA102C THUMB Release/gd32f10x_rcu.o
                0x08000548                rcu_flag_get
 .text.rcu_osci_stab_wait
                0x08000568       0xcc Twinkler_APA102C THUMB Release/gd32f10x_rcu.o
                0x08000568                rcu_osci_stab_wait
 .text.rcu_osci_on
                0x08000634       0x1a Twinkler_APA102C THUMB Release/gd32f10x_rcu.o
                0x08000634                rcu_osci_on
 .text.rcu_osci_off
                0x0800064e       0x1c Twinkler_APA102C THUMB Release/gd32f10x_rcu.o
                0x0800064e                rcu_osci_off
 .text.spi_struct_para_init
                0x0800066a       0x10 Twinkler_APA102C THUMB Release/gd32f10x_spi.o
                0x0800066a                spi_struct_para_init
 .text.spi_init
                0x0800067a       0x32 Twinkler_APA102C THUMB Release/gd32f10x_spi.o
                0x0800067a                spi_init
 .text.spi_enable
                0x080006ac        0xa Twinkler_APA102C THUMB Release/gd32f10x_spi.o
                0x080006ac                spi_enable
 .text.spi_i2s_data_transmit
                0x080006b6        0x4 Twinkler_APA102C THUMB Release/gd32f10x_spi.o
                0x080006b6                spi_i2s_data_transmit
 .text.spi_crc_off
                0x080006ba        0xa Twinkler_APA102C THUMB Release/gd32f10x_spi.o
                0x080006ba                spi_crc_off
 .text.spi_i2s_flag_get
                0x080006c4        0xc Twinkler_APA102C THUMB Release/gd32f10x_spi.o
                0x080006c4                spi_i2s_flag_get
 .text.SPI_BlockSend
                0x080006d0       0x30 Twinkler_APA102C THUMB Release/APA102.o
 .text.APA_sendBuffer
                0x08000700       0x28 Twinkler_APA102C THUMB Release/APA102.o
                0x08000700                APA_sendBuffer
 .text.APA_SetPixel
                0x08000728       0x2c Twinkler_APA102C THUMB Release/APA102.o
                0x08000728                APA_SetPixel
 .text.APA_GetPixel
                0x08000754       0x20 Twinkler_APA102C THUMB Release/APA102.o
                0x08000754                APA_GetPixel
 .text.APA_SetRange
                0x08000774       0x58 Twinkler_APA102C THUMB Release/APA102.o
                0x08000774                APA_SetRange
 .text.APA_Init
                0x080007cc       0x1e Twinkler_APA102C THUMB Release/APA102.o
                0x080007cc                APA_Init
 *fill*         0x080007ea        0x2 
 .text.main     0x080007ec      0x10c Twinkler_APA102C THUMB Release/main.o
                0x080007ec                main
 .text.SysTick_Handler
                0x080008f8       0x14 Twinkler_APA102C THUMB Release/main.o
                0x080008f8                SysTick_Handler
                0x0800090c                        __text_end__ = (__text_start__ + SIZEOF (.text))
                0x000004c8                        __text_size__ = SIZEOF (.text)
                0x0800090c                        __text_load_end__ = __text_end__

.vfp11_veneer   0x00000000        0x0
 .vfp11_veneer  0x00000000        0x0 linker stubs

.v4_bx          0x00000000        0x0
 .v4_bx         0x00000000        0x0 linker stubs

.iplt           0x00000000        0x0
 .iplt          0x00000000        0x0 Twinkler_APA102C THUMB Release/system_gd32f10x.o

.rel.dyn        0x08000000        0x0
 .rel.iplt      0x08000000        0x0 Twinkler_APA102C THUMB Release/system_gd32f10x.o
                0x00000001                        . = ASSERT (((__text_start__ == __text_end__) || ((__text_end__ - __FLASH_segment_start__) <= __FLASH_segment_size__)), error: .text is too large to fit in FLASH memory segment)
                0x0800090c                        __dtors_load_start__ = ALIGN (__text_end__, 0x4)

.dtors          0x0800090c        0x0
                0x0800090c                        __dtors_start__ = .
 *(SORT_BY_NAME(.dtors.*))
 *(.dtors)
 *(.fini_array)
 *(SORT_BY_NAME(.fini_array.*))
                0x0800090c                        __dtors_end__ = (__dtors_start__ + SIZEOF (.dtors))
                0x00000000                        __dtors_size__ = SIZEOF (.dtors)
                0x0800090c                        __dtors_load_end__ = __dtors_end__
                0x00000001                        . = ASSERT (((__dtors_start__ == __dtors_end__) || ((__dtors_end__ - __FLASH_segment_start__) <= __FLASH_segment_size__)), error: .dtors is too large to fit in FLASH memory segment)
                0x0800090c                        __ctors_load_start__ = ALIGN (__dtors_end__, 0x4)

.ctors          0x0800090c        0x4
                0x0800090c                        __ctors_start__ = .
 *(SORT_BY_NAME(.ctors.*))
 *(.ctors)
 *(.init_array)
 .init_array    0x0800090c        0x4 Twinkler_APA102C THUMB Release/GD32F10x_Startup.o
 *(SORT_BY_NAME(.init_array.*))
                0x08000910                        __ctors_end__ = (__ctors_start__ + SIZEOF (.ctors))
                0x00000004                        __ctors_size__ = SIZEOF (.ctors)
                0x08000910                        __ctors_load_end__ = __ctors_end__
                0x00000001                        . = ASSERT (((__ctors_start__ == __ctors_end__) || ((__ctors_end__ - __FLASH_segment_start__) <= __FLASH_segment_size__)), error: .ctors is too large to fit in FLASH memory segment)
                0x08000910                        __rodata_load_start__ = ALIGN (__ctors_end__, 0x4)

.rodata         0x08000910        0x0
                0x08000910                        __rodata_start__ = .
 *(.rodata .rodata.* .gnu.linkonce.r.* .data.rel.ro .data.rel.ro.*)
                0x08000910                        __rodata_end__ = (__rodata_start__ + SIZEOF (.rodata))
                0x00000000                        __rodata_size__ = SIZEOF (.rodata)
                0x08000910                        __rodata_load_end__ = __rodata_end__
                0x00000001                        . = ASSERT (((__rodata_start__ == __rodata_end__) || ((__rodata_end__ - __FLASH_segment_start__) <= __FLASH_segment_size__)), error: .rodata is too large to fit in FLASH memory segment)
                0x08000910                        __ARM.exidx_load_start__ = ALIGN (__rodata_end__, 0x4)

.ARM.exidx      0x08000910        0x0
                0x08000910                        __ARM.exidx_start__ = .
                0x08000910                        __exidx_start = __ARM.exidx_start__
 *(.ARM.exidx .ARM.exidx.*)
                0x08000910                        __ARM.exidx_end__ = (__ARM.exidx_start__ + SIZEOF (.ARM.exidx))
                0x00000000                        __ARM.exidx_size__ = SIZEOF (.ARM.exidx)
                0x08000910                        __exidx_end = __ARM.exidx_end__
                0x08000910                        __ARM.exidx_load_end__ = __ARM.exidx_end__
                0x00000001                        . = ASSERT (((__ARM.exidx_start__ == __ARM.exidx_end__) || ((__ARM.exidx_end__ - __FLASH_segment_start__) <= __FLASH_segment_size__)), error: .ARM.exidx is too large to fit in FLASH memory segment)
                0x08000910                        __fast_load_start__ = ALIGN (__ARM.exidx_end__, 0x4)

.fast           0x20000000        0x0 load address 0x08000910
                0x20000000                        __fast_start__ = .
 *(.fast .fast.*)
                0x20000000                        __fast_end__ = (__fast_start__ + SIZEOF (.fast))
                0x00000000                        __fast_size__ = SIZEOF (.fast)
                0x08000910                        __fast_load_end__ = (__fast_load_start__ + SIZEOF (.fast))
                0x00000001                        . = ASSERT (((__fast_load_start__ == __fast_load_end__) || ((__fast_load_end__ - __FLASH_segment_start__) <= __FLASH_segment_size__)), error: .fast is too large to fit in FLASH memory segment)

.fast_run       0x20000000        0x0
                0x20000000                        __fast_run_start__ = .
                0x20000000                        __fast_run_end__ = (__fast_run_start__ + SIZEOF (.fast))
                0x00000000                        __fast_run_size__ = (__fast_run_end__ - __fast_run_start__)
                0x20000000                        __fast_run_load_end__ = __fast_run_end__
                0x00000001                        . = ASSERT (((__fast_run_start__ == __fast_run_end__) || ((__fast_run_end__ - __RAM_segment_start__) <= __RAM_segment_size__)), error: .fast_run is too large to fit in RAM memory segment)
                0x08000910                        __data_load_start__ = ALIGN ((__fast_load_start__ + SIZEOF (.fast)), 0x4)

.data           0x20000000        0x8 load address 0x08000910
                0x20000000                        __data_start__ = .
 *(.data .data.* .gnu.linkonce.d.*)
 .data.SystemCoreClock
                0x20000000        0x4 Twinkler_APA102C THUMB Release/system_gd32f10x.o
                0x20000000                SystemCoreClock
 .data.stopSignal
                0x20000004        0x4 Twinkler_APA102C THUMB Release/APA102.o
                0x20000008                        __data_end__ = (__data_start__ + SIZEOF (.data))
                0x00000008                        __data_size__ = SIZEOF (.data)
                0x08000918                        __data_load_end__ = (__data_load_start__ + SIZEOF (.data))

.igot.plt       0x00000000        0x0
 .igot.plt      0x00000000        0x0 Twinkler_APA102C THUMB Release/system_gd32f10x.o
                0x00000001                        . = ASSERT (((__data_load_start__ == __data_load_end__) || ((__data_load_end__ - __FLASH_segment_start__) <= __FLASH_segment_size__)), error: .data is too large to fit in FLASH memory segment)

.data_run       0x20000000        0x0
                0x20000000                        __data_run_start__ = .
                0x20000008                        __data_run_end__ = (__data_run_start__ + SIZEOF (.data))
                0x00000008                        __data_run_size__ = (__data_run_end__ - __data_run_start__)
                0x20000008                        __data_run_load_end__ = __data_run_end__
                0x00000001                        . = ASSERT (((__data_run_start__ == __data_run_end__) || ((__data_run_end__ - __RAM_segment_start__) <= __RAM_segment_size__)), error: .data_run is too large to fit in RAM memory segment)
                0x20000008                        __bss_load_start__ = ALIGN (__data_run_end__, 0x4)

.bss            0x20000008       0x80
                0x20000008                        __bss_start__ = .
 *(.bss .bss.* .gnu.linkonce.b.*)
 .bss.startSignal
                0x20000008        0x4 Twinkler_APA102C THUMB Release/APA102.o
 .bss.led_buffer
                0x2000000c       0x78 Twinkler_APA102C THUMB Release/APA102.o
 .bss.systick_counter
                0x20000084        0x4 Twinkler_APA102C THUMB Release/main.o
                0x20000084                systick_counter
 *(COMMON)
                0x20000088                        __bss_end__ = (__bss_start__ + SIZEOF (.bss))
                0x00000080                        __bss_size__ = SIZEOF (.bss)
                0x20000088                        __bss_load_end__ = __bss_end__
                0x00000001                        . = ASSERT (((__bss_start__ == __bss_end__) || ((__bss_end__ - __RAM_segment_start__) <= __RAM_segment_size__)), error: .bss is too large to fit in RAM memory segment)
                0x20000088                        __tbss_load_start__ = ALIGN (__bss_end__, 0x4)

.tbss           0x20000088        0x0
                0x20000088                        __tbss_start__ = .
 *(.tbss .tbss.*)
                0x20000088                        __tbss_end__ = (__tbss_start__ + SIZEOF (.tbss))
                0x00000000                        __tbss_size__ = SIZEOF (.tbss)
                0x20000088                        __tbss_load_end__ = __tbss_end__
                0x00000001                        . = ASSERT (((__tbss_start__ == __tbss_end__) || ((__tbss_end__ - __RAM_segment_start__) <= __RAM_segment_size__)), error: .tbss is too large to fit in RAM memory segment)
                0x08000918                        __tdata_load_start__ = ALIGN ((__data_load_start__ + SIZEOF (.data)), 0x4)

.tdata          0x20000088        0x0 load address 0x08000918
                0x20000088                        __tdata_start__ = .
 *(.tdata .tdata.*)
                0x20000088                        __tdata_end__ = (__tdata_start__ + SIZEOF (.tdata))
                0x00000000                        __tdata_size__ = SIZEOF (.tdata)
                0x08000918                        __tdata_load_end__ = (__tdata_load_start__ + SIZEOF (.tdata))
                0x08000918                        __FLASH_segment_used_end__ = (ALIGN ((__data_load_start__ + SIZEOF (.data)), 0x4) + SIZEOF (.tdata))
                0x00000918                        __FLASH_segment_used_size__ = (__FLASH_segment_used_end__ - __FLASH_segment_start__)
                0x00000001                        . = ASSERT (((__tdata_load_start__ == __tdata_load_end__) || ((__tdata_load_end__ - __FLASH_segment_start__) <= __FLASH_segment_size__)), error: .tdata is too large to fit in FLASH memory segment)

.tdata_run      0x20000088        0x0
                0x20000088                        __tdata_run_start__ = .
                0x20000088                        __tdata_run_end__ = (__tdata_run_start__ + SIZEOF (.tdata))
                0x00000000                        __tdata_run_size__ = (__tdata_run_end__ - __tdata_run_start__)
                0x20000088                        __tdata_run_load_end__ = __tdata_run_end__
                0x00000001                        . = ASSERT (((__tdata_run_start__ == __tdata_run_end__) || ((__tdata_run_end__ - __RAM_segment_start__) <= __RAM_segment_size__)), error: .tdata_run is too large to fit in RAM memory segment)
                0x20000088                        __non_init_load_start__ = ALIGN (__tdata_run_end__, 0x4)

.non_init       0x20000088        0x0
                0x20000088                        __non_init_start__ = .
 *(.non_init .non_init.*)
                0x20000088                        __non_init_end__ = (__non_init_start__ + SIZEOF (.non_init))
                0x00000000                        __non_init_size__ = SIZEOF (.non_init)
                0x20000088                        __non_init_load_end__ = __non_init_end__
                0x00000001                        . = ASSERT (((__non_init_start__ == __non_init_end__) || ((__non_init_end__ - __RAM_segment_start__) <= __RAM_segment_size__)), error: .non_init is too large to fit in RAM memory segment)
                0x20000088                        __noinit_load_start__ = ALIGN (__non_init_end__, 0x4)

.noinit         0x20000088        0x0
                0x20000088                        __noinit_start__ = .
 *(.noinit .noinit.*)
                0x20000088                        __noinit_end__ = (__noinit_start__ + SIZEOF (.noinit))
                0x00000000                        __noinit_size__ = SIZEOF (.noinit)
                0x20000088                        __noinit_load_end__ = __noinit_end__
                0x00000001                        . = ASSERT (((__noinit_start__ == __noinit_end__) || ((__noinit_end__ - __RAM_segment_start__) <= __RAM_segment_size__)), error: .noinit is too large to fit in RAM memory segment)
                0x20000088                        __heap_load_start__ = ALIGN (__noinit_end__, 0x8)

.heap           0x20000088      0x100
                0x20000088                        __heap_start__ = .
 *(.heap .heap.*)
                0x20000188                        . = ALIGN (MAX ((__heap_start__ + __HEAPSIZE__), .), 0x8)
 *fill*         0x20000088      0x100 
                0x20000188                        __heap_end__ = (__heap_start__ + SIZEOF (.heap))
                0x00000100                        __heap_size__ = SIZEOF (.heap)
                0x20000188                        __heap_load_end__ = __heap_end__
                0x00000001                        . = ASSERT (((__heap_start__ == __heap_end__) || ((__heap_end__ - __RAM_segment_start__) <= __RAM_segment_size__)), error: .heap is too large to fit in RAM memory segment)
                0x00000001                        . = ASSERT ((__HEAPSIZE__ == ALIGN (__HEAPSIZE__, 0x8)), error: .heap section size does not match alignment)
                0x00000001                        . = ASSERT ((__heap_size__ <= __HEAPSIZE__), error: .heap section is larger than specified size)
                0x20000188                        __stack_load_start__ = ALIGN (__heap_end__, 0x8)

.stack          0x20000188      0x100
                0x20000188                        __stack_start__ = .
 *(.stack .stack.*)
                0x20000288                        . = ALIGN (MAX ((__stack_start__ + __STACKSIZE__), .), 0x8)
 *fill*         0x20000188      0x100 
                0x20000288                        __stack_end__ = (__stack_start__ + SIZEOF (.stack))
                0x00000100                        __stack_size__ = SIZEOF (.stack)
                0x20000288                        __stack_load_end__ = __stack_end__
                0x00000001                        . = ASSERT (((__stack_start__ == __stack_end__) || ((__stack_end__ - __RAM_segment_start__) <= __RAM_segment_size__)), error: .stack is too large to fit in RAM memory segment)
                0x00000001                        . = ASSERT ((__STACKSIZE__ == ALIGN (__STACKSIZE__, 0x8)), error: .stack section size does not match alignment)
                0x00000001                        . = ASSERT ((__stack_size__ <= __STACKSIZE__), error: .stack section is larger than specified size)
                0x20000288                        __stack_process_load_start__ = ALIGN (__stack_end__, 0x8)

.stack_process  0x20000288        0x0
                0x20000288                        __stack_process_start__ = .
 *(.stack_process .stack_process.*)
                0x20000288                        . = ALIGN (MAX ((__stack_process_start__ + __STACKSIZE_PROCESS__), .), 0x8)
                0x20000288                        __stack_process_end__ = (__stack_process_start__ + SIZEOF (.stack_process))
                0x00000000                        __stack_process_size__ = SIZEOF (.stack_process)
                0x20000288                        __stack_process_load_end__ = __stack_process_end__
                0x20000288                        __RAM_segment_used_end__ = (ALIGN (__stack_end__, 0x8) + SIZEOF (.stack_process))
                0x00000288                        __RAM_segment_used_size__ = (__RAM_segment_used_end__ - __RAM_segment_start__)
                0x00000001                        . = ASSERT (((__stack_process_start__ == __stack_process_end__) || ((__stack_process_end__ - __RAM_segment_start__) <= __RAM_segment_size__)), error: .stack_process is too large to fit in RAM memory segment)
                0x00000001                        . = ASSERT ((__STACKSIZE_PROCESS__ == ALIGN (__STACKSIZE_PROCESS__, 0x8)), error: .stack_process section size does not match alignment)
                0x00000001                        . = ASSERT ((__stack_process_size__ <= __STACKSIZE_PROCESS__), error: .stack_process section is larger than specified size)
                0x00000100                        __STACKSIZE__ = 0x100
                0x00000000                        __STACKSIZE_PROCESS__ = 0x0
                0x00000000                        __STACKSIZE_IRQ__ = 0x0
                0x00000000                        __STACKSIZE_FIQ__ = 0x0
                0x00000000                        __STACKSIZE_SVC__ = 0x0
                0x00000000                        __STACKSIZE_ABT__ = 0x0
                0x00000000                        __STACKSIZE_UND__ = 0x0
                0x00000100                        __HEAPSIZE__ = 0x100
                0x00000000                        __do_debug_operation = __do_debug_operation_mempoll
                0x00000000                        __vfprintf = __vfprintf_float_long_long
                0x00000000                        __vfscanf = __vfscanf_float_long_long_cc
START GROUP
LOAD Twinkler_APA102C THUMB Release/system_gd32f10x.o
LOAD Twinkler_APA102C THUMB Release/gd32f10x_adc.o
LOAD Twinkler_APA102C THUMB Release/gd32f10x_bkp.o
LOAD Twinkler_APA102C THUMB Release/gd32f10x_can.o
LOAD Twinkler_APA102C THUMB Release/gd32f10x_crc.o
LOAD Twinkler_APA102C THUMB Release/gd32f10x_dac.o
LOAD Twinkler_APA102C THUMB Release/gd32f10x_dbg.o
LOAD Twinkler_APA102C THUMB Release/gd32f10x_dma.o
LOAD Twinkler_APA102C THUMB Release/gd32f10x_enet.o
LOAD Twinkler_APA102C THUMB Release/gd32f10x_exmc.o
LOAD Twinkler_APA102C THUMB Release/gd32f10x_exti.o
LOAD Twinkler_APA102C THUMB Release/gd32f10x_fmc.o
LOAD Twinkler_APA102C THUMB Release/gd32f10x_fwdgt.o
LOAD Twinkler_APA102C THUMB Release/gd32f10x_gpio.o
LOAD Twinkler_APA102C THUMB Release/gd32f10x_i2c.o
LOAD Twinkler_APA102C THUMB Release/gd32f10x_misc.o
LOAD Twinkler_APA102C THUMB Release/gd32f10x_pmu.o
LOAD Twinkler_APA102C THUMB Release/gd32f10x_rcu.o
LOAD Twinkler_APA102C THUMB Release/gd32f10x_rtc.o
LOAD Twinkler_APA102C THUMB Release/gd32f10x_sdio.o
LOAD Twinkler_APA102C THUMB Release/gd32f10x_spi.o
LOAD Twinkler_APA102C THUMB Release/gd32f10x_timer.o
LOAD Twinkler_APA102C THUMB Release/gd32f10x_usart.o
LOAD Twinkler_APA102C THUMB Release/gd32f10x_wwdgt.o
LOAD Twinkler_APA102C THUMB Release/APA102.o
LOAD Twinkler_APA102C THUMB Release/main.o
LOAD Twinkler_APA102C THUMB Release/GD32F10x_MD_Vectors.o
LOAD Twinkler_APA102C THUMB Release/GD32F10x_Startup.o
LOAD Twinkler_APA102C THUMB Release/thumb_crt0.o
LOAD /usr/share/crossworks_for_arm_5.3/lib/libm_v7m_t_le_eabi.a
LOAD /usr/share/crossworks_for_arm_5.3/lib/libc_v7m_t_le_eabi.a
LOAD /usr/share/crossworks_for_arm_5.3/lib/libdebugio_v7m_t_le_eabi.a
LOAD /usr/share/crossworks_for_arm_5.3/lib/libcm_v7m_t_le_eabi.a
END GROUP
OUTPUT(/home/jennifer/repos/APA102_LED_Driver/Test-Projects/Twinkler/Twinkler_APA102C THUMB Release/Twinkler_APA102C.elf elf32-littlearm)
LOAD linker stubs

.comment        0x00000000       0x3d
 .comment       0x00000000       0x3d Twinkler_APA102C THUMB Release/system_gd32f10x.o
                                 0x3e (size before relaxing)
 .comment       0x0000003d       0x3e Twinkler_APA102C THUMB Release/gd32f10x_gpio.o
 .comment       0x0000003d       0x3e Twinkler_APA102C THUMB Release/gd32f10x_rcu.o
 .comment       0x0000003d       0x3e Twinkler_APA102C THUMB Release/gd32f10x_spi.o
 .comment       0x0000003d       0x3e Twinkler_APA102C THUMB Release/APA102.o
 .comment       0x0000003d       0x3e Twinkler_APA102C THUMB Release/main.o

.ARM.attributes
                0x00000000       0x2d
 .ARM.attributes
                0x00000000       0x2f Twinkler_APA102C THUMB Release/system_gd32f10x.o
 .ARM.attributes
                0x0000002f       0x2f Twinkler_APA102C THUMB Release/gd32f10x_gpio.o
 .ARM.attributes
                0x0000005e       0x2f Twinkler_APA102C THUMB Release/gd32f10x_rcu.o
 .ARM.attributes
                0x0000008d       0x2f Twinkler_APA102C THUMB Release/gd32f10x_spi.o
 .ARM.attributes
                0x000000bc       0x2f Twinkler_APA102C THUMB Release/APA102.o
 .ARM.attributes
                0x000000eb       0x2f Twinkler_APA102C THUMB Release/main.o
 .ARM.attributes
                0x0000011a       0x1b Twinkler_APA102C THUMB Release/GD32F10x_MD_Vectors.o
 .ARM.attributes
                0x00000135       0x1b Twinkler_APA102C THUMB Release/GD32F10x_Startup.o
 .ARM.attributes
                0x00000150       0x1b Twinkler_APA102C THUMB Release/thumb_crt0.o
