Archive member included to satisfy reference by file (symbol)

/usr/share/crossworks_for_arm_5.3/lib/libc_v7m_t_le_eabi.a(libc2_asm.o)
                              STM32_Exampe STM32_Exampe/main.o (memset)
/usr/share/crossworks_for_arm_5.3/lib/libc_v7m_t_le_eabi.a(libvfprintf.o)
                              (__vfprintf_float_long_long)
/usr/share/crossworks_for_arm_5.3/lib/libc_v7m_t_le_eabi.a(libvfscanf.o)
                              (__vfscanf_float_long_long_cc)
/usr/share/crossworks_for_arm_5.3/lib/libc_v7m_t_le_eabi.a(libc2.o)
                              /usr/share/crossworks_for_arm_5.3/lib/libc_v7m_t_le_eabi.a(libvfscanf.o) (__getc)
/usr/share/crossworks_for_arm_5.3/lib/libc_v7m_t_le_eabi.a(libc.o)
                              /usr/share/crossworks_for_arm_5.3/lib/libc_v7m_t_le_eabi.a(libc2.o) (__heap_lock)
/usr/share/crossworks_for_arm_5.3/lib/libc_v7m_t_le_eabi.a(libc_asm.o)
                              /usr/share/crossworks_for_arm_5.3/lib/libc_v7m_t_le_eabi.a(libc2.o) (__aeabi_uldivmod)
/usr/share/crossworks_for_arm_5.3/lib/libdebugio_v7m_t_le_eabi.a(libdebugio_asm.o)
                              /usr/share/crossworks_for_arm_5.3/lib/libc_v7m_t_le_eabi.a(libc2.o) (__getchar)
/usr/share/crossworks_for_arm_5.3/lib/libdebugio_v7m_t_le_eabi.a(mempoll_debug_operations.o)
                              (__do_debug_operation_mempoll)
/usr/share/crossworks_for_arm_5.3/lib/libdebugio_v7m_t_le_eabi.a(libdebugio.o)
                              /usr/share/crossworks_for_arm_5.3/lib/libdebugio_v7m_t_le_eabi.a(libdebugio_asm.o) (debug_fopen)
/usr/share/crossworks_for_arm_5.3/lib/libdebugio_v7m_t_le_eabi.a(do_nv_debug_operation.o)
                              /usr/share/crossworks_for_arm_5.3/lib/libdebugio_v7m_t_le_eabi.a(libdebugio.o) (__do_nvdebug_operation)
/usr/share/crossworks_for_arm_5.3/lib/libm_v7m_t_le_eabi.a(libm_asm.o)
                              /usr/share/crossworks_for_arm_5.3/lib/libc_v7m_t_le_eabi.a(libc2.o) (__aeabi_i2f)
/usr/share/crossworks_for_arm_5.3/lib/libm_v7m_t_le_eabi.a(libm2.o)
                              /usr/share/crossworks_for_arm_5.3/lib/libc_v7m_t_le_eabi.a(libvfprintf.o) (frexp)
/usr/share/crossworks_for_arm_5.3/lib/libm_v7m_t_le_eabi.a(libm2_asm.o)
                              /usr/share/crossworks_for_arm_5.3/lib/libm_v7m_t_le_eabi.a(libm2.o) (fabs)

Discarded input sections

 .text          0x00000000        0x0 STM32_Exampe STM32_Exampe/main.o
 .data          0x00000000        0x0 STM32_Exampe STM32_Exampe/main.o
 .bss           0x00000000        0x0 STM32_Exampe STM32_Exampe/main.o
 .text          0x00000000        0x0 STM32_Exampe STM32_Exampe/stm32f1xx_hal_msp.o
 .data          0x00000000        0x0 STM32_Exampe STM32_Exampe/stm32f1xx_hal_msp.o
 .bss           0x00000000        0x0 STM32_Exampe STM32_Exampe/stm32f1xx_hal_msp.o
 .text.HAL_SPI_MspDeInit
                0x00000000       0x38 STM32_Exampe STM32_Exampe/stm32f1xx_hal_msp.o
 .text          0x00000000        0x0 STM32_Exampe STM32_Exampe/stm32f1xx_it.o
 .data          0x00000000        0x0 STM32_Exampe STM32_Exampe/stm32f1xx_it.o
 .bss           0x00000000        0x0 STM32_Exampe STM32_Exampe/stm32f1xx_it.o
 .text          0x00000000        0x0 STM32_Exampe STM32_Exampe/APA102.o
 .data          0x00000000        0x0 STM32_Exampe STM32_Exampe/APA102.o
 .bss           0x00000000        0x0 STM32_Exampe STM32_Exampe/APA102.o
 .data.stopSignal
                0x00000000        0x4 STM32_Exampe STM32_Exampe/APA102.o
 .text.APA_SetPixel
                0x00000000       0x84 STM32_Exampe STM32_Exampe/APA102.o
 .text.APA_GetPixel
                0x00000000       0x40 STM32_Exampe STM32_Exampe/APA102.o
 .text.APA_HSVtoRGB
                0x00000000      0x1bc STM32_Exampe STM32_Exampe/APA102.o
 .text.APA_SetPixelHSV
                0x00000000       0x7a STM32_Exampe STM32_Exampe/APA102.o
 .text.APA_SetPixelRangeHSV
                0x00000000       0x7c STM32_Exampe STM32_Exampe/APA102.o
 .text          0x00000000        0x0 STM32_Exampe STM32_Exampe/system_stm32f1xx.o
 .data          0x00000000        0x0 STM32_Exampe STM32_Exampe/system_stm32f1xx.o
 .bss           0x00000000        0x0 STM32_Exampe STM32_Exampe/system_stm32f1xx.o
 .rodata.APBPrescTable
                0x00000000        0x8 STM32_Exampe STM32_Exampe/system_stm32f1xx.o
 .text.SystemCoreClockUpdate
                0x00000000       0xdc STM32_Exampe STM32_Exampe/system_stm32f1xx.o
 .text          0x00000000        0x0 STM32_Exampe STM32_Exampe/stm32f1xx_hal.o
 .data          0x00000000        0x0 STM32_Exampe STM32_Exampe/stm32f1xx_hal.o
 .bss           0x00000000        0x0 STM32_Exampe STM32_Exampe/stm32f1xx_hal.o
 .text.HAL_DeInit
                0x00000000       0x2c STM32_Exampe STM32_Exampe/stm32f1xx_hal.o
 .text.HAL_MspInit
                0x00000000        0x4 STM32_Exampe STM32_Exampe/stm32f1xx_hal.o
 .text.HAL_MspDeInit
                0x00000000        0x4 STM32_Exampe STM32_Exampe/stm32f1xx_hal.o
 .text.HAL_GetTickPrio
[...]
Memory Configuration

Name             Origin             Length             Attributes
UNPLACED_SECTIONS 0x00000000         0x00000000         xw
FLASH            0x08000000         0x00040000         xr
SYSTEM           0x1ffff000         0x00000800         xw
OPTION           0x1ffff800         0x00000010         xw
RAM              0x20000000         0x0000c000         xw
APB1             0x40000000         0x00010000         xw
APB2             0x40010000         0x00008000         xw
SDIO             0x40018000         0x00000400         xw
AHB              0x40020000         0x00003400         xw
FSMC             0xa0000000         0x00001000         xw
PCCARD           0x90000000         0x00000000         xw
NAND2            0x80000000         0x00000000         xw
NAND1            0x70000000         0x00000000         xw
NOR_PSRAM4       0x6c000000         0x00000000         xw
NOR_PSRAM3       0x68000000         0x00000000         xw
NOR_PSRAM2       0x64000000         0x00000000         xw
NOR_PSRAM1       0x60000000         0x00000000         xw
PPB              0xe0000000         0x00100000         xw
DBG              0xe0042000         0x00000010         xw
*default*        0x00000000         0xffffffff

Linker script and memory map

                0x08000000                        __FLASH_segment_start__ = 0x8000000
                0x08040000                        __FLASH_segment_end__ = 0x8040000
                0x00040000                        __FLASH_segment_size__ = 0x40000
                0x1ffff000                        __SYSTEM_segment_start__ = 0x1ffff000
                0x1ffff800                        __SYSTEM_segment_end__ = 0x1ffff800
                0x00000800                        __SYSTEM_segment_size__ = 0x800
                0x1ffff800                        __OPTION_segment_start__ = 0x1ffff800
                0x1ffff810                        __OPTION_segment_end__ = 0x1ffff810
                0x00000010                        __OPTION_segment_size__ = 0x10
                0x20000000                        __RAM_segment_start__ = 0x20000000
                0x2000c000                        __RAM_segment_end__ = 0x2000c000
                0x0000c000                        __RAM_segment_size__ = 0xc000
                0x40000000                        __APB1_segment_start__ = 0x40000000
                0x40010000                        __APB1_segment_end__ = 0x40010000
                0x00010000                        __APB1_segment_size__ = 0x10000
                0x40010000                        __APB2_segment_start__ = 0x40010000
                0x40018000                        __APB2_segment_end__ = 0x40018000
                0x00008000                        __APB2_segment_size__ = 0x8000
                0x40018000                        __SDIO_segment_start__ = 0x40018000
                0x40018400                        __SDIO_segment_end__ = 0x40018400
                0x00000400                        __SDIO_segment_size__ = 0x400
                0x40020000                        __AHB_segment_start__ = 0x40020000
                0x40023400                        __AHB_segment_end__ = 0x40023400
                0x00003400                        __AHB_segment_size__ = 0x3400
                0xa0000000                        __FSMC_segment_start__ = 0xa0000000
                0xa0001000                        __FSMC_segment_end__ = 0xa0001000
                0x00001000                        __FSMC_segment_size__ = 0x1000
                0x90000000                        __PCCARD_segment_start__ = 0x90000000
                0x90000000                        __PCCARD_segment_end__ = 0x90000000
                0x00000000                        __PCCARD_segment_size__ = 0x0
                0x80000000                        __NAND2_segment_start__ = 0x80000000
                0x80000000                        __NAND2_segment_end__ = 0x80000000
                0x00000000                        __NAND2_segment_size__ = 0x0
                0x70000000                        __NAND1_segment_start__ = 0x70000000
                0x70000000                        __NAND1_segment_end__ = 0x70000000
                0x00000000                        __NAND1_segment_size__ = 0x0
                0x6c000000                        __NOR_PSRAM4_segment_start__ = 0x6c000000
                0x6c000000                        __NOR_PSRAM4_segment_end__ = 0x6c000000
                0x00000000                        __NOR_PSRAM4_segment_size__ = 0x0
                0x68000000                        __NOR_PSRAM3_segment_start__ = 0x68000000
                0x68000000                        __NOR_PSRAM3_segment_end__ = 0x68000000
                0x00000000                        __NOR_PSRAM3_segment_size__ = 0x0
                0x64000000                        __NOR_PSRAM2_segment_start__ = 0x64000000
                0x64000000                        __NOR_PSRAM2_segment_end__ = 0x64000000
                0x00000000                        __NOR_PSRAM2_segment_size__ = 0x0
                0x60000000                        __NOR_PSRAM1_segment_start__ = 0x60000000
                0x60000000                        __NOR_PSRAM1_segment_end__ = 0x60000000
                0x00000000                        __NOR_PSRAM1_segment_size__ = 0x0
                0xe0000000                        __PPB_segment_start__ = 0xe0000000
                0xe0100000                        __PPB_segment_end__ = 0xe0100000
                0x00100000                        __PPB_segment_size__ = 0x100000
                0xe0042000                        __DBG_segment_start__ = 0xe0042000
                0xe0042010                        __DBG_segment_end__ = 0xe0042010
                0x00000010                        __DBG_segment_size__ = 0x10
                0x00000080                        __HEAPSIZE__ = 0x80
                0x00000000                        __STACKSIZE_ABT__ = 0x0
                0x00000000                        __STACKSIZE_FIQ__ = 0x0
                0x00000000                        __STACKSIZE_IRQ__ = 0x0
                0x00000000                        __STACKSIZE_PROCESS__ = 0x0
                0x00000000                        __STACKSIZE_SVC__ = 0x0
                0x00000000                        __STACKSIZE_UND__ = 0x0
                0x00000100                        __STACKSIZE__ = 0x100
                0x00000000                        __do_debug_operation = __do_debug_operation_mempoll
                0x00000000                        __vfprintf = __vfprintf_float_long_long
                0x00000000                        __vfscanf = __vfscanf_float_long_long_cc
                0x20000000                        __vectors_ram_load_start__ = ALIGN (__RAM_segment_start__, 0x100)

.vectors_ram    0x20000000        0x0
                0x20000000                        __vectors_ram_start__ = .
 *(.vectors_ram .vectors_ram.*)
                0x20000000                        __vectors_ram_end__ = (__vectors_ram_start__ + SIZEOF (.vectors_ram))
                0x00000000                        __vectors_ram_size__ = SIZEOF (.vectors_ram)
                0x20000000                        __vectors_ram_load_end__ = __vectors_ram_end__
                0x00000001                        . = ASSERT (((__vectors_ram_start__ == __vectors_ram_end__) || ((__vectors_ram_end__ - __RAM_segment_start__) <= __RAM_segment_size__)), error: .vectors_ram is too large to fit in RAM memory segment)
                0x08000000                        __vectors_load_start__ = ALIGN (__FLASH_segment_start__, 0x100)

.vectors        0x08000000      0x130
                0x08000000                        __vectors_start__ = .
 *(.vectors .vectors.*)
 .vectors       0x08000000      0x130 STM32_Exampe STM32_Exampe/STM32_Startup.o
                0x08000000                _vectors
                0x08000000                __vector_table
                0x08000000                g_pfnVectors
                0x08000130                        __vectors_end__ = (__vectors_start__ + SIZEOF (.vectors))
                0x00000130                        __vectors_size__ = SIZEOF (.vectors)
                0x08000130                        __vectors_load_end__ = __vectors_end__
                0x00000001                        . = ASSERT (((__vectors_start__ == __vectors_end__) || ((__vectors_end__ - __FLASH_segment_start__) <= __FLASH_segment_size__)), error: .vectors is too large to fit in FLASH memory segment)
                0x08000130                        __init_load_start__ = ALIGN (__vectors_end__, 0x4)

.init           0x08000130      0x214
                0x08000130                        __init_start__ = .
 *(.init .init.*)
 .init          0x08000130       0xac STM32_Exampe STM32_Exampe/STM32_Startup.o
                0x08000142                WWDG_IRQHandler
                0x08000144                PVD_IRQHandler
                0x08000146                TAMPER_IRQHandler
                0x08000148                RTC_IRQHandler
                0x0800014a                FLASH_IRQHandler
                0x0800014c                RCC_IRQHandler
                0x0800014e                EXTI0_IRQHandler
                0x08000150                EXTI1_IRQHandler
                0x08000152                EXTI2_IRQHandler
                0x08000154                EXTI3_IRQHandler
                0x08000156                EXTI4_IRQHandler
                0x08000158                DMA1_Channel1_IRQHandler
                0x0800015a                DMA1_Channel2_IRQHandler
                0x0800015c                DMA1_Channel3_IRQHandler
                0x0800015e                DMA1_Channel4_IRQHandler
                0x08000160                DMA1_Channel5_IRQHandler
                0x08000162                DMA1_Channel6_IRQHandler
                0x08000164                DMA1_Channel7_IRQHandler
                0x08000166                ADC1_2_IRQHandler
                0x08000168                USB_HP_CAN1_TX_IRQHandler
                0x0800016a                USB_LP_CAN1_RX0_IRQHandler
                0x0800016c                CAN1_RX1_IRQHandler
                0x0800016e                CAN1_SCE_IRQHandler
                0x08000170                EXTI9_5_IRQHandler
                0x08000172                TIM1_BRK_IRQHandler
                0x08000174                TIM1_UP_IRQHandler
                0x08000176                TIM1_TRG_COM_IRQHandler
                0x08000178                TIM1_CC_IRQHandler
                0x0800017a                TIM2_IRQHandler
                0x0800017c                TIM3_IRQHandler
                0x0800017e                TIM4_IRQHandler
                0x08000180                I2C1_EV_IRQHandler
                0x08000182                I2C1_ER_IRQHandler
                0x08000184                I2C2_EV_IRQHandler
                0x08000186                I2C2_ER_IRQHandler
                0x08000188                SPI1_IRQHandler
                0x0800018a                SPI2_IRQHandler
                0x0800018c                USART1_IRQHandler
                0x0800018e                USART2_IRQHandler
                0x08000190                USART3_IRQHandler
                0x08000192                EXTI15_10_IRQHandler
                0x08000194                RTC_Alarm_IRQHandler
                0x08000196                USBWakeUp_IRQHandler
                0x08000198                TIM8_BRK_IRQHandler
                0x0800019a                TIM8_UP_IRQHandler
                0x0800019c                TIM8_TRG_COM_IRQHandler
                0x0800019e                TIM8_CC_IRQHandler
                0x080001a0                ADC3_IRQHandler
                0x080001a2                FSMC_IRQHandler
                0x080001a4                SDIO_IRQHandler
                0x080001a6                TIM5_IRQHandler
                0x080001a8                SPI3_IRQHandler
                0x080001aa                UART4_IRQHandler
                0x080001ac                UART5_IRQHandler
                0x080001ae                TIM6_IRQHandler
                0x080001b0                TIM7_IRQHandler
                0x080001b2                DMA2_Channel1_IRQHandler
                0x080001b4                DMA2_Channel2_IRQHandler
                0x080001b6                DMA2_Channel3_IRQHandler
                0x080001b8                DMA2_Channel4_5_IRQHandler
                0x080001ba                reset_handler
 .init          0x080001dc      0x168 STM32_Exampe STM32_Exampe/thumb_crt0.o
                0x080001dc                _start
                0x08000286                _Exit
                0x08000286                exit
                0x08000344                        __init_end__ = (__init_start__ + SIZEOF (.init))
                0x00000214                        __init_size__ = SIZEOF (.init)
                0x08000344                        __init_load_end__ = __init_end__
                0x00000001                        . = ASSERT (((__init_start__ == __init_end__) || ((__init_end__ - __FLASH_segment_start__) <= __FLASH_segment_size__)), error: .init is too large to fit in FLASH memory segment)
                0x08000344                        __init_rodata_load_start__ = ALIGN (__init_end__, 0x4)

.init_rodata    0x08000344        0x0
                0x08000344                        __init_rodata_start__ = .
 *(.init_rodata .init_rodata.*)
                0x08000344                        __init_rodata_end__ = (__init_rodata_start__ + SIZEOF (.init_rodata))
                0x00000000                        __init_rodata_size__ = SIZEOF (.init_rodata)
                0x08000344                        __init_rodata_load_end__ = __init_rodata_end__
                0x00000001                        . = ASSERT (((__init_rodata_start__ == __init_rodata_end__) || ((__init_rodata_end__ - __FLASH_segment_start__) <= __FLASH_segment_size__)), error: .init_rodata is too large to fit in FLASH memory segment)
                0x08000344                        __text_load_start__ = ALIGN (__init_rodata_end__, 0x4)

.text           0x08000344     0x1230
                0x08000344                        __text_start__ = .
 *(.text .text.* .gnu.linkonce.t.* .glue_7t .glue_7 .gcc_except_table .ARM.extab* .gnu.linkonce.armextab.*)
 .glue_7        0x08000344        0x0 linker stubs
 .glue_7t       0x08000344        0x0 linker stubs
 .text.main     0x08000344       0x22 STM32_Exampe STM32_Exampe/main.o
                0x08000344                main
 .text.SystemClock_Config
                0x08000366       0x7a STM32_Exampe STM32_Exampe/main.o
                0x08000366                SystemClock_Config
 .text.MX_SPI1_Init
                0x080003e0       0x6c STM32_Exampe STM32_Exampe/main.o
 .text.MX_GPIO_Init
                0x0800044c       0x3c STM32_Exampe STM32_Exampe/main.o
 .text.Error_Handler
                0x08000488        0x6 STM32_Exampe STM32_Exampe/main.o
                0x08000488                Error_Handler
 *fill*         0x0800048e        0x2 
 .text.HAL_MspInit
                0x08000490       0x5c STM32_Exampe STM32_Exampe/stm32f1xx_hal_msp.o
                0x08000490                HAL_MspInit
 .text.HAL_SPI_MspInit
                0x080004ec       0x98 STM32_Exampe STM32_Exampe/stm32f1xx_hal_msp.o
                0x080004ec                HAL_SPI_MspInit
 .text.NMI_Handler
                0x08000584        0x2 STM32_Exampe STM32_Exampe/stm32f1xx_it.o
                0x08000584                NMI_Handler
 .text.HardFault_Handler
                0x08000586        0x2 STM32_Exampe STM32_Exampe/stm32f1xx_it.o
                0x08000586                HardFault_Handler
 .text.MemManage_Handler
                0x08000588        0x2 STM32_Exampe STM32_Exampe/stm32f1xx_it.o
                0x08000588                MemManage_Handler
 .text.BusFault_Handler
                0x0800058a        0x2 STM32_Exampe STM32_Exampe/stm32f1xx_it.o
                0x0800058a                BusFault_Handler
 .text.UsageFault_Handler
                0x0800058c        0x2 STM32_Exampe STM32_Exampe/stm32f1xx_it.o
                0x0800058c                UsageFault_Handler
 .text.SVC_Handler
                0x0800058e        0x4 STM32_Exampe STM32_Exampe/stm32f1xx_it.o
                0x0800058e                SVC_Handler
 .text.DebugMon_Handler
                0x08000592        0x4 STM32_Exampe STM32_Exampe/stm32f1xx_it.o
                0x08000592                DebugMon_Handler
 .text.PendSV_Handler
                0x08000596        0x4 STM32_Exampe STM32_Exampe/stm32f1xx_it.o
                0x08000596                PendSV_Handler
 .text.SysTick_Handler
                0x0800059a        0xa STM32_Exampe STM32_Exampe/stm32f1xx_it.o
                0x0800059a                SysTick_Handler
 .text.sendStart
                0x080005a4       0x14 STM32_Exampe STM32_Exampe/APA102.o
 .text.sendStop
                0x080005b8        0x4 STM32_Exampe STM32_Exampe/APA102.o
 .text.SPI_BlockSend
                0x080005bc       0x3e STM32_Exampe STM32_Exampe/APA102.o
 .text.APA_Init
                0x080005fa       0x24 STM32_Exampe STM32_Exampe/APA102.o
                0x080005fa                APA_Init
 *fill*         0x0800061e        0x2 
 .text.APA_sendBuffer
                0x08000620       0x1c STM32_Exampe STM32_Exampe/APA102.o
                0x08000620                APA_sendBuffer
 .text.APA_SetRange
                0x0800063c       0xac STM32_Exampe STM32_Exampe/APA102.o
                0x0800063c                APA_SetRange
 .text.SystemInit
                0x080006e8        0x4 STM32_Exampe STM32_Exampe/system_stm32f1xx.o
                0x080006e8                SystemInit
 .text.HAL_Init
                0x080006ec       0x28 STM32_Exampe STM32_Exampe/stm32f1xx_hal.o
                0x080006ec                HAL_Init
 .text.HAL_InitTick
                0x08000714       0x60 STM32_Exampe STM32_Exampe/stm32f1xx_hal.o
                0x08000714                HAL_InitTick
 .text.HAL_IncTick
                0x08000774       0x1c STM32_Exampe STM32_Exampe/stm32f1xx_hal.o
                0x08000774                HAL_IncTick
 .text.HAL_GetTick
                0x08000790        0xc STM32_Exampe STM32_Exampe/stm32f1xx_hal.o
                0x08000790                HAL_GetTick
 .text.__NVIC_SetPriorityGrouping
                0x0800079c       0x40 STM32_Exampe STM32_Exampe/stm32f1xx_hal_cortex.o
 .text.__NVIC_GetPriorityGrouping
                0x080007dc       0x14 STM32_Exampe STM32_Exampe/stm32f1xx_hal_cortex.o
 .text.__NVIC_SetPriority
                0x080007f0       0x50 STM32_Exampe STM32_Exampe/stm32f1xx_hal_cortex.o
 .text.NVIC_EncodePriority
                0x08000840       0x58 STM32_Exampe STM32_Exampe/stm32f1xx_hal_cortex.o
 .text.SysTick_Config
                0x08000898       0x40 STM32_Exampe STM32_Exampe/stm32f1xx_hal_cortex.o
 .text.HAL_NVIC_SetPriorityGrouping
                0x080008d8       0x14 STM32_Exampe STM32_Exampe/stm32f1xx_hal_cortex.o
                0x080008d8                HAL_NVIC_SetPriorityGrouping
 .text.HAL_NVIC_SetPriority
                0x080008ec       0x38 STM32_Exampe STM32_Exampe/stm32f1xx_hal_cortex.o
                0x080008ec                HAL_NVIC_SetPriority
 .text.HAL_SYSTICK_Config
                0x08000924       0x16 STM32_Exampe STM32_Exampe/stm32f1xx_hal_cortex.o
                0x08000924                HAL_SYSTICK_Config
 *fill*         0x0800093a        0x2 
 .text.HAL_GPIO_Init
                0x0800093c      0x320 STM32_Exampe STM32_Exampe/stm32f1xx_hal_gpio.o
                0x0800093c                HAL_GPIO_Init
 .text.HAL_RCC_OscConfig
                0x08000c5c      0x508 STM32_Exampe STM32_Exampe/stm32f1xx_hal_rcc.o
                0x08000c5c                HAL_RCC_OscConfig
 .text.HAL_RCC_ClockConfig
                0x08001164      0x1d0 STM32_Exampe STM32_Exampe/stm32f1xx_hal_rcc.o
                0x08001164                HAL_RCC_ClockConfig
 .text.HAL_RCC_GetSysClockFreq
                0x08001334       0xa0 STM32_Exampe STM32_Exampe/stm32f1xx_hal_rcc.o
                0x08001334                HAL_RCC_GetSysClockFreq
 .text.RCC_Delay
                0x080013d4       0x34 STM32_Exampe STM32_Exampe/stm32f1xx_hal_rcc.o
 .text.HAL_SPI_Init
                0x08001408      0x106 STM32_Exampe STM32_Exampe/stm32f1xx_hal_spi.o
                0x08001408                HAL_SPI_Init
 .text.libc.memset
                0x0800150e       0x66 /usr/share/crossworks_for_arm_5.3/lib/libc_v7m_t_le_eabi.a(libc2_asm.o)
                0x0800150e                memset
                0x08001574                        __text_end__ = (__text_start__ + SIZEOF (.text))
                0x00001230                        __text_size__ = SIZEOF (.text)
                0x08001574                        __text_load_end__ = __text_end__

.vfp11_veneer   0x00000000        0x0
 .vfp11_veneer  0x00000000        0x0 linker stubs

.v4_bx          0x00000000        0x0
 .v4_bx         0x00000000        0x0 linker stubs

.iplt           0x00000000        0x0
 .iplt          0x00000000        0x0 STM32_Exampe STM32_Exampe/main.o
                0x00000001                        . = ASSERT (((__text_start__ == __text_end__) || ((__text_end__ - __FLASH_segment_start__) <= __FLASH_segment_size__)), error: .text is too large to fit in FLASH memory segment)
                0x08001574                        __dtors_load_start__ = ALIGN (__text_end__, 0x4)

.dtors          0x08001574        0x0
                0x08001574                        __dtors_start__ = .
 *(SORT_BY_NAME(.dtors.*))
 *(.dtors)
 *(.fini_array)
 *(SORT_BY_NAME(.fini_array.*))
                0x08001574                        __dtors_end__ = (__dtors_start__ + SIZEOF (.dtors))
                0x00000000                        __dtors_size__ = SIZEOF (.dtors)
                0x08001574                        __dtors_load_end__ = __dtors_end__
                0x00000001                        . = ASSERT (((__dtors_start__ == __dtors_end__) || ((__dtors_end__ - __FLASH_segment_start__) <= __FLASH_segment_size__)), error: .dtors is too large to fit in FLASH memory segment)
                0x08001574                        __ctors_load_start__ = ALIGN (__dtors_end__, 0x4)

.ctors          0x08001574        0x0
                0x08001574                        __ctors_start__ = .
 *(SORT_BY_NAME(.ctors.*))
 *(.ctors)
 *(.init_array)
 *(SORT_BY_NAME(.init_array.*))
                0x08001574                        __ctors_end__ = (__ctors_start__ + SIZEOF (.ctors))
                0x00000000                        __ctors_size__ = SIZEOF (.ctors)
                0x08001574                        __ctors_load_end__ = __ctors_end__
                0x00000001                        . = ASSERT (((__ctors_start__ == __ctors_end__) || ((__ctors_end__ - __FLASH_segment_start__) <= __FLASH_segment_size__)), error: .ctors is too large to fit in FLASH memory segment)
                0x08001574                        __rodata_load_start__ = ALIGN (__ctors_end__, 0x4)

.rodata         0x08001574       0x22
                0x08001574                        __rodata_start__ = .
 *(.rodata .rodata.* .gnu.linkonce.r.* .data.rel.ro .data.rel.ro.*)
 .rodata.AHBPrescTable
                0x08001574       0x10 STM32_Exampe STM32_Exampe/system_stm32f1xx.o
                0x08001574                AHBPrescTable
 .rodata.aPLLMULFactorTable.1
                0x08001584       0x10 STM32_Exampe STM32_Exampe/stm32f1xx_hal_rcc.o
 .rodata.aPredivFactorTable.0
                0x08001594        0x2 STM32_Exampe STM32_Exampe/stm32f1xx_hal_rcc.o
                0x08001596                        __rodata_end__ = (__rodata_start__ + SIZEOF (.rodata))
                0x00000022                        __rodata_size__ = SIZEOF (.rodata)
                0x08001596                        __rodata_load_end__ = __rodata_end__

.rel.dyn        0x08000000        0x0
 .rel.iplt      0x08000000        0x0 STM32_Exampe STM32_Exampe/main.o
                0x00000001                        . = ASSERT (((__rodata_start__ == __rodata_end__) || ((__rodata_end__ - __FLASH_segment_start__) <= __FLASH_segment_size__)), error: .rodata is too large to fit in FLASH memory segment)
                0x08001598                        __ARM.exidx_load_start__ = ALIGN (__rodata_end__, 0x4)

.ARM.exidx      0x08001598        0x0
                0x08001598                        __ARM.exidx_start__ = .
                0x08001598                        __exidx_start = __ARM.exidx_start__
 *(.ARM.exidx .ARM.exidx.*)
                0x08001598                        __ARM.exidx_end__ = (__ARM.exidx_start__ + SIZEOF (.ARM.exidx))
                0x00000000                        __ARM.exidx_size__ = SIZEOF (.ARM.exidx)
                0x08001598                        __exidx_end = __ARM.exidx_end__
                0x08001598                        __ARM.exidx_load_end__ = __ARM.exidx_end__
                0x00000001                        . = ASSERT (((__ARM.exidx_start__ == __ARM.exidx_end__) || ((__ARM.exidx_end__ - __FLASH_segment_start__) <= __FLASH_segment_size__)), error: .ARM.exidx is too large to fit in FLASH memory segment)
                0x08001598                        __fast_load_start__ = ALIGN (__ARM.exidx_end__, 0x4)

.fast           0x20000000        0x0 load address 0x08001598
                0x20000000                        __fast_start__ = .
 *(.fast .fast.*)
                0x20000000                        __fast_end__ = (__fast_start__ + SIZEOF (.fast))
                0x00000000                        __fast_size__ = SIZEOF (.fast)
                0x08001598                        __fast_load_end__ = (__fast_load_start__ + SIZEOF (.fast))
                0x00000001                        . = ASSERT (((__fast_load_start__ == __fast_load_end__) || ((__fast_load_end__ - __FLASH_segment_start__) <= __FLASH_segment_size__)), error: .fast is too large to fit in FLASH memory segment)

.fast_run       0x20000000        0x0
                0x20000000                        __fast_run_start__ = .
                0x20000000                        __fast_run_end__ = (__fast_run_start__ + SIZEOF (.fast))
                0x00000000                        __fast_run_size__ = (__fast_run_end__ - __fast_run_start__)
                0x20000000                        __fast_run_load_end__ = __fast_run_end__
                0x00000001                        . = ASSERT (((__fast_run_start__ == __fast_run_end__) || ((__fast_run_end__ - __RAM_segment_start__) <= __RAM_segment_size__)), error: .fast_run is too large to fit in RAM memory segment)
                0x08001598                        __data_load_start__ = ALIGN ((__fast_load_start__ + SIZEOF (.fast)), 0x4)

.data           0x20000000        0x9 load address 0x08001598
                0x20000000                        __data_start__ = .
 *(.data .data.* .gnu.linkonce.d.*)
 .data.SystemCoreClock
                0x20000000        0x4 STM32_Exampe STM32_Exampe/system_stm32f1xx.o
                0x20000000                SystemCoreClock
 .data.uwTickPrio
                0x20000004        0x4 STM32_Exampe STM32_Exampe/stm32f1xx_hal.o
                0x20000004                uwTickPrio
 .data.uwTickFreq
                0x20000008        0x1 STM32_Exampe STM32_Exampe/stm32f1xx_hal.o
                0x20000008                uwTickFreq
                0x20000009                        __data_end__ = (__data_start__ + SIZEOF (.data))
                0x00000009                        __data_size__ = SIZEOF (.data)
                0x080015a1                        __data_load_end__ = (__data_load_start__ + SIZEOF (.data))

.igot.plt       0x00000000        0x0
 .igot.plt      0x00000000        0x0 STM32_Exampe STM32_Exampe/main.o
                0x00000001                        . = ASSERT (((__data_load_start__ == __data_load_end__) || ((__data_load_end__ - __FLASH_segment_start__) <= __FLASH_segment_size__)), error: .data is too large to fit in FLASH memory segment)

.data_run       0x20000000        0x0
                0x20000000                        __data_run_start__ = .
                0x20000009                        __data_run_end__ = (__data_run_start__ + SIZEOF (.data))
                0x00000009                        __data_run_size__ = (__data_run_end__ - __data_run_start__)
                0x20000009                        __data_run_load_end__ = __data_run_end__
                0x00000001                        . = ASSERT (((__data_run_start__ == __data_run_end__) || ((__data_run_end__ - __RAM_segment_start__) <= __RAM_segment_size__)), error: .data_run is too large to fit in RAM memory segment)
                0x2000000c                        __bss_load_start__ = ALIGN (__data_run_end__, 0x4)

.bss            0x2000000c       0xd8
                0x2000000c                        __bss_start__ = .
 *(.bss .bss.* .gnu.linkonce.b.*)
 .bss.hspi1     0x2000000c       0x58 STM32_Exampe STM32_Exampe/main.o
                0x2000000c                hspi1
 .bss.led_buffer
                0x20000064       0x78 STM32_Exampe STM32_Exampe/APA102.o
 .bss.startSignal
                0x200000dc        0x4 STM32_Exampe STM32_Exampe/APA102.o
 .bss.uwTick    0x200000e0        0x4 STM32_Exampe STM32_Exampe/stm32f1xx_hal.o
                0x200000e0                uwTick
 *(COMMON)
                0x200000e4                        __bss_end__ = (__bss_start__ + SIZEOF (.bss))
                0x000000d8                        __bss_size__ = SIZEOF (.bss)
                0x200000e4                        __bss_load_end__ = __bss_end__
                0x00000001                        . = ASSERT (((__bss_start__ == __bss_end__) || ((__bss_end__ - __RAM_segment_start__) <= __RAM_segment_size__)), error: .bss is too large to fit in RAM memory segment)
                0x200000e4                        __tbss_load_start__ = ALIGN (__bss_end__, 0x4)

.tbss           0x200000e4        0x0
                0x200000e4                        __tbss_start__ = .
 *(.tbss .tbss.*)
                0x200000e4                        __tbss_end__ = (__tbss_start__ + SIZEOF (.tbss))
                0x00000000                        __tbss_size__ = SIZEOF (.tbss)
                0x200000e4                        __tbss_load_end__ = __tbss_end__
                0x00000001                        . = ASSERT (((__tbss_start__ == __tbss_end__) || ((__tbss_end__ - __RAM_segment_start__) <= __RAM_segment_size__)), error: .tbss is too large to fit in RAM memory segment)
                0x080015a4                        __tdata_load_start__ = ALIGN ((__data_load_start__ + SIZEOF (.data)), 0x4)

.tdata          0x200000e4        0x0 load address 0x080015a4
                0x200000e4                        __tdata_start__ = .
 *(.tdata .tdata.*)
                0x200000e4                        __tdata_end__ = (__tdata_start__ + SIZEOF (.tdata))
                0x00000000                        __tdata_size__ = SIZEOF (.tdata)
                0x080015a4                        __tdata_load_end__ = (__tdata_load_start__ + SIZEOF (.tdata))
                0x080015a4                        __FLASH_segment_used_end__ = (ALIGN ((__data_load_start__ + SIZEOF (.data)), 0x4) + SIZEOF (.tdata))
                0x000015a4                        __FLASH_segment_used_size__ = (__FLASH_segment_used_end__ - __FLASH_segment_start__)
                0x00000001                        . = ASSERT (((__tdata_load_start__ == __tdata_load_end__) || ((__tdata_load_end__ - __FLASH_segment_start__) <= __FLASH_segment_size__)), error: .tdata is too large to fit in FLASH memory segment)

.tdata_run      0x200000e4        0x0
                0x200000e4                        __tdata_run_start__ = .
                0x200000e4                        __tdata_run_end__ = (__tdata_run_start__ + SIZEOF (.tdata))
                0x00000000                        __tdata_run_size__ = (__tdata_run_end__ - __tdata_run_start__)
                0x200000e4                        __tdata_run_load_end__ = __tdata_run_end__
                0x00000001                        . = ASSERT (((__tdata_run_start__ == __tdata_run_end__) || ((__tdata_run_end__ - __RAM_segment_start__) <= __RAM_segment_size__)), error: .tdata_run is too large to fit in RAM memory segment)
                0x200000e4                        __non_init_load_start__ = ALIGN (__tdata_run_end__, 0x4)

.non_init       0x200000e4        0x0
                0x200000e4                        __non_init_start__ = .
 *(.non_init .non_init.*)
                0x200000e4                        __non_init_end__ = (__non_init_start__ + SIZEOF (.non_init))
                0x00000000                        __non_init_size__ = SIZEOF (.non_init)
                0x200000e4                        __non_init_load_end__ = __non_init_end__
                0x00000001                        . = ASSERT (((__non_init_start__ == __non_init_end__) || ((__non_init_end__ - __RAM_segment_start__) <= __RAM_segment_size__)), error: .non_init is too large to fit in RAM memory segment)
                0x200000e4                        __noinit_load_start__ = ALIGN (__non_init_end__, 0x4)

.noinit         0x200000e4        0x0
                0x200000e4                        __noinit_start__ = .
 *(.noinit .noinit.*)
                0x200000e4                        __noinit_end__ = (__noinit_start__ + SIZEOF (.noinit))
                0x00000000                        __noinit_size__ = SIZEOF (.noinit)
                0x200000e4                        __noinit_load_end__ = __noinit_end__
                0x00000001                        . = ASSERT (((__noinit_start__ == __noinit_end__) || ((__noinit_end__ - __RAM_segment_start__) <= __RAM_segment_size__)), error: .noinit is too large to fit in RAM memory segment)
                0x200000e8                        __heap_load_start__ = ALIGN (__noinit_end__, 0x8)

.heap           0x200000e8       0x80
                0x200000e8                        __heap_start__ = .
 *(.heap .heap.*)
                0x20000168                        . = ALIGN (MAX ((__heap_start__ + __HEAPSIZE__), .), 0x8)
 *fill*         0x200000e8       0x80 
                0x20000168                        __heap_end__ = (__heap_start__ + SIZEOF (.heap))
                0x00000080                        __heap_size__ = SIZEOF (.heap)
                0x20000168                        __heap_load_end__ = __heap_end__
                0x00000001                        . = ASSERT (((__heap_start__ == __heap_end__) || ((__heap_end__ - __RAM_segment_start__) <= __RAM_segment_size__)), error: .heap is too large to fit in RAM memory segment)
                0x00000001                        . = ASSERT ((__HEAPSIZE__ == ALIGN (__HEAPSIZE__, 0x8)), error: .heap section size does not match alignment)
                0x00000001                        . = ASSERT ((__heap_size__ <= __HEAPSIZE__), error: .heap section is larger than specified size)
                0x20000168                        __stack_load_start__ = ALIGN (__heap_end__, 0x8)

.stack          0x20000168      0x100
                0x20000168                        __stack_start__ = .
 *(.stack .stack.*)
                0x20000268                        . = ALIGN (MAX ((__stack_start__ + __STACKSIZE__), .), 0x8)
 *fill*         0x20000168      0x100 
                0x20000268                        __stack_end__ = (__stack_start__ + SIZEOF (.stack))
                0x00000100                        __stack_size__ = SIZEOF (.stack)
                0x20000268                        __stack_load_end__ = __stack_end__
                0x00000001                        . = ASSERT (((__stack_start__ == __stack_end__) || ((__stack_end__ - __RAM_segment_start__) <= __RAM_segment_size__)), error: .stack is too large to fit in RAM memory segment)
                0x00000001                        . = ASSERT ((__STACKSIZE__ == ALIGN (__STACKSIZE__, 0x8)), error: .stack section size does not match alignment)
                0x00000001                        . = ASSERT ((__stack_size__ <= __STACKSIZE__), error: .stack section is larger than specified size)
                0x20000268                        __stack_process_load_start__ = ALIGN (__stack_end__, 0x8)

.stack_process  0x20000268        0x0
                0x20000268                        __stack_process_start__ = .
 *(.stack_process .stack_process.*)
                0x20000268                        . = ALIGN (MAX ((__stack_process_start__ + __STACKSIZE_PROCESS__), .), 0x8)
                0x20000268                        __stack_process_end__ = (__stack_process_start__ + SIZEOF (.stack_process))
                0x00000000                        __stack_process_size__ = SIZEOF (.stack_process)
                0x20000268                        __stack_process_load_end__ = __stack_process_end__
                0x20000268                        __RAM_segment_used_end__ = (ALIGN (__stack_end__, 0x8) + SIZEOF (.stack_process))
                0x00000268                        __RAM_segment_used_size__ = (__RAM_segment_used_end__ - __RAM_segment_start__)
                0x00000001                        . = ASSERT (((__stack_process_start__ == __stack_process_end__) || ((__stack_process_end__ - __RAM_segment_start__) <= __RAM_segment_size__)), error: .stack_process is too large to fit in RAM memory segment)
                0x00000001                        . = ASSERT ((__STACKSIZE_PROCESS__ == ALIGN (__STACKSIZE_PROCESS__, 0x8)), error: .stack_process section size does not match alignment)
                0x00000001                        . = ASSERT ((__stack_process_size__ <= __STACKSIZE_PROCESS__), error: .stack_process section is larger than specified size)
                0x00000100                        __STACKSIZE__ = 0x100
                0x00000000                        __STACKSIZE_PROCESS__ = 0x0
                0x00000000                        __STACKSIZE_IRQ__ = 0x0
                0x00000000                        __STACKSIZE_FIQ__ = 0x0
                0x00000000                        __STACKSIZE_SVC__ = 0x0
                0x00000000                        __STACKSIZE_ABT__ = 0x0
                0x00000000                        __STACKSIZE_UND__ = 0x0
                0x00000080                        __HEAPSIZE__ = 0x80
                0x00000000                        __do_debug_operation = __do_debug_operation_mempoll
                0x00000000                        __vfprintf = __vfprintf_float_long_long
                0x00000000                        __vfscanf = __vfscanf_float_long_long_cc
START GROUP
LOAD STM32_Exampe STM32_Exampe/main.o
LOAD STM32_Exampe STM32_Exampe/stm32f1xx_hal_msp.o
LOAD STM32_Exampe STM32_Exampe/stm32f1xx_it.o
LOAD STM32_Exampe STM32_Exampe/APA102.o
LOAD STM32_Exampe STM32_Exampe/system_stm32f1xx.o
LOAD STM32_Exampe STM32_Exampe/stm32f1xx_hal.o
LOAD STM32_Exampe STM32_Exampe/stm32f1xx_hal_cortex.o
LOAD STM32_Exampe STM32_Exampe/stm32f1xx_hal_dma.o
LOAD STM32_Exampe STM32_Exampe/stm32f1xx_hal_exti.o
LOAD STM32_Exampe STM32_Exampe/stm32f1xx_hal_flash.o
LOAD STM32_Exampe STM32_Exampe/stm32f1xx_hal_flash_ex.o
LOAD STM32_Exampe STM32_Exampe/stm32f1xx_hal_gpio.o
LOAD STM32_Exampe STM32_Exampe/stm32f1xx_hal_gpio_ex.o
LOAD STM32_Exampe STM32_Exampe/stm32f1xx_hal_pwr.o
LOAD STM32_Exampe STM32_Exampe/stm32f1xx_hal_rcc.o
LOAD STM32_Exampe STM32_Exampe/stm32f1xx_hal_rcc_ex.o
LOAD STM32_Exampe STM32_Exampe/stm32f1xx_hal_spi.o
LOAD STM32_Exampe STM32_Exampe/STM32_Startup.o
LOAD STM32_Exampe STM32_Exampe/thumb_crt0.o
LOAD /usr/share/crossworks_for_arm_5.3/lib/libm_v7m_t_le_eabi.a
LOAD /usr/share/crossworks_for_arm_5.3/lib/libc_v7m_t_le_eabi.a
LOAD /usr/share/crossworks_for_arm_5.3/lib/libdebugio_v7m_t_le_eabi.a
LOAD /usr/share/crossworks_for_arm_5.3/lib/libcm_v7m_t_le_eabi.a
END GROUP
OUTPUT(/home/jennifer/repos/APA102_LED_Driver/Test-Projects/STM32_Exampe/EWARM/STM32_Exampe STM32_Exampe/STM32_Exampe.elf elf32-littlearm)
LOAD linker stubs

.debug_info     0x00000000     0x503a
 .debug_info    0x00000000      0x8d0 STM32_Exampe STM32_Exampe/main.o
 .debug_info    0x000008d0      0x898 STM32_Exampe STM32_Exampe/stm32f1xx_hal_msp.o
 .debug_info    0x00001168      0x11e STM32_Exampe STM32_Exampe/stm32f1xx_it.o
 .debug_info    0x00001286      0x4db STM32_Exampe STM32_Exampe/APA102.o
 .debug_info    0x00001761      0x221 STM32_Exampe STM32_Exampe/system_stm32f1xx.o
 .debug_info    0x00001982      0x78a STM32_Exampe STM32_Exampe/stm32f1xx_hal.o
 .debug_info    0x0000210c      0xb5e STM32_Exampe STM32_Exampe/stm32f1xx_hal_cortex.o
 .debug_info    0x00002c6a      0x5f9 STM32_Exampe STM32_Exampe/stm32f1xx_hal_gpio.o
 .debug_info    0x00003263      0x83d STM32_Exampe STM32_Exampe/stm32f1xx_hal_rcc.o
 .debug_info    0x00003aa0     0x1554 STM32_Exampe STM32_Exampe/stm32f1xx_hal_spi.o
 .debug_info    0x00004ff4       0x24 STM32_Exampe STM32_Exampe/STM32_Startup.o
 .debug_info    0x00005018       0x22 STM32_Exampe STM32_Exampe/thumb_crt0.o

.debug_abbrev   0x00000000     0x131f
 .debug_abbrev  0x00000000      0x23a STM32_Exampe STM32_Exampe/main.o
 .debug_abbrev  0x0000023a      0x19b STM32_Exampe STM32_Exampe/stm32f1xx_hal_msp.o
 .debug_abbrev  0x000003d5       0x74 STM32_Exampe STM32_Exampe/stm32f1xx_it.o
 .debug_abbrev  0x00000449      0x1c4 STM32_Exampe STM32_Exampe/APA102.o
 .debug_abbrev  0x0000060d      0x13b STM32_Exampe STM32_Exampe/system_stm32f1xx.o
 .debug_abbrev  0x00000748      0x1fb STM32_Exampe STM32_Exampe/stm32f1xx_hal.o
 .debug_abbrev  0x00000943      0x2ed STM32_Exampe STM32_Exampe/stm32f1xx_hal_cortex.o
 .debug_abbrev  0x00000c30      0x1bb STM32_Exampe STM32_Exampe/stm32f1xx_hal_gpio.o
 .debug_abbrev  0x00000deb      0x2a8 STM32_Exampe STM32_Exampe/stm32f1xx_hal_rcc.o
 .debug_abbrev  0x00001093      0x266 STM32_Exampe STM32_Exampe/stm32f1xx_hal_spi.o
 .debug_abbrev  0x000012f9       0x14 STM32_Exampe STM32_Exampe/STM32_Startup.o
 .debug_abbrev  0x0000130d       0x12 STM32_Exampe STM32_Exampe/thumb_crt0.o

.debug_pubnames
                0x00000000     0x1e02
 .debug_pubnames
                0x00000000      0x11b STM32_Exampe STM32_Exampe/main.o
 .debug_pubnames
                0x0000011b       0x72 STM32_Exampe STM32_Exampe/stm32f1xx_hal_msp.o
 .debug_pubnames
                0x0000018d       0xd6 STM32_Exampe STM32_Exampe/stm32f1xx_it.o
 .debug_pubnames
                0x00000263      0x141 STM32_Exampe STM32_Exampe/APA102.o
 .debug_pubnames
                0x000003a4       0x85 STM32_Exampe STM32_Exampe/system_stm32f1xx.o
 .debug_pubnames
                0x00000429      0x816 STM32_Exampe STM32_Exampe/stm32f1xx_hal.o
 .debug_pubnames
                0x00000c3f      0x7d7 STM32_Exampe STM32_Exampe/stm32f1xx_hal_cortex.o
 .debug_pubnames
                0x00001416      0x121 STM32_Exampe STM32_Exampe/stm32f1xx_hal_gpio.o
 .debug_pubnames
                0x00001537      0x203 STM32_Exampe STM32_Exampe/stm32f1xx_hal_rcc.o
 .debug_pubnames
                0x0000173a      0x6c8 STM32_Exampe STM32_Exampe/stm32f1xx_hal_spi.o

.debug_pubtypes
                0x00000000      0xeaf
 .debug_pubtypes
                0x00000000      0x258 STM32_Exampe STM32_Exampe/main.o
 .debug_pubtypes
                0x00000258      0x234 STM32_Exampe STM32_Exampe/stm32f1xx_hal_msp.o
 .debug_pubtypes
                0x0000048c       0xc5 STM32_Exampe STM32_Exampe/stm32f1xx_it.o
 .debug_pubtypes
                0x00000551       0xda STM32_Exampe STM32_Exampe/APA102.o
 .debug_pubtypes
                0x0000062b       0xee STM32_Exampe STM32_Exampe/system_stm32f1xx.o
 .debug_pubtypes
                0x00000719      0x154 STM32_Exampe STM32_Exampe/stm32f1xx_hal.o
 .debug_pubtypes
                0x0000086d      0x124 STM32_Exampe STM32_Exampe/stm32f1xx_hal_cortex.o
 .debug_pubtypes
                0x00000991      0x15f STM32_Exampe STM32_Exampe/stm32f1xx_hal_gpio.o
 .debug_pubtypes
                0x00000af0      0x1ad STM32_Exampe STM32_Exampe/stm32f1xx_hal_rcc.o
 .debug_pubtypes
                0x00000c9d      0x212 STM32_Exampe STM32_Exampe/stm32f1xx_hal_spi.o

.debug_aranges  0x00000000      0x678
 .debug_aranges
                0x00000000       0x40 STM32_Exampe STM32_Exampe/main.o
 .debug_aranges
                0x00000040       0x30 STM32_Exampe STM32_Exampe/stm32f1xx_hal_msp.o
 .debug_aranges
                0x00000070       0x60 STM32_Exampe STM32_Exampe/stm32f1xx_it.o
 .debug_aranges
                0x000000d0       0x70 STM32_Exampe STM32_Exampe/APA102.o
 .debug_aranges
                0x00000140       0x28 STM32_Exampe STM32_Exampe/system_stm32f1xx.o
 .debug_aranges
                0x00000168       0xe0 STM32_Exampe STM32_Exampe/stm32f1xx_hal.o
 .debug_aranges
                0x00000248      0x100 STM32_Exampe STM32_Exampe/stm32f1xx_hal_cortex.o
 .debug_aranges
                0x00000348       0x58 STM32_Exampe STM32_Exampe/stm32f1xx_hal_gpio.o
 .debug_aranges
                0x000003a0       0x90 STM32_Exampe STM32_Exampe/stm32f1xx_hal_rcc.o
 .debug_aranges
                0x00000430      0x1d0 STM32_Exampe STM32_Exampe/stm32f1xx_hal_spi.o
 .debug_aranges
                0x00000600       0x20 STM32_Exampe STM32_Exampe/STM32_Startup.o
 .debug_aranges
                0x00000620       0x58 STM32_Exampe STM32_Exampe/thumb_crt0.o

.debug_ranges   0x00000000      0x5b0
 .debug_ranges  0x00000000       0x30 STM32_Exampe STM32_Exampe/main.o
 .debug_ranges  0x00000030       0x20 STM32_Exampe STM32_Exampe/stm32f1xx_hal_msp.o
 .debug_ranges  0x00000050       0x50 STM32_Exampe STM32_Exampe/stm32f1xx_it.o
 .debug_ranges  0x000000a0       0x60 STM32_Exampe STM32_Exampe/APA102.o
 .debug_ranges  0x00000100       0x18 STM32_Exampe STM32_Exampe/system_stm32f1xx.o
 .debug_ranges  0x00000118       0xd0 STM32_Exampe STM32_Exampe/stm32f1xx_hal.o
 .debug_ranges  0x000001e8       0xf0 STM32_Exampe STM32_Exampe/stm32f1xx_hal_cortex.o
 .debug_ranges  0x000002d8       0x48 STM32_Exampe STM32_Exampe/stm32f1xx_hal_gpio.o
 .debug_ranges  0x00000320       0x80 STM32_Exampe STM32_Exampe/stm32f1xx_hal_rcc.o
 .debug_ranges  0x000003a0      0x1c0 STM32_Exampe STM32_Exampe/stm32f1xx_hal_spi.o
 .debug_ranges  0x00000560       0x50 STM32_Exampe STM32_Exampe/thumb_crt0.o

.debug_line     0x00000000     0x3c87
 .debug_line    0x00000000      0x2d4 STM32_Exampe STM32_Exampe/main.o
 .debug_line    0x000002d4      0x1db STM32_Exampe STM32_Exampe/stm32f1xx_hal_msp.o
 .debug_line    0x000004af      0x16d STM32_Exampe STM32_Exampe/stm32f1xx_it.o
 .debug_line    0x0000061c      0x2eb STM32_Exampe STM32_Exampe/APA102.o
 .debug_line    0x00000907      0x1bb STM32_Exampe STM32_Exampe/system_stm32f1xx.o
 .debug_line    0x00000ac2      0x470 STM32_Exampe STM32_Exampe/stm32f1xx_hal.o
 .debug_line    0x00000f32      0x5e6 STM32_Exampe STM32_Exampe/stm32f1xx_hal_cortex.o
 .debug_line    0x00001518      0x4a1 STM32_Exampe STM32_Exampe/stm32f1xx_hal_gpio.o
 .debug_line    0x000019b9      0x944 STM32_Exampe STM32_Exampe/stm32f1xx_hal_rcc.o
 .debug_line    0x000022fd     0x1701 STM32_Exampe STM32_Exampe/stm32f1xx_hal_spi.o
 .debug_line    0x000039fe      0x10c STM32_Exampe STM32_Exampe/STM32_Startup.o
 .debug_line    0x00003b0a      0x17d STM32_Exampe STM32_Exampe/thumb_crt0.o

.debug_str      0x00000000     0x210c
 .debug_str     0x00000000     0x210c STM32_Exampe STM32_Exampe/main.o
                                0x81d (size before relaxing)
 .debug_str     0x0000210c      0x70b STM32_Exampe STM32_Exampe/stm32f1xx_hal_msp.o
 .debug_str     0x0000210c      0x2cd STM32_Exampe STM32_Exampe/stm32f1xx_it.o
 .debug_str     0x0000210c      0x38a STM32_Exampe STM32_Exampe/APA102.o
 .debug_str     0x0000210c      0x2ea STM32_Exampe STM32_Exampe/system_stm32f1xx.o
 .debug_str     0x0000210c      0x9b2 STM32_Exampe STM32_Exampe/stm32f1xx_hal.o
 .debug_str     0x0000210c      0xa43 STM32_Exampe STM32_Exampe/stm32f1xx_hal_cortex.o
 .debug_str     0x0000210c      0x495 STM32_Exampe STM32_Exampe/stm32f1xx_hal_gpio.o
 .debug_str     0x0000210c      0x6b6 STM32_Exampe STM32_Exampe/stm32f1xx_hal_rcc.o
 .debug_str     0x0000210c      0xbf2 STM32_Exampe STM32_Exampe/stm32f1xx_hal_spi.o
 .debug_str     0x0000210c       0xbd STM32_Exampe STM32_Exampe/STM32_Startup.o
 .debug_str     0x0000210c       0x8c STM32_Exampe STM32_Exampe/thumb_crt0.o

.comment        0x00000000       0x3d
 .comment       0x00000000       0x3d STM32_Exampe STM32_Exampe/main.o
                                 0x3e (size before relaxing)
 .comment       0x0000003d       0x3e STM32_Exampe STM32_Exampe/stm32f1xx_hal_msp.o
 .comment       0x0000003d       0x3e STM32_Exampe STM32_Exampe/stm32f1xx_it.o
 .comment       0x0000003d       0x3e STM32_Exampe STM32_Exampe/APA102.o
 .comment       0x0000003d       0x3e STM32_Exampe STM32_Exampe/system_stm32f1xx.o
 .comment       0x0000003d       0x3e STM32_Exampe STM32_Exampe/stm32f1xx_hal.o
 .comment       0x0000003d       0x3e STM32_Exampe STM32_Exampe/stm32f1xx_hal_cortex.o
 .comment       0x0000003d       0x3e STM32_Exampe STM32_Exampe/stm32f1xx_hal_gpio.o
 .comment       0x0000003d       0x3e STM32_Exampe STM32_Exampe/stm32f1xx_hal_rcc.o
 .comment       0x0000003d       0x3e STM32_Exampe STM32_Exampe/stm32f1xx_hal_spi.o

.ARM.attributes
                0x00000000       0x2d
 .ARM.attributes
                0x00000000       0x2f STM32_Exampe STM32_Exampe/main.o
 .ARM.attributes
                0x0000002f       0x2f STM32_Exampe STM32_Exampe/stm32f1xx_hal_msp.o
 .ARM.attributes
                0x0000005e       0x2f STM32_Exampe STM32_Exampe/stm32f1xx_it.o
 .ARM.attributes
                0x0000008d       0x2f STM32_Exampe STM32_Exampe/APA102.o
 .ARM.attributes
                0x000000bc       0x2f STM32_Exampe STM32_Exampe/system_stm32f1xx.o
 .ARM.attributes
                0x000000eb       0x2f STM32_Exampe STM32_Exampe/stm32f1xx_hal.o
 .ARM.attributes
                0x0000011a       0x2f STM32_Exampe STM32_Exampe/stm32f1xx_hal_cortex.o
 .ARM.attributes
                0x00000149       0x2f STM32_Exampe STM32_Exampe/stm32f1xx_hal_gpio.o
 .ARM.attributes
                0x00000178       0x2f STM32_Exampe STM32_Exampe/stm32f1xx_hal_rcc.o
 .ARM.attributes
                0x000001a7       0x2f STM32_Exampe STM32_Exampe/stm32f1xx_hal_spi.o
 .ARM.attributes
                0x000001d6       0x1b STM32_Exampe STM32_Exampe/STM32_Startup.o
 .ARM.attributes
                0x000001f1       0x1b STM32_Exampe STM32_Exampe/thumb_crt0.o
 .ARM.attributes
                0x0000020c       0x1b /usr/share/crossworks_for_arm_5.3/lib/libc_v7m_t_le_eabi.a(libc2_asm.o)

.debug_frame    0x00000000      0xfc0
 .debug_frame   0x00000000       0x84 STM32_Exampe STM32_Exampe/main.o
 .debug_frame   0x00000084       0x60 STM32_Exampe STM32_Exampe/stm32f1xx_hal_msp.o
 .debug_frame   0x000000e4       0xa8 STM32_Exampe STM32_Exampe/stm32f1xx_it.o
 .debug_frame   0x0000018c      0x134 STM32_Exampe STM32_Exampe/APA102.o
 .debug_frame   0x000002c0       0x38 STM32_Exampe STM32_Exampe/system_stm32f1xx.o
 .debug_frame   0x000002f8      0x1d4 STM32_Exampe STM32_Exampe/stm32f1xx_hal.o
 .debug_frame   0x000004cc      0x2dc STM32_Exampe STM32_Exampe/stm32f1xx_hal_cortex.o
 .debug_frame   0x000007a8       0xd4 STM32_Exampe STM32_Exampe/stm32f1xx_hal_gpio.o
 .debug_frame   0x0000087c      0x16c STM32_Exampe STM32_Exampe/stm32f1xx_hal_rcc.o
 .debug_frame   0x000009e8      0x5d8 STM32_Exampe STM32_Exampe/stm32f1xx_hal_spi.o
