Archive member included to satisfy reference by file (symbol)

/usr/lib/gcc/arm-none-eabi/14.2.1/thumb/v6-m/nofp/libgcc.a(_dvmd_tls.o)
                              CMakeFiles/Pico_APA102_Example.dir/home/jennifer/.pico-sdk/sdk/2.2.0/src/rp2_common/pico_divider/divider_hardware.S.o (__aeabi_idiv0)
/usr/lib/gcc/arm-none-eabi/14.2.1/../../../arm-none-eabi/lib/thumb/v6-m/nofp/libg.a(libc_a-strlen-stub.o)
                              CMakeFiles/Pico_APA102_Example.dir/home/jennifer/.pico-sdk/sdk/2.2.0/src/rp2_common/pico_stdio/stdio.c.o (strlen)
/usr/lib/gcc/arm-none-eabi/14.2.1/../../../arm-none-eabi/lib/thumb/v6-m/nofp/libg.a(libc_a-fini.o)
                              /usr/lib/gcc/arm-none-eabi/14.2.1/../../../arm-none-eabi/lib/thumb/v6-m/nofp/crt0.o (__libc_fini_array)
/usr/lib/gcc/arm-none-eabi/14.2.1/../../../arm-none-eabi/lib/thumb/v6-m/nofp/libg.a(libc_a-calloc.o)
                              CMakeFiles/Pico_APA102_Example.dir/home/jennifer/.pico-sdk/sdk/2.2.0/src/rp2_common/pico_malloc/malloc.c.o (calloc)
/usr/lib/gcc/arm-none-eabi/14.2.1/../../../arm-none-eabi/lib/thumb/v6-m/nofp/libg.a(libc_a-callocr.o)
                              /usr/lib/gcc/arm-none-eabi/14.2.1/../../../arm-none-eabi/lib/thumb/v6-m/nofp/libg.a(libc_a-calloc.o) (_calloc_r)
/usr/lib/gcc/arm-none-eabi/14.2.1/../../../arm-none-eabi/lib/thumb/v6-m/nofp/libg.a(libc_a-realloc.o)
                              CMakeFiles/Pico_APA102_Example.dir/home/jennifer/.pico-sdk/sdk/2.2.0/src/rp2_common/pico_malloc/malloc.c.o (realloc)
/usr/lib/gcc/arm-none-eabi/14.2.1/../../../arm-none-eabi/lib/thumb/v6-m/nofp/libg.a(libc_a-mallocr.o)
                              /usr/lib/gcc/arm-none-eabi/14.2.1/../../../arm-none-eabi/lib/thumb/v6-m/nofp/libg.a(libc_a-callocr.o) (_malloc_r)
/usr/lib/gcc/arm-none-eabi/14.2.1/../../../arm-none-eabi/lib/thumb/v6-m/nofp/libg.a(libc_a-freer.o)
                              /usr/lib/gcc/arm-none-eabi/14.2.1/../../../arm-none-eabi/lib/thumb/v6-m/nofp/libg.a(libc_a-mallocr.o) (_free_r)
/usr/lib/gcc/arm-none-eabi/14.2.1/../../../arm-none-eabi/lib/thumb/v6-m/nofp/libg.a(libc_a-memcmp.o)
                              CMakeFiles/Pico_APA102_Example.dir/home/jennifer/.pico-sdk/sdk/2.2.0/src/rp2_common/pico_atomic/atomic.c.o (memcmp)
/usr/lib/gcc/arm-none-eabi/14.2.1/../../../arm-none-eabi/lib/thumb/v6-m/nofp/libg.a(libc_a-errno.o)
                              /usr/lib/gcc/arm-none-eabi/14.2.1/../../../arm-none-eabi/lib/thumb/v6-m/nofp/libg.a(libc_a-callocr.o) (__errno)
/usr/lib/gcc/arm-none-eabi/14.2.1/../../../arm-none-eabi/lib/thumb/v6-m/nofp/libg.a(libc_a-malloc.o)
                              CMakeFiles/Pico_APA102_Example.dir/home/jennifer/.pico-sdk/sdk/2.2.0/src/rp2_common/pico_malloc/malloc.c.o (malloc)
/usr/lib/gcc/arm-none-eabi/14.2.1/../../../arm-none-eabi/lib/thumb/v6-m/nofp/libg.a(libc_a-reallocr.o)
                              /usr/lib/gcc/arm-none-eabi/14.2.1/../../../arm-none-eabi/lib/thumb/v6-m/nofp/libg.a(libc_a-realloc.o) (_realloc_r)
/usr/lib/gcc/arm-none-eabi/14.2.1/../../../arm-none-eabi/lib/thumb/v6-m/nofp/libg.a(libc_a-mktime.o)
                              CMakeFiles/Pico_APA102_Example.dir/home/jennifer/.pico-sdk/sdk/2.2.0/src/common/pico_util/datetime.c.o (mktime)
/usr/lib/gcc/arm-none-eabi/14.2.1/../../../arm-none-eabi/lib/thumb/v6-m/nofp/libg.a(libc_a-mlock.o)
                              /usr/lib/gcc/arm-none-eabi/14.2.1/../../../arm-none-eabi/lib/thumb/v6-m/nofp/libg.a(libc_a-mallocr.o) (__malloc_lock)
/usr/lib/gcc/arm-none-eabi/14.2.1/../../../arm-none-eabi/lib/thumb/v6-m/nofp/libg.a(libc_a-tzlock.o)
                              /usr/lib/gcc/arm-none-eabi/14.2.1/../../../arm-none-eabi/lib/thumb/v6-m/nofp/libg.a(libc_a-mktime.o) (__tz_lock)
/usr/lib/gcc/arm-none-eabi/14.2.1/../../../arm-none-eabi/lib/thumb/v6-m/nofp/libg.a(libc_a-sbrkr.o)
                              /usr/lib/gcc/arm-none-eabi/14.2.1/../../../arm-none-eabi/lib/thumb/v6-m/nofp/libg.a(libc_a-mallocr.o) (_sbrk_r)
/usr/lib/gcc/arm-none-eabi/14.2.1/../../../arm-none-eabi/lib/thumb/v6-m/nofp/libg.a(libc_a-ctype_.o)
                              CMakeFiles/Pico_APA102_Example.dir/home/jennifer/.pico-sdk/sdk/2.2.0/lib/tinyusb/src/tusb.c.o (_ctype_)
/usr/lib/gcc/arm-none-eabi/14.2.1/../../../arm-none-eabi/lib/thumb/v6-m/nofp/libg.a(libc_a-atexit.o)
                              /usr/lib/gcc/arm-none-eabi/14.2.1/../../../arm-none-eabi/lib/thumb/v6-m/nofp/crt0.o (atexit)
/usr/lib/gcc/arm-none-eabi/14.2.1/../../../arm-none-eabi/lib/thumb/v6-m/nofp/libg.a(libc_a-lcltime_r.o)
                              CMakeFiles/Pico_APA102_Example.dir/home/jennifer/.pico-sdk/sdk/2.2.0/src/common/pico_util/datetime.c.o (localtime_r)
/usr/lib/gcc/arm-none-eabi/14.2.1/../../../arm-none-eabi/lib/thumb/v6-m/nofp/libg.a(libc_a-init.o)
                              /usr/lib/gcc/arm-none-eabi/14.2.1/../../../arm-none-eabi/lib/thumb/v6-m/nofp/crt0.o (__libc_init_array)
[...]
Memory Configuration

Name             Origin             Length             Attributes
FLASH            0x10000000         0x00200000         xr
RAM              0x20000000         0x00040000         xrw
SCRATCH_X        0x20040000         0x00001000         xrw
SCRATCH_Y        0x20041000         0x00001000         xrw
*default*        0x00000000         0xffffffff

Linker script and memory map

LOAD /usr/lib/gcc/arm-none-eabi/14.2.1/thumb/v6-m/nofp/crti.o
LOAD /usr/lib/gcc/arm-none-eabi/14.2.1/thumb/v6-m/nofp/crtbegin.o
LOAD /usr/lib/gcc/arm-none-eabi/14.2.1/../../../arm-none-eabi/lib/thumb/v6-m/nofp/crt0.o

.flash_begin    0x10000000        0x0
                0x10000000                        __flash_binary_start = .

.boot2          0x10000000      0x100
                0x10000000                        __boot2_start__ = .
 *(.boot2)
 .boot2         0x10000000      0x100 pico-sdk/src/rp2040/boot_stage2/CMakeFiles/bs2_default_library.dir/./bs2_default_padded_checksummed.S.o
                0x10000100                        __boot2_end__ = .
                0x00000001                        ASSERT (((__boot2_end__ - __boot2_start__) == 0x100), ERROR: Pico second stage bootloader must be 256 bytes in size)

.text           0x10000100     0x6e90
                0x10000100                        __logical_binary_start = .
 *(.vectors)
 .vectors       0x10000100       0xd4 CMakeFiles/Pico_APA102_Example.dir/home/jennifer/.pico-sdk/sdk/2.2.0/src/rp2_common/pico_crt0/crt0.S.o
                0x10000100                __vectors
                0x10000100                __VECTOR_TABLE
                0x100001c0                isr_irq30
                0x100001c0                __unhandled_user_irq
                0x100001c0                isr_irq13
                0x100001c0                isr_irq27
                0x100001c0                isr_irq31
                0x100001c0                isr_irq5
                0x100001c0                isr_irq11
                0x100001c0                isr_irq23
                0x100001c0                isr_irq18
                0x100001c0                isr_irq28
                0x100001c0                isr_irq19
                0x100001c0                isr_irq0
                0x100001c0                isr_irq6
                0x100001c0                isr_irq22
                0x100001c0                isr_irq17
                0x100001c0                isr_irq14
                0x100001c0                __vectors_end
                0x100001c0                __default_isrs_start
                0x100001c0                isr_irq2
                0x100001c0                isr_irq10
                0x100001c0                isr_irq8
                0x100001c0                isr_irq24
                0x100001c0                isr_irq1
                0x100001c0                isr_irq7
                0x100001c0                isr_irq21
                0x100001c0                isr_irq20
                0x100001c0                isr_irq15
                0x100001c0                isr_irq25
                0x100001c0                isr_irq4
                0x100001c0                isr_irq16
                0x100001c0                isr_irq29
                0x100001c0                isr_irq26
                0x100001c0                isr_irq3
                0x100001c0                isr_irq12
                0x100001c0                isr_irq9
                0x100001c6                unhandled_user_irq_num_in_r0
                0x100001c8                isr_invalid
                0x100001ca                isr_nmi
                0x100001cc                isr_hardfault
                0x100001ce                isr_svcall
                0x100001d0                isr_pendsv
                0x100001d2                isr_systick
                0x100001d4                __default_isrs_end
 *(.binary_info_header)
 .binary_info_header
                0x100001d4       0x14 CMakeFiles/Pico_APA102_Example.dir/home/jennifer/.pico-sdk/sdk/2.2.0/src/rp2_common/pico_crt0/crt0.S.o
                0x100001e8                        __binary_info_header_end = .
 *(.embedded_block)
                0x100001e8                        __embedded_block_end = .
 *(.reset)
 .reset         0x100001e8       0x9c CMakeFiles/Pico_APA102_Example.dir/home/jennifer/.pico-sdk/sdk/2.2.0/src/rp2_common/pico_crt0/crt0.S.o
                0x100001e8                _entry_point
 *(.init)
 .init          0x10000284        0x4 /usr/lib/gcc/arm-none-eabi/14.2.1/thumb/v6-m/nofp/crti.o
                0x10000284                _init
 *(EXCLUDE_FILE(*libm.a: *libc.a:*lib_a-mem*.o *libgcc.a:) .text*)
 .text          0x10000288       0x98 /usr/lib/gcc/arm-none-eabi/14.2.1/thumb/v6-m/nofp/crtbegin.o
 .text.configure_spi
                0x10000320       0x24 CMakeFiles/Pico_APA102_Example.dir/main.c.o
 .text.main     0x10000344       0x52 CMakeFiles/Pico_APA102_Example.dir/main.c.o
                0x10000344                main
 *fill*         0x10000396        0x2 
 .text.getStopBytes
                0x10000398       0x14 CMakeFiles/Pico_APA102_Example.dir/home/jennifer/repos/APA102_LED_Driver/APA102.c.o
 .text.sendStart
                0x100003ac       0x10 CMakeFiles/Pico_APA102_Example.dir/home/jennifer/repos/APA102_LED_Driver/APA102.c.o
 .text.sendStop
                0x100003bc       0x20 CMakeFiles/Pico_APA102_Example.dir/home/jennifer/repos/APA102_LED_Driver/APA102.c.o
 .text.APA_SetBufferSize
                0x100003dc       0x18 CMakeFiles/Pico_APA102_Example.dir/home/jennifer/repos/APA102_LED_Driver/APA102.c.o
                0x100003dc                APA_SetBufferSize
 .text.APA_GetBufferSize
                0x100003f4        0xc CMakeFiles/Pico_APA102_Example.dir/home/jennifer/repos/APA102_LED_Driver/APA102.c.o
                0x100003f4                APA_GetBufferSize
 .text.APA_sendBuffer
                0x10000400       0x24 CMakeFiles/Pico_APA102_Example.dir/home/jennifer/repos/APA102_LED_Driver/APA102.c.o
                0x10000400                APA_sendBuffer
 .text.APA_SetPixel
                0x10000424       0x38 CMakeFiles/Pico_APA102_Example.dir/home/jennifer/repos/APA102_LED_Driver/APA102.c.o
                0x10000424                APA_SetPixel
 .text.APA_SetRange
                0x1000045c       0x5c CMakeFiles/Pico_APA102_Example.dir/home/jennifer/repos/APA102_LED_Driver/APA102.c.o
                0x1000045c                APA_SetRange
 .text.APA_Init
                0x100004b8       0x28 CMakeFiles/Pico_APA102_Example.dir/home/jennifer/repos/APA102_LED_Driver/APA102.c.o
                0x100004b8                APA_Init
 .text.APA_ConvHSVtoRGB
                0x100004e0       0xc0 CMakeFiles/Pico_APA102_Example.dir/home/jennifer/repos/APA102_LED_Driver/APA102.c.o
                0x100004e0                APA_ConvHSVtoRGB
 .text.APA_SetPixelHSV
                0x100005a0       0x4c CMakeFiles/Pico_APA102_Example.dir/home/jennifer/repos/APA102_LED_Driver/APA102.c.o
                0x100005a0                APA_SetPixelHSV
 .text.APA_HW_SPI_BlockSend
                0x100005ec       0x14 CMakeFiles/Pico_APA102_Example.dir/home/jennifer/repos/APA102_LED_Driver/APA102_hw_rp2040_pico.c.o
                0x100005ec                APA_HW_SPI_BlockSend
 .text.gpio_set_function
                0x10000600       0x34 CMakeFiles/Pico_APA102_Example.dir/home/jennifer/.pico-sdk/sdk/2.2.0/src/rp2_common/hardware_gpio/gpio.c.o
                0x10000600                gpio_set_function
 .text.rp2040_chip_version
                0x10000634       0x54 CMakeFiles/Pico_APA102_Example.dir/home/jennifer/.pico-sdk/sdk/2.2.0/src/rp2040/pico_platform/platform.c.o
                0x10000634                rp2040_chip_version
 .text.panic    0x10000688       0x30 CMakeFiles/Pico_APA102_Example.dir/home/jennifer/.pico-sdk/sdk/2.2.0/src/rp2_common/pico_platform_panic/panic.c.o
                0x10000688                panic
 .text.hw_claim_lock
                0x100006b8       0x18 CMakeFiles/Pico_APA102_Example.dir/home/jennifer/.pico-sdk/sdk/2.2.0/src/common/hardware_claim/claim.c.o
                0x100006b8                hw_claim_lock
 .text.hw_claim_unlock
                0x100006d0       0x14 CMakeFiles/Pico_APA102_Example.dir/home/jennifer/.pico-sdk/sdk/2.2.0/src/common/hardware_claim/claim.c.o
                0x100006d0                hw_claim_unlock
 .text.hw_claim_or_assert
                0x100006e4       0x32 CMakeFiles/Pico_APA102_Example.dir/home/jennifer/.pico-sdk/sdk/2.2.0/src/common/hardware_claim/claim.c.o
                0x100006e4                hw_claim_or_assert
 .text.hw_claim_unused_from_range
                0x10000716       0x50 CMakeFiles/Pico_APA102_Example.dir/home/jennifer/.pico-sdk/sdk/2.2.0/src/common/hardware_claim/claim.c.o
                0x10000716                hw_claim_unused_from_range
 *fill*         0x10000766        0x2 
 .text.next_striped_spin_lock_num
                0x10000768       0x1c CMakeFiles/Pico_APA102_Example.dir/home/jennifer/.pico-sdk/sdk/2.2.0/src/rp2_common/hardware_sync/sync.c.o
                0x10000768                next_striped_spin_lock_num
 .text.spin_lock_claim_unused
                0x10000784       0x24 CMakeFiles/Pico_APA102_Example.dir/home/jennifer/.pico-sdk/sdk/2.2.0/src/rp2_common/hardware_sync/sync.c.o
                0x10000784                spin_lock_claim_unused
 .text.spin_locks_reset
                0x100007a8       0x20 CMakeFiles/Pico_APA102_Example.dir/home/jennifer/.pico-sdk/sdk/2.2.0/src/rp2_common/hardware_sync_spin_lock/sync_spin_lock.c.o
                0x100007a8                spin_locks_reset
 .text.set_raw_irq_handler_and_unlock
                0x100007c8       0x28 CMakeFiles/Pico_APA102_Example.dir/home/jennifer/.pico-sdk/sdk/2.2.0/src/rp2_common/hardware_irq/irq.c.o
 .text.nvic_ipr0
                0x100007f0        0x8 CMakeFiles/Pico_APA102_Example.dir/home/jennifer/.pico-sdk/sdk/2.2.0/src/rp2_common/hardware_irq/irq.c.o
 .text.runtime_init_per_core_irq_priorities
                0x100007f8       0x1c CMakeFiles/Pico_APA102_Example.dir/home/jennifer/.pico-sdk/sdk/2.2.0/src/rp2_common/hardware_irq/irq.c.o
                0x100007f8                runtime_init_per_core_irq_priorities
 .text.resolve_j_16
                0x10000814       0x30 CMakeFiles/Pico_APA102_Example.dir/home/jennifer/.pico-sdk/sdk/2.2.0/src/rp2_common/hardware_irq/irq.c.o
 .text.make_j_16
                0x10000844       0x48 CMakeFiles/Pico_APA102_Example.dir/home/jennifer/.pico-sdk/sdk/2.2.0/src/rp2_common/hardware_irq/irq.c.o
 .text.irq_is_enabled
                0x1000088c       0x18 CMakeFiles/Pico_APA102_Example.dir/home/jennifer/.pico-sdk/sdk/2.2.0/src/rp2_common/hardware_irq/irq.c.o
                0x1000088c                irq_is_enabled
 .text.irq_set_mask_n_enabled
                0x100008a4       0x1c CMakeFiles/Pico_APA102_Example.dir/home/jennifer/.pico-sdk/sdk/2.2.0/src/rp2_common/hardware_irq/irq.c.o
                0x100008a4                irq_set_mask_n_enabled
 .text.irq_set_enabled
                0x100008c0       0x14 CMakeFiles/Pico_APA102_Example.dir/home/jennifer/.pico-sdk/sdk/2.2.0/src/rp2_common/hardware_irq/irq.c.o
                0x100008c0                irq_set_enabled
 .text.irq_set_pending
                0x100008d4       0x10 CMakeFiles/Pico_APA102_Example.dir/home/jennifer/.pico-sdk/sdk/2.2.0/src/rp2_common/hardware_irq/irq.c.o
                0x100008d4                irq_set_pending
 .text.irq_get_vtable_handler
                0x100008e4       0x10 CMakeFiles/Pico_APA102_Example.dir/home/jennifer/.pico-sdk/sdk/2.2.0/src/rp2_common/hardware_irq/irq.c.o
                0x100008e4                irq_get_vtable_handler
 .text.irq_has_shared_handler
                0x100008f4       0x1c CMakeFiles/Pico_APA102_Example.dir/home/jennifer/.pico-sdk/sdk/2.2.0/src/rp2_common/hardware_irq/irq.c.o
                0x100008f4                irq_has_shared_handler
 .text.irq_set_exclusive_handler
                0x10000910       0x54 CMakeFiles/Pico_APA102_Example.dir/home/jennifer/.pico-sdk/sdk/2.2.0/src/rp2_common/hardware_irq/irq.c.o
                0x10000910                irq_set_exclusive_handler
 .text.irq_add_shared_handler
                0x10000964      0x218 CMakeFiles/Pico_APA102_Example.dir/home/jennifer/.pico-sdk/sdk/2.2.0/src/rp2_common/hardware_irq/irq.c.o
                0x10000964                irq_add_shared_handler
 .text.irq_add_tail_to_free_list
                0x10000b7c       0xf4 CMakeFiles/Pico_APA102_Example.dir/home/jennifer/.pico-sdk/sdk/2.2.0/src/rp2_common/hardware_irq/irq.c.o
                0x10000b7c                irq_add_tail_to_free_list
 .text.user_irq_claim_unused
                0x10000c70       0x2c CMakeFiles/Pico_APA102_Example.dir/home/jennifer/.pico-sdk/sdk/2.2.0/src/rp2_common/hardware_irq/irq.c.o
                0x10000c70                user_irq_claim_unused
 .text.lock_init
                0x10000c9c       0x10 CMakeFiles/Pico_APA102_Example.dir/home/jennifer/.pico-sdk/sdk/2.2.0/src/common/pico_sync/lock_core.c.o
                0x10000c9c                lock_init
 .text.mutex_init
                0x10000cac       0x1a CMakeFiles/Pico_APA102_Example.dir/home/jennifer/.pico-sdk/sdk/2.2.0/src/common/pico_sync/mutex.c.o
                0x10000cac                mutex_init
 .text.recursive_mutex_init
                0x10000cc6       0x1e CMakeFiles/Pico_APA102_Example.dir/home/jennifer/.pico-sdk/sdk/2.2.0/src/common/pico_sync/mutex.c.o
                0x10000cc6                recursive_mutex_init
 .text.runtime_init_mutex
                0x10000ce4       0x4c CMakeFiles/Pico_APA102_Example.dir/home/jennifer/.pico-sdk/sdk/2.2.0/src/common/pico_sync/mutex.c.o
                0x10000ce4                runtime_init_mutex
 .text.critical_section_init_with_lock_num
                0x10000d30       0x14 CMakeFiles/Pico_APA102_Example.dir/home/jennifer/.pico-sdk/sdk/2.2.0/src/common/pico_sync/critical_section.c.o
                0x10000d30                critical_section_init_with_lock_num
 .text.critical_section_init
                0x10000d44       0x14 CMakeFiles/Pico_APA102_Example.dir/home/jennifer/.pico-sdk/sdk/2.2.0/src/common/pico_sync/critical_section.c.o
                0x10000d44                critical_section_init
 .text.ta_set_timeout
                0x10000d58       0x24 CMakeFiles/Pico_APA102_Example.dir/home/jennifer/.pico-sdk/sdk/2.2.0/src/common/pico_time/time.c.o
 .text.make_alarm_id
                0x10000d7c        0x6 CMakeFiles/Pico_APA102_Example.dir/home/jennifer/.pico-sdk/sdk/2.2.0/src/common/pico_time/time.c.o
 *fill*         0x10000d82        0x2 
 .text.sleep_until_callback
                0x10000d84       0x30 CMakeFiles/Pico_APA102_Example.dir/home/jennifer/.pico-sdk/sdk/2.2.0/src/common/pico_time/time.c.o
 .text.alarm_pool_irq_handler
                0x10000db4      0x2f0 CMakeFiles/Pico_APA102_Example.dir/home/jennifer/.pico-sdk/sdk/2.2.0/src/common/pico_time/time.c.o
 .text.ta_enable_irq_handler
                0x100010a4       0x2c CMakeFiles/Pico_APA102_Example.dir/home/jennifer/.pico-sdk/sdk/2.2.0/src/common/pico_time/time.c.o
 .text.alarm_pool_post_alloc_init
                0x100010d0       0x78 CMakeFiles/Pico_APA102_Example.dir/home/jennifer/.pico-sdk/sdk/2.2.0/src/common/pico_time/time.c.o
 .text.alarm_pool_get_default
                0x10001148       0x2c CMakeFiles/Pico_APA102_Example.dir/home/jennifer/.pico-sdk/sdk/2.2.0/src/common/pico_time/time.c.o
                0x10001148                alarm_pool_get_default
 .text.alarm_pool_add_alarm_at_force_in_context
                0x10001174       0xa4 CMakeFiles/Pico_APA102_Example.dir/home/jennifer/.pico-sdk/sdk/2.2.0/src/common/pico_time/time.c.o
                0x10001174                alarm_pool_add_alarm_at_force_in_context
 .text.alarm_pool_add_alarm_at
                0x10001218       0x3c CMakeFiles/Pico_APA102_Example.dir/home/jennifer/.pico-sdk/sdk/2.2.0/src/common/pico_time/time.c.o
                0x10001218                alarm_pool_add_alarm_at
 .text.add_alarm_at
                0x10001254       0x2e CMakeFiles/Pico_APA102_Example.dir/home/jennifer/.pico-sdk/sdk/2.2.0/src/common/pico_time/time.c.o
 *fill*         0x10001282        0x2 
 .text.alarm_pool_cancel_alarm
                0x10001284       0x78 CMakeFiles/Pico_APA102_Example.dir/home/jennifer/.pico-sdk/sdk/2.2.0/src/common/pico_time/time.c.o
                0x10001284                alarm_pool_cancel_alarm
 .text.cancel_alarm
                0x100012fc       0x10 CMakeFiles/Pico_APA102_Example.dir/home/jennifer/.pico-sdk/sdk/2.2.0/src/common/pico_time/time.c.o
 .text.alarm_pool_core_num
                0x1000130c        0x4 CMakeFiles/Pico_APA102_Example.dir/home/jennifer/.pico-sdk/sdk/2.2.0/src/common/pico_time/time.c.o
                0x1000130c                alarm_pool_core_num
 .text.sleep_until
                0x10001310       0xb0 CMakeFiles/Pico_APA102_Example.dir/home/jennifer/.pico-sdk/sdk/2.2.0/src/common/pico_time/time.c.o
                0x10001310                sleep_until
 .text.sleep_us
                0x100013c0       0x24 CMakeFiles/Pico_APA102_Example.dir/home/jennifer/.pico-sdk/sdk/2.2.0/src/common/pico_time/time.c.o
                0x100013c0                sleep_us
 .text.sleep_ms
                0x100013e4       0x14 CMakeFiles/Pico_APA102_Example.dir/home/jennifer/.pico-sdk/sdk/2.2.0/src/common/pico_time/time.c.o
                0x100013e4                sleep_ms
 .text.best_effort_wfe_or_timeout
                0x100013f8      0x11c CMakeFiles/Pico_APA102_Example.dir/home/jennifer/.pico-sdk/sdk/2.2.0/src/common/pico_time/time.c.o
                0x100013f8                best_effort_wfe_or_timeout
 .text.alarm_pool_get_default_timer
                0x10001514        0x8 CMakeFiles/Pico_APA102_Example.dir/home/jennifer/.pico-sdk/sdk/2.2.0/src/common/pico_time/time.c.o
                0x10001514                alarm_pool_get_default_timer
 .text.runtime_init_default_alarm_pool
                0x1000151c       0x38 CMakeFiles/Pico_APA102_Example.dir/home/jennifer/.pico-sdk/sdk/2.2.0/src/common/pico_time/time.c.o
                0x1000151c                runtime_init_default_alarm_pool
 .text.timer_hardware_alarm_claim
                0x10001554       0x14 CMakeFiles/Pico_APA102_Example.dir/home/jennifer/.pico-sdk/sdk/2.2.0/src/rp2_common/hardware_timer/timer.c.o
                0x10001554                timer_hardware_alarm_claim
 .text.timer_time_us_64
                0x10001568       0x10 CMakeFiles/Pico_APA102_Example.dir/home/jennifer/.pico-sdk/sdk/2.2.0/src/rp2_common/hardware_timer/timer.c.o
                0x10001568                timer_time_us_64
 .text.timer_busy_wait_until
                0x10001578       0x1a CMakeFiles/Pico_APA102_Example.dir/home/jennifer/.pico-sdk/sdk/2.2.0/src/rp2_common/hardware_timer/timer.c.o
                0x10001578                timer_busy_wait_until
 *fill*         0x10001592        0x2 
 .text.time_us_64
                0x10001594       0x10 CMakeFiles/Pico_APA102_Example.dir/home/jennifer/.pico-sdk/sdk/2.2.0/src/rp2_common/hardware_timer/timer.c.o
                0x10001594                time_us_64
 .text.busy_wait_until
                0x100015a4       0x14 CMakeFiles/Pico_APA102_Example.dir/home/jennifer/.pico-sdk/sdk/2.2.0/src/rp2_common/hardware_timer/timer.c.o
                0x100015a4                busy_wait_until
 .text.clock_configure_internal
                0x100015b8       0xc4 CMakeFiles/Pico_APA102_Example.dir/home/jennifer/.pico-sdk/sdk/2.2.0/src/rp2_common/hardware_clocks/clocks.c.o
 .text.clock_configure_int_divider
                0x1000167c       0x28 CMakeFiles/Pico_APA102_Example.dir/home/jennifer/.pico-sdk/sdk/2.2.0/src/rp2_common/hardware_clocks/clocks.c.o
                0x1000167c                clock_configure_int_divider
 .text.clock_configure_undivided
                0x100016a4       0x12 CMakeFiles/Pico_APA102_Example.dir/home/jennifer/.pico-sdk/sdk/2.2.0/src/rp2_common/hardware_clocks/clocks.c.o
                0x100016a4                clock_configure_undivided
 *fill*         0x100016b6        0x2 
 .text.clock_get_hz
                0x100016b8        0xc CMakeFiles/Pico_APA102_Example.dir/home/jennifer/.pico-sdk/sdk/2.2.0/src/rp2_common/hardware_clocks/clocks.c.o
                0x100016b8                clock_get_hz
 .text.pll_init
                0x100016c4      0x124 CMakeFiles/Pico_APA102_Example.dir/home/jennifer/.pico-sdk/sdk/2.2.0/src/rp2_common/hardware_pll/pll.c.o
                0x100016c4                pll_init
 .text.watchdog_update
                0x100017e8       0x14 CMakeFiles/Pico_APA102_Example.dir/home/jennifer/.pico-sdk/sdk/2.2.0/src/rp2_common/hardware_watchdog/watchdog.c.o
                0x100017e8                watchdog_update
 .text._watchdog_enable
                0x100017fc       0x78 CMakeFiles/Pico_APA102_Example.dir/home/jennifer/.pico-sdk/sdk/2.2.0/src/rp2_common/hardware_watchdog/watchdog.c.o
                0x100017fc                _watchdog_enable
 .text.watchdog_reboot
                0x10001874       0x48 CMakeFiles/Pico_APA102_Example.dir/home/jennifer/.pico-sdk/sdk/2.2.0/src/rp2_common/hardware_watchdog/watchdog.c.o
                0x10001874                watchdog_reboot
 .text.tick_start
                0x100018bc       0x10 CMakeFiles/Pico_APA102_Example.dir/home/jennifer/.pico-sdk/sdk/2.2.0/src/rp2_common/hardware_ticks/ticks.c.o
                0x100018bc                tick_start
 .text.rom_func_lookup
                0x100018cc       0x10 CMakeFiles/Pico_APA102_Example.dir/home/jennifer/.pico-sdk/sdk/2.2.0/src/rp2_common/pico_bootrom/bootrom.c.o
                0x100018cc                rom_func_lookup
 .text.rom_data_lookup
                0x100018dc       0x10 CMakeFiles/Pico_APA102_Example.dir/home/jennifer/.pico-sdk/sdk/2.2.0/src/rp2_common/pico_bootrom/bootrom.c.o
                0x100018dc                rom_data_lookup
 .text.rom_funcs_lookup
                0x100018ec       0x36 CMakeFiles/Pico_APA102_Example.dir/home/jennifer/.pico-sdk/sdk/2.2.0/src/rp2_common/pico_bootrom/bootrom.c.o
                0x100018ec                rom_funcs_lookup
 *fill*         0x10001922        0x2 
 .text.rom_reset_usb_boot_extra
                0x10001924       0x24 CMakeFiles/Pico_APA102_Example.dir/home/jennifer/.pico-sdk/sdk/2.2.0/src/rp2_common/pico_bootrom/bootrom.c.o
                0x10001924                rom_reset_usb_boot_extra
 .text.xosc_init
                0x10001948       0x2c CMakeFiles/Pico_APA102_Example.dir/home/jennifer/.pico-sdk/sdk/2.2.0/src/rp2_common/hardware_xosc/xosc.c.o
                0x10001948                xosc_init
 .text.runtime_run_initializers_from
                0x10001974       0x18 CMakeFiles/Pico_APA102_Example.dir/home/jennifer/.pico-sdk/sdk/2.2.0/src/rp2_common/pico_runtime/runtime.c.o
 .text.first_per_core_initializer
                0x1000198c        0x2 CMakeFiles/Pico_APA102_Example.dir/home/jennifer/.pico-sdk/sdk/2.2.0/src/rp2_common/pico_runtime/runtime.c.o
 *fill*         0x1000198e        0x2 
 .text.runtime_run_initializers
                0x10001990       0x10 CMakeFiles/Pico_APA102_Example.dir/home/jennifer/.pico-sdk/sdk/2.2.0/src/rp2_common/pico_runtime/runtime.c.o
                0x10001990                runtime_run_initializers
 .text.runtime_init_early_resets
                0x100019a0       0x2c CMakeFiles/Pico_APA102_Example.dir/home/jennifer/.pico-sdk/sdk/2.2.0/src/rp2_common/pico_runtime_init/runtime_init.c.o
                0x100019a0                runtime_init_early_resets
 .text.runtime_init_usb_power_down
                0x100019cc       0x1c CMakeFiles/Pico_APA102_Example.dir/home/jennifer/.pico-sdk/sdk/2.2.0/src/rp2_common/pico_runtime_init/runtime_init.c.o
                0x100019cc                runtime_init_usb_power_down
 .text.runtime_init_post_clock_resets
                0x100019e8       0x20 CMakeFiles/Pico_APA102_Example.dir/home/jennifer/.pico-sdk/sdk/2.2.0/src/rp2_common/pico_runtime_init/runtime_init.c.o
                0x100019e8                runtime_init_post_clock_resets
 .text.runtime_init_rp2040_gpio_ie_disable
                0x10001a08       0x14 CMakeFiles/Pico_APA102_Example.dir/home/jennifer/.pico-sdk/sdk/2.2.0/src/rp2_common/pico_runtime_init/runtime_init.c.o
                0x10001a08                runtime_init_rp2040_gpio_ie_disable
 .text.runtime_init_spin_locks_reset
                0x10001a1c        0x8 CMakeFiles/Pico_APA102_Example.dir/home/jennifer/.pico-sdk/sdk/2.2.0/src/rp2_common/pico_runtime_init/runtime_init.c.o
                0x10001a1c                runtime_init_spin_locks_reset
 .text.runtime_init_install_ram_vector_table
                0x10001a24       0x48 CMakeFiles/Pico_APA102_Example.dir/home/jennifer/.pico-sdk/sdk/2.2.0/src/rp2_common/pico_runtime_init/runtime_init.c.o
                0x10001a24                runtime_init_install_ram_vector_table
 .text.start_all_ticks
                0x10001a6c       0x28 CMakeFiles/Pico_APA102_Example.dir/home/jennifer/.pico-sdk/sdk/2.2.0/src/rp2_common/pico_runtime_init/runtime_init_clocks.c.o
 .text.runtime_init_clocks
                0x10001a94       0xcc CMakeFiles/Pico_APA102_Example.dir/home/jennifer/.pico-sdk/sdk/2.2.0/src/rp2_common/pico_runtime_init/runtime_init_clocks.c.o
                0x10001a94                runtime_init_clocks
 .text          0x10001b60       0x10 CMakeFiles/Pico_APA102_Example.dir/home/jennifer/.pico-sdk/sdk/2.2.0/src/rp2_common/pico_bit_ops/bit_ops_aeabi.S.o
 .text.__wrap___aeabi_idiv
                0x10001b70       0x50 CMakeFiles/Pico_APA102_Example.dir/home/jennifer/.pico-sdk/sdk/2.2.0/src/rp2_common/pico_divider/divider_hardware.S.o
                0x10001b70                __wrap___aeabi_idivmod
                0x10001b70                divmod_s32s32
                0x10001b70                div_s32s32
                0x10001b70                __wrap___aeabi_idiv
                0x10001b78                divmod_s32s32_unsafe
                0x10001ba4                divmod_s32s32_savestate
 .text.__wrap___aeabi_uidiv
                0x10001bc0       0x4c CMakeFiles/Pico_APA102_Example.dir/home/jennifer/.pico-sdk/sdk/2.2.0/src/rp2_common/pico_divider/divider_hardware.S.o
                0x10001bc0                __wrap___aeabi_uidiv
                0x10001bc0                __wrap___aeabi_uidivmod
                0x10001bc0                div_u32u32
                0x10001bc0                divmod_u32u32
                0x10001bc8                divmod_u32u32_unsafe
                0x10001bf0                divmod_u32u32_savestate
 .text.__wrap___aeabi_ldiv
                0x10001c0c      0x424 CMakeFiles/Pico_APA102_Example.dir/home/jennifer/.pico-sdk/sdk/2.2.0/src/rp2_common/pico_divider/divider_hardware.S.o
                0x10001c0c                div_s64s64
                0x10001c0c                divmod_s64s64
                0x10001c0c                __wrap___aeabi_ldivmod
                0x10001c3c                div_u64u64
                0x10001c3c                divmod_u64u64
                0x10001c3c                __wrap___aeabi_uldivmod
                0x10001c4c                divmod_u64u64_savestate
                0x10001c6c                divmod_s64s64_unsafe
                0x10001cf4                divmod_u64u64_unsafe
 .text.__wrap___aeabi_darithmetic
                0x10002030       0x80 CMakeFiles/Pico_APA102_Example.dir/home/jennifer/.pico-sdk/sdk/2.2.0/src/rp2_common/pico_double/double_aeabi_rp2040.S.o
                0x10002030                __wrap___aeabi_drsub
                0x10002036                __wrap___aeabi_dsub
                0x10002048                __wrap___aeabi_dadd
                0x1000205a                __wrap___aeabi_ddiv
                0x10002096                __wrap___aeabi_dmul
 .text.__wrap___aeabi_cdcmple
                0x100020b0       0x6c CMakeFiles/Pico_APA102_Example.dir/home/jennifer/.pico-sdk/sdk/2.2.0/src/rp2_common/pico_double/double_aeabi_rp2040.S.o
                0x100020b0                __wrap___aeabi_cdrcmple
                0x100020c0                __wrap___aeabi_cdcmple
                0x100020c0                __wrap___aeabi_cdcmpeq
 .text.__wrap___aeabi_dcmplt
                0x1000211c        0xc CMakeFiles/Pico_APA102_Example.dir/home/jennifer/.pico-sdk/sdk/2.2.0/src/rp2_common/pico_double/double_aeabi_rp2040.S.o
                0x1000211c                __wrap___aeabi_dcmplt
 .text.__wrap___aeabi_dcmple
                0x10002128       0x10 CMakeFiles/Pico_APA102_Example.dir/home/jennifer/.pico-sdk/sdk/2.2.0/src/rp2_common/pico_double/double_aeabi_rp2040.S.o
                0x10002128                __wrap___aeabi_dcmple
 .text.__wrap___aeabi_dcmpge
                0x10002138       0x10 CMakeFiles/Pico_APA102_Example.dir/home/jennifer/.pico-sdk/sdk/2.2.0/src/rp2_common/pico_double/double_aeabi_rp2040.S.o
                0x10002138                __wrap___aeabi_dcmpge
 .text.__wrap___aeabi_dcmpgt
                0x10002148        0xa CMakeFiles/Pico_APA102_Example.dir/home/jennifer/.pico-sdk/sdk/2.2.0/src/rp2_common/pico_double/double_aeabi_rp2040.S.o
                0x10002148                __wrap___aeabi_dcmpgt
 .text.__wrap___aeabi_dcmpun
                0x10002152       0x18 CMakeFiles/Pico_APA102_Example.dir/home/jennifer/.pico-sdk/sdk/2.2.0/src/rp2_common/pico_double/double_aeabi_rp2040.S.o
                0x10002152                __wrap___aeabi_dcmpun
 *fill*         0x1000216a        0x2 
 .text.__wrap___aeabi_i2d
                0x1000216c       0x38 CMakeFiles/Pico_APA102_Example.dir/home/jennifer/.pico-sdk/sdk/2.2.0/src/rp2_common/pico_double/double_aeabi_rp2040.S.o
                0x1000216c                __wrap___aeabi_ui2d
                0x1000216c                uint2double
                0x10002174                __wrap___aeabi_i2d
                0x10002174                int2double
 .text.__wrap___aeabi_d2iz
                0x100021a4       0x48 CMakeFiles/Pico_APA102_Example.dir/home/jennifer/.pico-sdk/sdk/2.2.0/src/rp2_common/pico_double/double_aeabi_rp2040.S.o
                0x100021a4                __wrap___aeabi_d2iz
                0x100021a4                double2int_z
 .text.__wrap___aeabi_d2uiz
                0x100021ec       0x18 CMakeFiles/Pico_APA102_Example.dir/home/jennifer/.pico-sdk/sdk/2.2.0/src/rp2_common/pico_double/double_aeabi_rp2040.S.o
                0x100021ec                double2uint_z
                0x100021ec                double2uint
                0x100021ec                __wrap___aeabi_d2uiz
 .text.__aeabi_double_init
                0x10002204       0xcc CMakeFiles/Pico_APA102_Example.dir/home/jennifer/.pico-sdk/sdk/2.2.0/src/rp2_common/pico_double/double_init_rom_rp2040.c.o
                0x10002204                __aeabi_double_init
 .text.double_table_shim_on_use_helper
                0x100022d0       0x34 CMakeFiles/Pico_APA102_Example.dir/home/jennifer/.pico-sdk/sdk/2.2.0/src/rp2_common/pico_double/double_v1_rom_shim_rp2040.S.o
                0x100022d0                double_table_shim_on_use_helper
 .text.__wrap___aeabi_dsub
                0x10002304       0x10 CMakeFiles/Pico_APA102_Example.dir/home/jennifer/.pico-sdk/sdk/2.2.0/src/rp2_common/pico_double/double_v1_rom_shim_rp2040.S.o
                0x10002304                drsub_shim
                0x1000230a                dsub_shim
 .text.dadd_shim
                0x10002314      0x15c CMakeFiles/Pico_APA102_Example.dir/home/jennifer/.pico-sdk/sdk/2.2.0/src/rp2_common/pico_double/double_v1_rom_shim_rp2040.S.o
                0x10002314                dadd_shim
 .text.dmul_shim
                0x10002470      0x15c CMakeFiles/Pico_APA102_Example.dir/home/jennifer/.pico-sdk/sdk/2.2.0/src/rp2_common/pico_double/double_v1_rom_shim_rp2040.S.o
                0x10002470                dmul_shim
 .text.ddiv_shim
                0x100025cc      0x1b0 CMakeFiles/Pico_APA102_Example.dir/home/jennifer/.pico-sdk/sdk/2.2.0/src/rp2_common/pico_double/double_v1_rom_shim_rp2040.S.o
                0x100025cc                ddiv_shim
 .text.double2uint_shim
                0x1000277c        0xe CMakeFiles/Pico_APA102_Example.dir/home/jennifer/.pico-sdk/sdk/2.2.0/src/rp2_common/pico_double/double_v1_rom_shim_rp2040.S.o
                0x1000277c                double2uint_shim
                0x1000277e                double2ufix_shim
 *fill*         0x1000278a        0x2 
 .text.double2uint64_shim
                0x1000278c       0x70 CMakeFiles/Pico_APA102_Example.dir/home/jennifer/.pico-sdk/sdk/2.2.0/src/rp2_common/pico_double/double_v1_rom_shim_rp2040.S.o
                0x1000278c                double2uint64_shim
                0x1000278e                double2ufix64_shim
                0x100027ae                d2fix_a
 .text.dunpacks
                0x100027fc       0x3c CMakeFiles/Pico_APA102_Example.dir/home/jennifer/.pico-sdk/sdk/2.2.0/src/rp2_common/pico_double/double_v1_rom_shim_rp2040.S.o
                0x100027fc                dunpacks
 .text.__aeabi_lmul
                0x10002838       0x32 CMakeFiles/Pico_APA102_Example.dir/home/jennifer/.pico-sdk/sdk/2.2.0/src/rp2_common/pico_int64_ops/pico_int64_ops_aeabi.S.o
                0x10002838                __wrap___aeabi_lmul
 *fill*         0x1000286a        0x2 
 .text.__aeabi_float_init
                0x1000286c       0xfc CMakeFiles/Pico_APA102_Example.dir/home/jennifer/.pico-sdk/sdk/2.2.0/src/rp2_common/pico_float/float_init_rom_rp2040.c.o
                0x1000286c                __aeabi_float_init
 .text.float_table_shim_on_use_helper
                0x10002968       0x34 CMakeFiles/Pico_APA102_Example.dir/home/jennifer/.pico-sdk/sdk/2.2.0/src/rp2_common/pico_float/float_v1_rom_shim_rp2040.S.o
                0x10002968                float_table_shim_on_use_helper
 .text          0x1000299c       0x10 CMakeFiles/Pico_APA102_Example.dir/home/jennifer/.pico-sdk/sdk/2.2.0/src/rp2_common/pico_mem_ops/mem_ops_aeabi.S.o
                0x1000299c                __aeabi_mem_init
 .text.memset   0x100029ac        0xc CMakeFiles/Pico_APA102_Example.dir/home/jennifer/.pico-sdk/sdk/2.2.0/src/rp2_common/pico_mem_ops/mem_ops_aeabi.S.o
                0x100029ac                __wrap_memset
 .text.memcpy   0x100029b8        0xc CMakeFiles/Pico_APA102_Example.dir/home/jennifer/.pico-sdk/sdk/2.2.0/src/rp2_common/pico_mem_ops/mem_ops_aeabi.S.o
                0x100029b8                __wrap___aeabi_memcpy
                0x100029b8                __wrap_memcpy
 .text._out_null
                0x100029c4        0x2 CMakeFiles/Pico_APA102_Example.dir/home/jennifer/.pico-sdk/sdk/2.2.0/src/rp2_common/pico_printf/printf.c.o
 .text._out_fct
                0x100029c6        0xe CMakeFiles/Pico_APA102_Example.dir/home/jennifer/.pico-sdk/sdk/2.2.0/src/rp2_common/pico_printf/printf.c.o
 .text._atoi    0x100029d4       0x24 CMakeFiles/Pico_APA102_Example.dir/home/jennifer/.pico-sdk/sdk/2.2.0/src/rp2_common/pico_printf/printf.c.o
 .text._out_rev
                0x100029f8       0xb0 CMakeFiles/Pico_APA102_Example.dir/home/jennifer/.pico-sdk/sdk/2.2.0/src/rp2_common/pico_printf/printf.c.o
 .text._ntoa_format
                0x10002aa8      0x10e CMakeFiles/Pico_APA102_Example.dir/home/jennifer/.pico-sdk/sdk/2.2.0/src/rp2_common/pico_printf/printf.c.o
 .text._ntoa_long
                0x10002bb6       0xbc CMakeFiles/Pico_APA102_Example.dir/home/jennifer/.pico-sdk/sdk/2.2.0/src/rp2_common/pico_printf/printf.c.o
 .text._ntoa_long_long
                0x10002c72      0x10e CMakeFiles/Pico_APA102_Example.dir/home/jennifer/.pico-sdk/sdk/2.2.0/src/rp2_common/pico_printf/printf.c.o
 .text._etoa    0x10002d80      0x424 CMakeFiles/Pico_APA102_Example.dir/home/jennifer/.pico-sdk/sdk/2.2.0/src/rp2_common/pico_printf/printf.c.o
 .text._ftoa    0x100031a4      0x348 CMakeFiles/Pico_APA102_Example.dir/home/jennifer/.pico-sdk/sdk/2.2.0/src/rp2_common/pico_printf/printf.c.o
 .text._vsnprintf
                0x100034ec      0x6a4 CMakeFiles/Pico_APA102_Example.dir/home/jennifer/.pico-sdk/sdk/2.2.0/src/rp2_common/pico_printf/printf.c.o
 .text.vfctprintf
                0x10003b90       0x24 CMakeFiles/Pico_APA102_Example.dir/home/jennifer/.pico-sdk/sdk/2.2.0/src/rp2_common/pico_printf/printf.c.o
                0x10003b90                vfctprintf
 .text._exit    0x10003bb4        0x4 CMakeFiles/Pico_APA102_Example.dir/home/jennifer/.pico-sdk/sdk/2.2.0/src/rp2_common/pico_clib_interface/newlib_interface.c.o
                0x10003bb4                _exit
 .text.exit     0x10003bb8        0x6 CMakeFiles/Pico_APA102_Example.dir/home/jennifer/.pico-sdk/sdk/2.2.0/src/rp2_common/pico_clib_interface/newlib_interface.c.o
                0x10003bb8                exit
 *fill*         0x10003bbe        0x2 
 .text.__assert_func
                0x10003bc0       0x38 CMakeFiles/Pico_APA102_Example.dir/home/jennifer/.pico-sdk/sdk/2.2.0/src/rp2_common/pico_clib_interface/newlib_interface.c.o
                0x10003bc0                __assert_func
 .text.runtime_init
                0x10003bf8       0x28 CMakeFiles/Pico_APA102_Example.dir/home/jennifer/.pico-sdk/sdk/2.2.0/src/rp2_common/pico_clib_interface/newlib_interface.c.o
                0x10003bf8                runtime_init
 .text.stdio_out_chars_no_crlf
                0x10003c20        0xe CMakeFiles/Pico_APA102_Example.dir/home/jennifer/.pico-sdk/sdk/2.2.0/src/rp2_common/pico_stdio/stdio.c.o
 *fill*         0x10003c2e        0x2 
 .text.stdio_out_chars_crlf
                0x10003c30       0x80 CMakeFiles/Pico_APA102_Example.dir/home/jennifer/.pico-sdk/sdk/2.2.0/src/rp2_common/pico_stdio/stdio.c.o
 .text.stdio_stack_buffer_flush
                0x10003cb0       0x44 CMakeFiles/Pico_APA102_Example.dir/home/jennifer/.pico-sdk/sdk/2.2.0/src/rp2_common/pico_stdio/stdio.c.o
 .text.stdio_buffered_printer
                0x10003cf4       0x20 CMakeFiles/Pico_APA102_Example.dir/home/jennifer/.pico-sdk/sdk/2.2.0/src/rp2_common/pico_stdio/stdio.c.o
 .text.stdout_serialize_begin
                0x10003d14       0x30 CMakeFiles/Pico_APA102_Example.dir/home/jennifer/.pico-sdk/sdk/2.2.0/src/rp2_common/pico_stdio/stdio.c.o
                0x10003d14                stdout_serialize_begin
 .text.stdout_serialize_end
                0x10003d44       0x10 CMakeFiles/Pico_APA102_Example.dir/home/jennifer/.pico-sdk/sdk/2.2.0/src/rp2_common/pico_stdio/stdio.c.o
                0x10003d44                stdout_serialize_end
 .text.stdio_put_string
                0x10003d54       0x94 CMakeFiles/Pico_APA102_Example.dir/home/jennifer/.pico-sdk/sdk/2.2.0/src/rp2_common/pico_stdio/stdio.c.o
                0x10003d54                stdio_put_string
 .text.stdio_set_driver_enabled
                0x10003de8       0x30 CMakeFiles/Pico_APA102_Example.dir/home/jennifer/.pico-sdk/sdk/2.2.0/src/rp2_common/pico_stdio/stdio.c.o
                0x10003de8                stdio_set_driver_enabled
 .text.stdio_flush
                0x10003e18       0x20 CMakeFiles/Pico_APA102_Example.dir/home/jennifer/.pico-sdk/sdk/2.2.0/src/rp2_common/pico_stdio/stdio.c.o
                0x10003e18                stdio_flush
 .text.stdio_init_all
                0x10003e38        0x8 CMakeFiles/Pico_APA102_Example.dir/home/jennifer/.pico-sdk/sdk/2.2.0/src/rp2_common/pico_stdio/stdio.c.o
                0x10003e38                stdio_init_all
 .text.__wrap_puts
                0x10003e40       0x1e CMakeFiles/Pico_APA102_Example.dir/home/jennifer/.pico-sdk/sdk/2.2.0/src/rp2_common/pico_stdio/stdio.c.o
                0x10003e40                __wrap_puts
                0x10003e40                stdio_puts
 *fill*         0x10003e5e        0x2 
 .text.__wrap_vprintf
                0x10003e60       0x40 CMakeFiles/Pico_APA102_Example.dir/home/jennifer/.pico-sdk/sdk/2.2.0/src/rp2_common/pico_stdio/stdio.c.o
                0x10003e60                __wrap_vprintf
                0x10003e60                stdio_vprintf
 .text.__wrap_printf
                0x10003ea0       0x18 CMakeFiles/Pico_APA102_Example.dir/home/jennifer/.pico-sdk/sdk/2.2.0/src/rp2_common/pico_stdio/stdio.c.o
                0x10003ea0                stdio_printf
                0x10003ea0                __wrap_printf
 .text.resetd_init
                0x10003eb8        0x2 CMakeFiles/Pico_APA102_Example.dir/home/jennifer/.pico-sdk/sdk/2.2.0/src/rp2_common/pico_stdio_usb/reset_interface.c.o
 *fill*         0x10003eba        0x2 
 .text.resetd_reset
                0x10003ebc        0xc CMakeFiles/Pico_APA102_Example.dir/home/jennifer/.pico-sdk/sdk/2.2.0/src/rp2_common/pico_stdio_usb/reset_interface.c.o
 .text.resetd_open
                0x10003ec8       0x34 CMakeFiles/Pico_APA102_Example.dir/home/jennifer/.pico-sdk/sdk/2.2.0/src/rp2_common/pico_stdio_usb/reset_interface.c.o
 .text.resetd_xfer_cb
                0x10003efc        0x4 CMakeFiles/Pico_APA102_Example.dir/home/jennifer/.pico-sdk/sdk/2.2.0/src/rp2_common/pico_stdio_usb/reset_interface.c.o
 .text.resetd_control_xfer_cb
                0x10003f00       0x60 CMakeFiles/Pico_APA102_Example.dir/home/jennifer/.pico-sdk/sdk/2.2.0/src/rp2_common/pico_stdio_usb/reset_interface.c.o
 .text.tud_descriptor_bos_cb
                0x10003f60        0x8 CMakeFiles/Pico_APA102_Example.dir/home/jennifer/.pico-sdk/sdk/2.2.0/src/rp2_common/pico_stdio_usb/reset_interface.c.o
                0x10003f60                tud_descriptor_bos_cb
 .text.tud_vendor_control_xfer_cb
                0x10003f68       0x38 CMakeFiles/Pico_APA102_Example.dir/home/jennifer/.pico-sdk/sdk/2.2.0/src/rp2_common/pico_stdio_usb/reset_interface.c.o
                0x10003f68                tud_vendor_control_xfer_cb
 .text.usbd_app_driver_get_cb
                0x10003fa0        0xc CMakeFiles/Pico_APA102_Example.dir/home/jennifer/.pico-sdk/sdk/2.2.0/src/rp2_common/pico_stdio_usb/reset_interface.c.o
                0x10003fa0                usbd_app_driver_get_cb
 .text.tud_cdc_line_coding_cb
                0x10003fac       0x2c CMakeFiles/Pico_APA102_Example.dir/home/jennifer/.pico-sdk/sdk/2.2.0/src/rp2_common/pico_stdio_usb/reset_interface.c.o
                0x10003fac                tud_cdc_line_coding_cb
 .text.stdio_usb_set_chars_available_callback
                0x10003fd8       0x14 CMakeFiles/Pico_APA102_Example.dir/home/jennifer/.pico-sdk/sdk/2.2.0/src/rp2_common/pico_stdio_usb/stdio_usb.c.o
                0x10003fd8                stdio_usb_set_chars_available_callback
 .text.stdio_usb_out_flush
                0x10003fec       0x4c CMakeFiles/Pico_APA102_Example.dir/home/jennifer/.pico-sdk/sdk/2.2.0/src/rp2_common/pico_stdio_usb/stdio_usb.c.o
 .text.usb_irq  0x10004038       0x10 CMakeFiles/Pico_APA102_Example.dir/home/jennifer/.pico-sdk/sdk/2.2.0/src/rp2_common/pico_stdio_usb/stdio_usb.c.o
 .text.timer_task
                0x10004048       0x6c CMakeFiles/Pico_APA102_Example.dir/home/jennifer/.pico-sdk/sdk/2.2.0/src/rp2_common/pico_stdio_usb/stdio_usb.c.o
 .text.alarm_pool_add_alarm_in_us
                0x100040b4       0x40 CMakeFiles/Pico_APA102_Example.dir/home/jennifer/.pico-sdk/sdk/2.2.0/src/rp2_common/pico_stdio_usb/stdio_usb.c.o
 .text.add_alarm_in_us
                0x100040f4       0x2e CMakeFiles/Pico_APA102_Example.dir/home/jennifer/.pico-sdk/sdk/2.2.0/src/rp2_common/pico_stdio_usb/stdio_usb.c.o
 *fill*         0x10004122        0x2 
 .text.low_priority_worker_irq
                0x10004124       0xa8 CMakeFiles/Pico_APA102_Example.dir/home/jennifer/.pico-sdk/sdk/2.2.0/src/rp2_common/pico_stdio_usb/stdio_usb.c.o
 .text.stdio_usb_init
                0x100041cc       0xe0 CMakeFiles/Pico_APA102_Example.dir/home/jennifer/.pico-sdk/sdk/2.2.0/src/rp2_common/pico_stdio_usb/stdio_usb.c.o
                0x100041cc                stdio_usb_init
 .text.stdio_usb_connected
                0x100042ac        0xa CMakeFiles/Pico_APA102_Example.dir/home/jennifer/.pico-sdk/sdk/2.2.0/src/rp2_common/pico_stdio_usb/stdio_usb.c.o
                0x100042ac                stdio_usb_connected
 *fill*         0x100042b6        0x2 
 .text.stdio_usb_in_chars
                0x100042b8       0x98 CMakeFiles/Pico_APA102_Example.dir/home/jennifer/.pico-sdk/sdk/2.2.0/src/rp2_common/pico_stdio_usb/stdio_usb.c.o
                0x100042b8                stdio_usb_in_chars
 .text.stdio_usb_out_chars
                0x10004350       0xe8 CMakeFiles/Pico_APA102_Example.dir/home/jennifer/.pico-sdk/sdk/2.2.0/src/rp2_common/pico_stdio_usb/stdio_usb.c.o
 .text.tud_descriptor_device_cb
                0x10004438        0x8 CMakeFiles/Pico_APA102_Example.dir/home/jennifer/.pico-sdk/sdk/2.2.0/src/rp2_common/pico_stdio_usb/stdio_usb_descriptors.c.o
                0x10004438                tud_descriptor_device_cb
 .text.tud_descriptor_configuration_cb
                0x10004440        0x8 CMakeFiles/Pico_APA102_Example.dir/home/jennifer/.pico-sdk/sdk/2.2.0/src/rp2_common/pico_stdio_usb/stdio_usb_descriptors.c.o
                0x10004440                tud_descriptor_configuration_cb
 .text.tud_descriptor_string_cb
                0x10004448       0x6c CMakeFiles/Pico_APA102_Example.dir/home/jennifer/.pico-sdk/sdk/2.2.0/src/rp2_common/pico_stdio_usb/stdio_usb_descriptors.c.o
                0x10004448                tud_descriptor_string_cb
 .text._retrieve_unique_id_on_boot
                0x100044b4       0x10 CMakeFiles/Pico_APA102_Example.dir/home/jennifer/.pico-sdk/sdk/2.2.0/src/rp2_common/pico_unique_id/unique_id.c.o
 .text.pico_get_unique_board_id_string
                0x100044c4       0x58 CMakeFiles/Pico_APA102_Example.dir/home/jennifer/.pico-sdk/sdk/2.2.0/src/rp2_common/pico_unique_id/unique_id.c.o
                0x100044c4                pico_get_unique_board_id_string
 .text.flash_get_unique_id
                0x1000451c       0x40 CMakeFiles/Pico_APA102_Example.dir/home/jennifer/.pico-sdk/sdk/2.2.0/src/rp2_common/hardware_flash/flash.c.o
                0x1000451c                flash_get_unique_id
 .text.hw_endpoint_init
                0x1000455c       0xc0 CMakeFiles/Pico_APA102_Example.dir/home/jennifer/.pico-sdk/sdk/2.2.0/lib/tinyusb/src/portable/raspberrypi/rp2040/dcd_rp2040.c.o
 .text.hw_endpoint_alloc
                0x1000461c       0x48 CMakeFiles/Pico_APA102_Example.dir/home/jennifer/.pico-sdk/sdk/2.2.0/lib/tinyusb/src/portable/raspberrypi/rp2040/dcd_rp2040.c.o
 .text.hw_endpoint_open
                0x10004664       0x50 CMakeFiles/Pico_APA102_Example.dir/home/jennifer/.pico-sdk/sdk/2.2.0/lib/tinyusb/src/portable/raspberrypi/rp2040/dcd_rp2040.c.o
 .text.hw_endpoint_xfer
                0x100046b4       0x20 CMakeFiles/Pico_APA102_Example.dir/home/jennifer/.pico-sdk/sdk/2.2.0/lib/tinyusb/src/portable/raspberrypi/rp2040/dcd_rp2040.c.o
 .text.dcd_int_enable
                0x100046d4       0x2c CMakeFiles/Pico_APA102_Example.dir/home/jennifer/.pico-sdk/sdk/2.2.0/lib/tinyusb/src/portable/raspberrypi/rp2040/dcd_rp2040.c.o
                0x100046d4                dcd_int_enable
 .text.dcd_set_address
                0x10004700       0x2c CMakeFiles/Pico_APA102_Example.dir/home/jennifer/.pico-sdk/sdk/2.2.0/lib/tinyusb/src/portable/raspberrypi/rp2040/dcd_rp2040.c.o
                0x10004700                dcd_set_address
 .text.dcd_connect
                0x1000472c       0x10 CMakeFiles/Pico_APA102_Example.dir/home/jennifer/.pico-sdk/sdk/2.2.0/lib/tinyusb/src/portable/raspberrypi/rp2040/dcd_rp2040.c.o
                0x1000472c                dcd_connect
 .text.dcd_init
                0x1000473c       0x80 CMakeFiles/Pico_APA102_Example.dir/home/jennifer/.pico-sdk/sdk/2.2.0/lib/tinyusb/src/portable/raspberrypi/rp2040/dcd_rp2040.c.o
                0x1000473c                dcd_init
 .text.dcd_sof_enable
                0x100047bc       0x1c CMakeFiles/Pico_APA102_Example.dir/home/jennifer/.pico-sdk/sdk/2.2.0/lib/tinyusb/src/portable/raspberrypi/rp2040/dcd_rp2040.c.o
                0x100047bc                dcd_sof_enable
 .text.dcd_edpt0_status_complete
                0x100047d8       0x1c CMakeFiles/Pico_APA102_Example.dir/home/jennifer/.pico-sdk/sdk/2.2.0/lib/tinyusb/src/portable/raspberrypi/rp2040/dcd_rp2040.c.o
                0x100047d8                dcd_edpt0_status_complete
 .text.dcd_edpt_open
                0x100047f4       0x26 CMakeFiles/Pico_APA102_Example.dir/home/jennifer/.pico-sdk/sdk/2.2.0/lib/tinyusb/src/portable/raspberrypi/rp2040/dcd_rp2040.c.o
                0x100047f4                dcd_edpt_open
 .text.dcd_edpt_close_all
                0x1000481a        0x8 CMakeFiles/Pico_APA102_Example.dir/home/jennifer/.pico-sdk/sdk/2.2.0/lib/tinyusb/src/portable/raspberrypi/rp2040/dcd_rp2040.c.o
                0x1000481a                dcd_edpt_close_all
 *fill*         0x10004822        0x2 
 .text.dcd_edpt_xfer
                0x10004824       0x30 CMakeFiles/Pico_APA102_Example.dir/home/jennifer/.pico-sdk/sdk/2.2.0/lib/tinyusb/src/portable/raspberrypi/rp2040/dcd_rp2040.c.o
                0x10004824                dcd_edpt_xfer
 .text.dcd_edpt_stall
                0x10004854       0x3c CMakeFiles/Pico_APA102_Example.dir/home/jennifer/.pico-sdk/sdk/2.2.0/lib/tinyusb/src/portable/raspberrypi/rp2040/dcd_rp2040.c.o
                0x10004854                dcd_edpt_stall
 .text.dcd_edpt_clear_stall
                0x10004890       0x30 CMakeFiles/Pico_APA102_Example.dir/home/jennifer/.pico-sdk/sdk/2.2.0/lib/tinyusb/src/portable/raspberrypi/rp2040/dcd_rp2040.c.o
                0x10004890                dcd_edpt_clear_stall
 .text.unaligned_memcpy
                0x100048c0       0x14 CMakeFiles/Pico_APA102_Example.dir/home/jennifer/.pico-sdk/sdk/2.2.0/lib/tinyusb/src/portable/raspberrypi/rp2040/rp2040_usb.c.o
 .text.rp2040_usb_init
                0x100048d4       0x44 CMakeFiles/Pico_APA102_Example.dir/home/jennifer/.pico-sdk/sdk/2.2.0/lib/tinyusb/src/portable/raspberrypi/rp2040/rp2040_usb.c.o
                0x100048d4                rp2040_usb_init
 .text.hw_endpoint_xfer_start
                0x10004918       0x60 CMakeFiles/Pico_APA102_Example.dir/home/jennifer/.pico-sdk/sdk/2.2.0/lib/tinyusb/src/portable/raspberrypi/rp2040/rp2040_usb.c.o
                0x10004918                hw_endpoint_xfer_start
 .text.configuration_reset
                0x10004978       0x84 CMakeFiles/Pico_APA102_Example.dir/home/jennifer/.pico-sdk/sdk/2.2.0/lib/tinyusb/src/device/usbd.c.o
 .text.usbd_reset
                0x100049fc        0xc CMakeFiles/Pico_APA102_Example.dir/home/jennifer/.pico-sdk/sdk/2.2.0/lib/tinyusb/src/device/usbd.c.o
 .text.invoke_class_control
                0x10004a08       0x1a CMakeFiles/Pico_APA102_Example.dir/home/jennifer/.pico-sdk/sdk/2.2.0/lib/tinyusb/src/device/usbd.c.o
 *fill*         0x10004a22        0x2 
 .text.process_set_config
                0x10004a24      0x1b0 CMakeFiles/Pico_APA102_Example.dir/home/jennifer/.pico-sdk/sdk/2.2.0/lib/tinyusb/src/device/usbd.c.o
 .text.tud_event_hook_cb
                0x10004bd4        0x2 CMakeFiles/Pico_APA102_Example.dir/home/jennifer/.pico-sdk/sdk/2.2.0/lib/tinyusb/src/device/usbd.c.o
                0x10004bd4                tud_event_hook_cb
 .text.tud_sof_cb
                0x10004bd6        0x2 CMakeFiles/Pico_APA102_Example.dir/home/jennifer/.pico-sdk/sdk/2.2.0/lib/tinyusb/src/device/usbd.c.o
                0x10004bd6                tud_sof_cb
 .text.tud_descriptor_device_qualifier_cb
                0x10004bd8        0x4 CMakeFiles/Pico_APA102_Example.dir/home/jennifer/.pico-sdk/sdk/2.2.0/lib/tinyusb/src/device/usbd.c.o
                0x10004bd8                tud_descriptor_device_qualifier_cb
 .text.tud_descriptor_other_speed_configuration_cb
                0x10004bdc        0x4 CMakeFiles/Pico_APA102_Example.dir/home/jennifer/.pico-sdk/sdk/2.2.0/lib/tinyusb/src/device/usbd.c.o
                0x10004bdc                tud_descriptor_other_speed_configuration_cb
 .text.process_get_descriptor
                0x10004be0       0xe0 CMakeFiles/Pico_APA102_Example.dir/home/jennifer/.pico-sdk/sdk/2.2.0/lib/tinyusb/src/device/usbd.c.o
 .text.tud_mount_cb
                0x10004cc0        0x2 CMakeFiles/Pico_APA102_Example.dir/home/jennifer/.pico-sdk/sdk/2.2.0/lib/tinyusb/src/device/usbd.c.o
                0x10004cc0                tud_mount_cb
 .text.tud_umount_cb
                0x10004cc2        0x2 CMakeFiles/Pico_APA102_Example.dir/home/jennifer/.pico-sdk/sdk/2.2.0/lib/tinyusb/src/device/usbd.c.o
                0x10004cc2                tud_umount_cb
 .text.tud_suspend_cb
                0x10004cc4        0x2 CMakeFiles/Pico_APA102_Example.dir/home/jennifer/.pico-sdk/sdk/2.2.0/lib/tinyusb/src/device/usbd.c.o
                0x10004cc4                tud_suspend_cb
 .text.tud_resume_cb
                0x10004cc6        0x2 CMakeFiles/Pico_APA102_Example.dir/home/jennifer/.pico-sdk/sdk/2.2.0/lib/tinyusb/src/device/usbd.c.o
                0x10004cc6                tud_resume_cb
 .text.tud_mounted
                0x10004cc8       0x10 CMakeFiles/Pico_APA102_Example.dir/home/jennifer/.pico-sdk/sdk/2.2.0/lib/tinyusb/src/device/usbd.c.o
                0x10004cc8                tud_mounted
 .text.tud_suspended
                0x10004cd8       0x10 CMakeFiles/Pico_APA102_Example.dir/home/jennifer/.pico-sdk/sdk/2.2.0/lib/tinyusb/src/device/usbd.c.o
                0x10004cd8                tud_suspended
 .text.tud_inited
                0x10004ce8       0x14 CMakeFiles/Pico_APA102_Example.dir/home/jennifer/.pico-sdk/sdk/2.2.0/lib/tinyusb/src/device/usbd.c.o
                0x10004ce8                tud_inited
 .text.tud_rhport_init
                0x10004cfc      0x100 CMakeFiles/Pico_APA102_Example.dir/home/jennifer/.pico-sdk/sdk/2.2.0/lib/tinyusb/src/device/usbd.c.o
                0x10004cfc                tud_rhport_init
 .text.usbd_edpt_open
                0x10004dfc       0x60 CMakeFiles/Pico_APA102_Example.dir/home/jennifer/.pico-sdk/sdk/2.2.0/lib/tinyusb/src/device/usbd.c.o
                0x10004dfc                usbd_edpt_open
 .text.usbd_open_edpt_pair
                0x10004e5c       0x88 CMakeFiles/Pico_APA102_Example.dir/home/jennifer/.pico-sdk/sdk/2.2.0/lib/tinyusb/src/device/usbd.c.o
                0x10004e5c                usbd_open_edpt_pair
 .text.usbd_edpt_claim
                0x10004ee4       0x28 CMakeFiles/Pico_APA102_Example.dir/home/jennifer/.pico-sdk/sdk/2.2.0/lib/tinyusb/src/device/usbd.c.o
                0x10004ee4                usbd_edpt_claim
 .text.usbd_edpt_release
                0x10004f0c       0x28 CMakeFiles/Pico_APA102_Example.dir/home/jennifer/.pico-sdk/sdk/2.2.0/lib/tinyusb/src/device/usbd.c.o
                0x10004f0c                usbd_edpt_release
 .text.usbd_edpt_xfer
                0x10004f34       0x88 CMakeFiles/Pico_APA102_Example.dir/home/jennifer/.pico-sdk/sdk/2.2.0/lib/tinyusb/src/device/usbd.c.o
                0x10004f34                usbd_edpt_xfer
 .text.usbd_edpt_stall
                0x10004fbc       0x34 CMakeFiles/Pico_APA102_Example.dir/home/jennifer/.pico-sdk/sdk/2.2.0/lib/tinyusb/src/device/usbd.c.o
                0x10004fbc                usbd_edpt_stall
 .text.usbd_edpt_clear_stall
                0x10004ff0       0x34 CMakeFiles/Pico_APA102_Example.dir/home/jennifer/.pico-sdk/sdk/2.2.0/lib/tinyusb/src/device/usbd.c.o
                0x10004ff0                usbd_edpt_clear_stall
 .text.usbd_edpt_stalled
                0x10005024       0x1c CMakeFiles/Pico_APA102_Example.dir/home/jennifer/.pico-sdk/sdk/2.2.0/lib/tinyusb/src/device/usbd.c.o
                0x10005024                usbd_edpt_stalled
 .text.process_control_request
                0x10005040      0x384 CMakeFiles/Pico_APA102_Example.dir/home/jennifer/.pico-sdk/sdk/2.2.0/lib/tinyusb/src/device/usbd.c.o
 .text.tud_task_ext
                0x100053c4      0x1d0 CMakeFiles/Pico_APA102_Example.dir/home/jennifer/.pico-sdk/sdk/2.2.0/lib/tinyusb/src/device/usbd.c.o
                0x100053c4                tud_task_ext
 .text.status_stage_xact
                0x10005594       0x1a CMakeFiles/Pico_APA102_Example.dir/home/jennifer/.pico-sdk/sdk/2.2.0/lib/tinyusb/src/device/usbd_control.c.o
 *fill*         0x100055ae        0x2 
 .text.data_stage_xact
                0x100055b0       0x60 CMakeFiles/Pico_APA102_Example.dir/home/jennifer/.pico-sdk/sdk/2.2.0/lib/tinyusb/src/device/usbd_control.c.o
 .text.tud_control_status
                0x10005610       0x28 CMakeFiles/Pico_APA102_Example.dir/home/jennifer/.pico-sdk/sdk/2.2.0/lib/tinyusb/src/device/usbd_control.c.o
                0x10005610                tud_control_status
 .text.tud_control_xfer
                0x10005638       0x98 CMakeFiles/Pico_APA102_Example.dir/home/jennifer/.pico-sdk/sdk/2.2.0/lib/tinyusb/src/device/usbd_control.c.o
                0x10005638                tud_control_xfer
 .text.usbd_control_reset
                0x100056d0       0x14 CMakeFiles/Pico_APA102_Example.dir/home/jennifer/.pico-sdk/sdk/2.2.0/lib/tinyusb/src/device/usbd_control.c.o
                0x100056d0                usbd_control_reset
 .text.usbd_control_set_complete_callback
                0x100056e4        0xc CMakeFiles/Pico_APA102_Example.dir/home/jennifer/.pico-sdk/sdk/2.2.0/lib/tinyusb/src/device/usbd_control.c.o
                0x100056e4                usbd_control_set_complete_callback
 .text.usbd_control_set_request
                0x100056f0       0x1c CMakeFiles/Pico_APA102_Example.dir/home/jennifer/.pico-sdk/sdk/2.2.0/lib/tinyusb/src/device/usbd_control.c.o
                0x100056f0                usbd_control_set_request
 .text.usbd_control_xfer_cb
                0x1000570c       0xe0 CMakeFiles/Pico_APA102_Example.dir/home/jennifer/.pico-sdk/sdk/2.2.0/lib/tinyusb/src/device/usbd_control.c.o
                0x1000570c                usbd_control_xfer_cb
 .text._prep_out_transaction
                0x100057ec       0x94 CMakeFiles/Pico_APA102_Example.dir/home/jennifer/.pico-sdk/sdk/2.2.0/lib/tinyusb/src/class/cdc/cdc_device.c.o
 .text.tud_cdc_n_connected
                0x10005880       0x38 CMakeFiles/Pico_APA102_Example.dir/home/jennifer/.pico-sdk/sdk/2.2.0/lib/tinyusb/src/class/cdc/cdc_device.c.o
                0x10005880                tud_cdc_n_connected
 .text.tud_cdc_n_available
                0x100058b8       0x18 CMakeFiles/Pico_APA102_Example.dir/home/jennifer/.pico-sdk/sdk/2.2.0/lib/tinyusb/src/class/cdc/cdc_device.c.o
                0x100058b8                tud_cdc_n_available
 .text.tud_cdc_n_read
                0x100058d0       0x38 CMakeFiles/Pico_APA102_Example.dir/home/jennifer/.pico-sdk/sdk/2.2.0/lib/tinyusb/src/class/cdc/cdc_device.c.o
                0x100058d0                tud_cdc_n_read
 .text.tud_cdc_n_write_flush
                0x10005908       0xb0 CMakeFiles/Pico_APA102_Example.dir/home/jennifer/.pico-sdk/sdk/2.2.0/lib/tinyusb/src/class/cdc/cdc_device.c.o
                0x10005908                tud_cdc_n_write_flush
 .text.tud_cdc_n_write
                0x100059b8       0x48 CMakeFiles/Pico_APA102_Example.dir/home/jennifer/.pico-sdk/sdk/2.2.0/lib/tinyusb/src/class/cdc/cdc_device.c.o
                0x100059b8                tud_cdc_n_write
 .text.tud_cdc_n_write_available
                0x10005a00       0x18 CMakeFiles/Pico_APA102_Example.dir/home/jennifer/.pico-sdk/sdk/2.2.0/lib/tinyusb/src/class/cdc/cdc_device.c.o
                0x10005a00                tud_cdc_n_write_available
 .text.cdcd_init
                0x10005a18       0xac CMakeFiles/Pico_APA102_Example.dir/home/jennifer/.pico-sdk/sdk/2.2.0/lib/tinyusb/src/class/cdc/cdc_device.c.o
                0x10005a18                cdcd_init
 .text.cdcd_deinit
                0x10005ac4       0x48 CMakeFiles/Pico_APA102_Example.dir/home/jennifer/.pico-sdk/sdk/2.2.0/lib/tinyusb/src/class/cdc/cdc_device.c.o
                0x10005ac4                cdcd_deinit
 .text.cdcd_reset
                0x10005b0c       0x70 CMakeFiles/Pico_APA102_Example.dir/home/jennifer/.pico-sdk/sdk/2.2.0/lib/tinyusb/src/class/cdc/cdc_device.c.o
                0x10005b0c                cdcd_reset
 .text.cdcd_open
                0x10005b7c       0xec CMakeFiles/Pico_APA102_Example.dir/home/jennifer/.pico-sdk/sdk/2.2.0/lib/tinyusb/src/class/cdc/cdc_device.c.o
                0x10005b7c                cdcd_open
 .text.cdcd_control_xfer_cb
                0x10005c68      0x13c CMakeFiles/Pico_APA102_Example.dir/home/jennifer/.pico-sdk/sdk/2.2.0/lib/tinyusb/src/class/cdc/cdc_device.c.o
                0x10005c68                cdcd_control_xfer_cb
 .text.cdcd_xfer_cb
                0x10005da4      0x148 CMakeFiles/Pico_APA102_Example.dir/home/jennifer/.pico-sdk/sdk/2.2.0/lib/tinyusb/src/class/cdc/cdc_device.c.o
                0x10005da4                cdcd_xfer_cb
 .text.tud_vendor_n_mounted
                0x10005eec       0x3c CMakeFiles/Pico_APA102_Example.dir/home/jennifer/.pico-sdk/sdk/2.2.0/lib/tinyusb/src/class/vendor/vendor_device.c.o
                0x10005eec                tud_vendor_n_mounted
 .text.tud_vendor_n_write_flush
                0x10005f28       0x20 CMakeFiles/Pico_APA102_Example.dir/home/jennifer/.pico-sdk/sdk/2.2.0/lib/tinyusb/src/class/vendor/vendor_device.c.o
                0x10005f28                tud_vendor_n_write_flush
 .text.vendord_init
                0x10005f48       0x9c CMakeFiles/Pico_APA102_Example.dir/home/jennifer/.pico-sdk/sdk/2.2.0/lib/tinyusb/src/class/vendor/vendor_device.c.o
                0x10005f48                vendord_init
 .text.vendord_deinit
                0x10005fe4       0x34 CMakeFiles/Pico_APA102_Example.dir/home/jennifer/.pico-sdk/sdk/2.2.0/lib/tinyusb/src/class/vendor/vendor_device.c.o
                0x10005fe4                vendord_deinit
 .text.vendord_reset
                0x10006018       0x50 CMakeFiles/Pico_APA102_Example.dir/home/jennifer/.pico-sdk/sdk/2.2.0/lib/tinyusb/src/class/vendor/vendor_device.c.o
                0x10006018                vendord_reset
 .text.vendord_open
                0x10006068      0x14c CMakeFiles/Pico_APA102_Example.dir/home/jennifer/.pico-sdk/sdk/2.2.0/lib/tinyusb/src/class/vendor/vendor_device.c.o
                0x10006068                vendord_open
 .text.vendord_xfer_cb
                0x100061b4       0xd8 CMakeFiles/Pico_APA102_Example.dir/home/jennifer/.pico-sdk/sdk/2.2.0/lib/tinyusb/src/class/vendor/vendor_device.c.o
                0x100061b4                vendord_xfer_cb
 .text.tusb_rhport_init
                0x1000628c       0x78 CMakeFiles/Pico_APA102_Example.dir/home/jennifer/.pico-sdk/sdk/2.2.0/lib/tinyusb/src/tusb.c.o
                0x1000628c                tusb_rhport_init
 .text.tu_edpt_claim
                0x10006304       0x50 CMakeFiles/Pico_APA102_Example.dir/home/jennifer/.pico-sdk/sdk/2.2.0/lib/tinyusb/src/tusb.c.o
                0x10006304                tu_edpt_claim
 .text.tu_edpt_release
                0x10006354       0x38 CMakeFiles/Pico_APA102_Example.dir/home/jennifer/.pico-sdk/sdk/2.2.0/lib/tinyusb/src/tusb.c.o
                0x10006354                tu_edpt_release
 .text.tu_edpt_validate
                0x1000638c       0xac CMakeFiles/Pico_APA102_Example.dir/home/jennifer/.pico-sdk/sdk/2.2.0/lib/tinyusb/src/tusb.c.o
                0x1000638c                tu_edpt_validate
 .text.tu_edpt_bind_driver
                0x10006438       0x26 CMakeFiles/Pico_APA102_Example.dir/home/jennifer/.pico-sdk/sdk/2.2.0/lib/tinyusb/src/tusb.c.o
                0x10006438                tu_edpt_bind_driver
 .text.tu_edpt_stream_init
                0x1000645e       0x62 CMakeFiles/Pico_APA102_Example.dir/home/jennifer/.pico-sdk/sdk/2.2.0/lib/tinyusb/src/tusb.c.o
                0x1000645e                tu_edpt_stream_init
 .text.tu_edpt_stream_deinit
                0x100064c0        0x4 CMakeFiles/Pico_APA102_Example.dir/home/jennifer/.pico-sdk/sdk/2.2.0/lib/tinyusb/src/tusb.c.o
                0x100064c0                tu_edpt_stream_deinit
 .text.tu_edpt_stream_write_zlp_if_needed
                0x100064c4       0x80 CMakeFiles/Pico_APA102_Example.dir/home/jennifer/.pico-sdk/sdk/2.2.0/lib/tinyusb/src/tusb.c.o
                0x100064c4                tu_edpt_stream_write_zlp_if_needed
 .text.tu_edpt_stream_write_xfer
                0x10006544       0x84 CMakeFiles/Pico_APA102_Example.dir/home/jennifer/.pico-sdk/sdk/2.2.0/lib/tinyusb/src/tusb.c.o
                0x10006544                tu_edpt_stream_write_xfer
 .text.tu_edpt_stream_read_xfer
                0x100065c8       0xf4 CMakeFiles/Pico_APA102_Example.dir/home/jennifer/.pico-sdk/sdk/2.2.0/lib/tinyusb/src/tusb.c.o
                0x100065c8                tu_edpt_stream_read_xfer
 .text.advance_index
                0x100066bc       0x1a CMakeFiles/Pico_APA102_Example.dir/home/jennifer/.pico-sdk/sdk/2.2.0/lib/tinyusb/src/common/tusb_fifo.c.o
 .text._tu_fifo_peek
                0x100066d6       0x56 CMakeFiles/Pico_APA102_Example.dir/home/jennifer/.pico-sdk/sdk/2.2.0/lib/tinyusb/src/common/tusb_fifo.c.o
 .text._ff_pull_n
                0x1000672c       0x68 CMakeFiles/Pico_APA102_Example.dir/home/jennifer/.pico-sdk/sdk/2.2.0/lib/tinyusb/src/common/tusb_fifo.c.o
 .text._tu_fifo_peek_n
                0x10006794       0x6a CMakeFiles/Pico_APA102_Example.dir/home/jennifer/.pico-sdk/sdk/2.2.0/lib/tinyusb/src/common/tusb_fifo.c.o
 .text._tu_fifo_read_n
                0x100067fe       0x4e CMakeFiles/Pico_APA102_Example.dir/home/jennifer/.pico-sdk/sdk/2.2.0/lib/tinyusb/src/common/tusb_fifo.c.o
 .text._ff_push_n
                0x1000684c       0x68 CMakeFiles/Pico_APA102_Example.dir/home/jennifer/.pico-sdk/sdk/2.2.0/lib/tinyusb/src/common/tusb_fifo.c.o
 .text._tu_fifo_write_n
                0x100068b4       0xf0 CMakeFiles/Pico_APA102_Example.dir/home/jennifer/.pico-sdk/sdk/2.2.0/lib/tinyusb/src/common/tusb_fifo.c.o
 .text.tu_fifo_config
                0x100069a4       0x7c CMakeFiles/Pico_APA102_Example.dir/home/jennifer/.pico-sdk/sdk/2.2.0/lib/tinyusb/src/common/tusb_fifo.c.o
                0x100069a4                tu_fifo_config
 .text.tu_fifo_count
                0x10006a20       0x2c CMakeFiles/Pico_APA102_Example.dir/home/jennifer/.pico-sdk/sdk/2.2.0/lib/tinyusb/src/common/tusb_fifo.c.o
                0x10006a20                tu_fifo_count
 .text.tu_fifo_empty
                0x10006a4c        0xe CMakeFiles/Pico_APA102_Example.dir/home/jennifer/.pico-sdk/sdk/2.2.0/lib/tinyusb/src/common/tusb_fifo.c.o
                0x10006a4c                tu_fifo_empty
 .text.tu_fifo_full
                0x10006a5a       0x2a CMakeFiles/Pico_APA102_Example.dir/home/jennifer/.pico-sdk/sdk/2.2.0/lib/tinyusb/src/common/tusb_fifo.c.o
                0x10006a5a                tu_fifo_full
 .text.tu_fifo_remaining
                0x10006a84       0x2e CMakeFiles/Pico_APA102_Example.dir/home/jennifer/.pico-sdk/sdk/2.2.0/lib/tinyusb/src/common/tusb_fifo.c.o
                0x10006a84                tu_fifo_remaining
 .text.tu_fifo_read
                0x10006ab2       0x42 CMakeFiles/Pico_APA102_Example.dir/home/jennifer/.pico-sdk/sdk/2.2.0/lib/tinyusb/src/common/tusb_fifo.c.o
                0x10006ab2                tu_fifo_read
 .text.tu_fifo_read_n
                0x10006af4        0xa CMakeFiles/Pico_APA102_Example.dir/home/jennifer/.pico-sdk/sdk/2.2.0/lib/tinyusb/src/common/tusb_fifo.c.o
                0x10006af4                tu_fifo_read_n
 .text.tu_fifo_write
                0x10006afe       0x64 CMakeFiles/Pico_APA102_Example.dir/home/jennifer/.pico-sdk/sdk/2.2.0/lib/tinyusb/src/common/tusb_fifo.c.o
                0x10006afe                tu_fifo_write
 .text.tu_fifo_write_n
                0x10006b62        0xa CMakeFiles/Pico_APA102_Example.dir/home/jennifer/.pico-sdk/sdk/2.2.0/lib/tinyusb/src/common/tusb_fifo.c.o
                0x10006b62                tu_fifo_write_n
 .text.tu_fifo_clear
                0x10006b6c       0x3e CMakeFiles/Pico_APA102_Example.dir/home/jennifer/.pico-sdk/sdk/2.2.0/lib/tinyusb/src/common/tusb_fifo.c.o
                0x10006b6c                tu_fifo_clear
 .text.tu_fifo_set_overwritable
                0x10006baa       0x46 CMakeFiles/Pico_APA102_Example.dir/home/jennifer/.pico-sdk/sdk/2.2.0/lib/tinyusb/src/common/tusb_fifo.c.o
                0x10006baa                tu_fifo_set_overwritable
 .text.spi_unreset
                0x10006bf0       0x2c CMakeFiles/Pico_APA102_Example.dir/home/jennifer/.pico-sdk/sdk/2.2.0/src/rp2_common/hardware_spi/spi.c.o
 .text.spi_set_baudrate
                0x10006c1c       0xb4 CMakeFiles/Pico_APA102_Example.dir/home/jennifer/.pico-sdk/sdk/2.2.0/src/rp2_common/hardware_spi/spi.c.o
                0x10006c1c                spi_set_baudrate
 .text.spi_init
                0x10006cd0       0x70 CMakeFiles/Pico_APA102_Example.dir/home/jennifer/.pico-sdk/sdk/2.2.0/src/rp2_common/hardware_spi/spi.c.o
                0x10006cd0                spi_init
 .text          0x10006d40       0x5c /usr/lib/gcc/arm-none-eabi/14.2.1/../../../arm-none-eabi/lib/thumb/v6-m/nofp/libg.a(libc_a-strlen-stub.o)
                0x10006d40                strlen
 .text          0x10006d9c       0x28 /usr/lib/gcc/arm-none-eabi/14.2.1/../../../arm-none-eabi/lib/thumb/v6-m/nofp/libg.a(libc_a-fini.o)
                0x10006d9c                __libc_fini_array
 .text          0x10006dc4       0x10 /usr/lib/gcc/arm-none-eabi/14.2.1/../../../arm-none-eabi/lib/thumb/v6-m/nofp/libg.a(libc_a-atexit.o)
                0x10006dc4                atexit
 .text          0x10006dd4       0x78 /usr/lib/gcc/arm-none-eabi/14.2.1/../../../arm-none-eabi/lib/thumb/v6-m/nofp/libg.a(libc_a-__atexit.o)
                0x10006dd4                __register_exitproc
 .text.startup  0x10006e4c       0x18 /usr/lib/gcc/arm-none-eabi/14.2.1/../../../arm-none-eabi/lib/thumb/v6-m/nofp/libg.a(libc_a-__call_atexit.o)
 *(.fini)
 .fini          0x10006e64        0x4 /usr/lib/gcc/arm-none-eabi/14.2.1/thumb/v6-m/nofp/crti.o
                0x10006e64                _fini
 .fini.__stub   0x10006e68       0xe0 linker stubs
 *crtbegin.o(.ctors)
 *crtbegin?.o(.ctors)
 *(EXCLUDE_FILE(*crtend.o *crtend?.o) .ctors)
 *(SORT_BY_NAME(.ctors.*))
 *(.ctors)
 *crtbegin.o(.dtors)
 *crtbegin?.o(.dtors)
 *(EXCLUDE_FILE(*crtend.o *crtend?.o) .dtors)
 *(SORT_BY_NAME(.dtors.*))
 *(.dtors)
                0x10006f48                        . = ALIGN (0x4)
                0x10006f48                        PROVIDE (__preinit_array_start = .)
 *(SORT_BY_NAME(.preinit_array.*))
 .preinit_array.00100
                0x10006f48        0x4 CMakeFiles/Pico_APA102_Example.dir/home/jennifer/.pico-sdk/sdk/2.2.0/src/rp2_common/pico_runtime_init/runtime_init.c.o
                0x10006f48                __pre_init_runtime_init_early_resets
 .preinit_array.00101
                0x10006f4c        0x4 CMakeFiles/Pico_APA102_Example.dir/home/jennifer/.pico-sdk/sdk/2.2.0/src/rp2_common/pico_runtime_init/runtime_init.c.o
                0x10006f4c                __pre_init_runtime_init_usb_power_down
 .preinit_array.00275
                0x10006f50        0x4 CMakeFiles/Pico_APA102_Example.dir/home/jennifer/.pico-sdk/sdk/2.2.0/src/rp2_common/pico_bit_ops/bit_ops_aeabi.S.o
 .preinit_array.00300
                0x10006f54        0x4 CMakeFiles/Pico_APA102_Example.dir/home/jennifer/.pico-sdk/sdk/2.2.0/src/rp2_common/pico_mem_ops/mem_ops_aeabi.S.o
 .preinit_array.00350
                0x10006f58        0x4 CMakeFiles/Pico_APA102_Example.dir/home/jennifer/.pico-sdk/sdk/2.2.0/src/rp2_common/pico_double/double_aeabi_rp2040.S.o
 .preinit_array.00350
                0x10006f5c        0x4 CMakeFiles/Pico_APA102_Example.dir/home/jennifer/.pico-sdk/sdk/2.2.0/src/rp2_common/pico_float/float_aeabi_rp2040.S.o
 .preinit_array.00500
                0x10006f60        0x4 CMakeFiles/Pico_APA102_Example.dir/home/jennifer/.pico-sdk/sdk/2.2.0/src/rp2_common/pico_runtime_init/runtime_init.c.o
                0x10006f60                __pre_init_runtime_init_clocks
 .preinit_array.00600
                0x10006f64        0x4 CMakeFiles/Pico_APA102_Example.dir/home/jennifer/.pico-sdk/sdk/2.2.0/src/rp2_common/pico_runtime_init/runtime_init.c.o
                0x10006f64                __pre_init_runtime_init_post_clock_resets
 .preinit_array.00700
                0x10006f68        0x4 CMakeFiles/Pico_APA102_Example.dir/home/jennifer/.pico-sdk/sdk/2.2.0/src/rp2_common/pico_runtime_init/runtime_init.c.o
                0x10006f68                __pre_init_runtime_init_rp2040_gpio_ie_disable
 .preinit_array.01000
                0x10006f6c        0x4 CMakeFiles/Pico_APA102_Example.dir/home/jennifer/.pico-sdk/sdk/2.2.0/src/rp2_common/pico_runtime_init/runtime_init.c.o
                0x10006f6c                __pre_init_runtime_init_spin_locks_reset
 .preinit_array.01100
                0x10006f70        0x4 CMakeFiles/Pico_APA102_Example.dir/home/jennifer/.pico-sdk/sdk/2.2.0/src/common/pico_sync/mutex.c.o
                0x10006f70                __pre_init_runtime_init_mutex
 .preinit_array.10080
                0x10006f74        0x4 CMakeFiles/Pico_APA102_Example.dir/home/jennifer/.pico-sdk/sdk/2.2.0/src/rp2_common/pico_runtime_init/runtime_init.c.o
                0x10006f74                __pre_init_runtime_init_install_ram_vector_table
 .preinit_array.11000
                0x10006f78        0x4 CMakeFiles/Pico_APA102_Example.dir/home/jennifer/.pico-sdk/sdk/2.2.0/src/common/pico_time/time.c.o
                0x10006f78                __pre_init_runtime_init_default_alarm_pool
 .preinit_array.YYYYY
                0x10006f7c        0x4 CMakeFiles/Pico_APA102_Example.dir/home/jennifer/.pico-sdk/sdk/2.2.0/src/rp2_common/pico_runtime/runtime.c.o
                0x10006f7c                __pre_init_first_per_core_initializer
 .preinit_array.ZZZZZ.01200
                0x10006f80        0x4 CMakeFiles/Pico_APA102_Example.dir/home/jennifer/.pico-sdk/sdk/2.2.0/src/rp2_common/hardware_irq/irq.c.o
                0x10006f80                __pre_init_runtime_init_per_core_irq_priorities
 *(.preinit_array)
                0x10006f84                        PROVIDE (__preinit_array_end = .)
                0x10006f84                        . = ALIGN (0x4)
                0x10006f84                        PROVIDE (__init_array_start = .)
 *(SORT_BY_NAME(.init_array.*))
 .init_array.00000
                0x10006f84        0x4 /usr/lib/gcc/arm-none-eabi/14.2.1/../../../arm-none-eabi/lib/thumb/v6-m/nofp/libg.a(libc_a-__call_atexit.o)
 .init_array.01000
                0x10006f88        0x4 CMakeFiles/Pico_APA102_Example.dir/home/jennifer/.pico-sdk/sdk/2.2.0/src/rp2_common/pico_unique_id/unique_id.c.o
 *(.init_array)
 .init_array    0x10006f8c        0x4 /usr/lib/gcc/arm-none-eabi/14.2.1/thumb/v6-m/nofp/crtbegin.o
                0x10006f90                        PROVIDE (__init_array_end = .)
                0x10006f90                        . = ALIGN (0x4)
                0x10006f90                        PROVIDE (__fini_array_start = .)
 *(SORT_BY_NAME(.fini_array.*))
 *(.fini_array)
                0x10006f90                        PROVIDE (__fini_array_end = .)
 *(.eh_frame*)
 .eh_frame      0x10006f90        0x0 /usr/lib/gcc/arm-none-eabi/14.2.1/thumb/v6-m/nofp/crtbegin.o
                0x10006f90                        . = ALIGN (0x4)

.glue_7         0x10006f90        0x0
 .glue_7        0x10006f90        0x0 linker stubs

.glue_7t        0x10006f90        0x0
 .glue_7t       0x10006f90        0x0 linker stubs

.vfp11_veneer   0x10006f90        0x0
 .vfp11_veneer  0x10006f90        0x0 linker stubs

.v4_bx          0x10006f90        0x0
 .v4_bx         0x10006f90        0x0 linker stubs

.iplt           0x10006f90        0x0
 .iplt          0x10006f90        0x0 /usr/lib/gcc/arm-none-eabi/14.2.1/thumb/v6-m/nofp/crtbegin.o

.rodata         0x10006f90     0x1460
 *(EXCLUDE_FILE(*libm.a: *libc.a:*lib_a-mem*.o *libgcc.a:) .rodata*)
 .rodata.APA_ConvHSVtoRGB
                0x10006f90       0x18 CMakeFiles/Pico_APA102_Example.dir/home/jennifer/repos/APA102_LED_Driver/APA102.c.o
 .rodata.rp2040_chip_version.str1.4
                0x10006fa8      0xc2f CMakeFiles/Pico_APA102_Example.dir/home/jennifer/.pico-sdk/sdk/2.2.0/src/rp2040/pico_platform/platform.c.o
                                 0x7d (size before relaxing)
 *fill*         0x10007bd7        0x1 
 .rodata.__func__.0
                0x10007bd8       0x14 CMakeFiles/Pico_APA102_Example.dir/home/jennifer/.pico-sdk/sdk/2.2.0/src/rp2040/pico_platform/platform.c.o
 .rodata.panic.str1.4
                0x10007bec       0x12 CMakeFiles/Pico_APA102_Example.dir/home/jennifer/.pico-sdk/sdk/2.2.0/src/rp2_common/pico_platform_panic/panic.c.o
 .rodata.spin_lock_claim_unused.str1.4
                0x10007bec       0x1b CMakeFiles/Pico_APA102_Example.dir/home/jennifer/.pico-sdk/sdk/2.2.0/src/rp2_common/hardware_sync/sync.c.o
 .rodata.resolve_j_16.str1.4
                0x10007bec       0x5d CMakeFiles/Pico_APA102_Example.dir/home/jennifer/.pico-sdk/sdk/2.2.0/src/rp2_common/hardware_irq/irq.c.o
 .rodata.make_j_16.str1.4
                0x10007bec       0x30 CMakeFiles/Pico_APA102_Example.dir/home/jennifer/.pico-sdk/sdk/2.2.0/src/rp2_common/hardware_irq/irq.c.o
 .rodata.irq_set_exclusive_handler.str1.4
                0x10007bec       0x36 CMakeFiles/Pico_APA102_Example.dir/home/jennifer/.pico-sdk/sdk/2.2.0/src/rp2_common/hardware_irq/irq.c.o
 .rodata.irq_add_shared_handler.str1.4
                0x10007bec       0xd2 CMakeFiles/Pico_APA102_Example.dir/home/jennifer/.pico-sdk/sdk/2.2.0/src/rp2_common/hardware_irq/irq.c.o
 .rodata.irq_add_tail_to_free_list.str1.4
                0x10007bec       0x3a CMakeFiles/Pico_APA102_Example.dir/home/jennifer/.pico-sdk/sdk/2.2.0/src/rp2_common/hardware_irq/irq.c.o
 .rodata.user_irq_claim_unused.str1.4
                0x10007bec       0x1b CMakeFiles/Pico_APA102_Example.dir/home/jennifer/.pico-sdk/sdk/2.2.0/src/rp2_common/hardware_irq/irq.c.o
 .rodata.__func__.0
                0x10007bec       0x1a CMakeFiles/Pico_APA102_Example.dir/home/jennifer/.pico-sdk/sdk/2.2.0/src/rp2_common/hardware_irq/irq.c.o
 *fill*         0x10007c06        0x2 
 .rodata.__func__.3
                0x10007c08        0xa CMakeFiles/Pico_APA102_Example.dir/home/jennifer/.pico-sdk/sdk/2.2.0/src/rp2_common/hardware_irq/irq.c.o
 *fill*         0x10007c12        0x2 
 .rodata.__func__.4
                0x10007c14        0xd CMakeFiles/Pico_APA102_Example.dir/home/jennifer/.pico-sdk/sdk/2.2.0/src/rp2_common/hardware_irq/irq.c.o
 *fill*         0x10007c21        0x3 
 .rodata.__func__.5
                0x10007c24       0x17 CMakeFiles/Pico_APA102_Example.dir/home/jennifer/.pico-sdk/sdk/2.2.0/src/rp2_common/hardware_irq/irq.c.o
 *fill*         0x10007c3b        0x1 
 .rodata.__func__.6
                0x10007c3c       0x1a CMakeFiles/Pico_APA102_Example.dir/home/jennifer/.pico-sdk/sdk/2.2.0/src/rp2_common/hardware_irq/irq.c.o
 .rodata.runtime_init_mutex.str1.4
                0x10007c56       0x60 CMakeFiles/Pico_APA102_Example.dir/home/jennifer/.pico-sdk/sdk/2.2.0/src/common/pico_sync/mutex.c.o
 .rodata.str1.4
                0x10007c56       0x51 CMakeFiles/Pico_APA102_Example.dir/home/jennifer/.pico-sdk/sdk/2.2.0/src/common/pico_sync/mutex.c.o
 *fill*         0x10007c56        0x2 
 .rodata.__func__.1
                0x10007c58        0xb CMakeFiles/Pico_APA102_Example.dir/home/jennifer/.pico-sdk/sdk/2.2.0/src/common/pico_sync/mutex.c.o
 *fill*         0x10007c63        0x1 
 .rodata.__func__.3
                0x10007c64       0x18 CMakeFiles/Pico_APA102_Example.dir/home/jennifer/.pico-sdk/sdk/2.2.0/src/common/pico_sync/mutex.c.o
 .rodata.__func__.6
                0x10007c7c       0x13 CMakeFiles/Pico_APA102_Example.dir/home/jennifer/.pico-sdk/sdk/2.2.0/src/common/pico_sync/mutex.c.o
 .rodata.alarm_pool_irq_handler.str1.4
                0x10007c8f       0x6b CMakeFiles/Pico_APA102_Example.dir/home/jennifer/.pico-sdk/sdk/2.2.0/src/common/pico_time/time.c.o
 .rodata.alarm_pool_get_default.str1.4
                0x10007c8f       0x21 CMakeFiles/Pico_APA102_Example.dir/home/jennifer/.pico-sdk/sdk/2.2.0/src/common/pico_time/time.c.o
 .rodata.sleep_until.str1.4
                0x10007c8f       0x4d CMakeFiles/Pico_APA102_Example.dir/home/jennifer/.pico-sdk/sdk/2.2.0/src/common/pico_time/time.c.o
 *fill*         0x10007c8f        0x1 
 .rodata.__func__.1
                0x10007c90       0x17 CMakeFiles/Pico_APA102_Example.dir/home/jennifer/.pico-sdk/sdk/2.2.0/src/common/pico_time/time.c.o
 *fill*         0x10007ca7        0x1 
 .rodata.__func__.2
                0x10007ca8       0x17 CMakeFiles/Pico_APA102_Example.dir/home/jennifer/.pico-sdk/sdk/2.2.0/src/common/pico_time/time.c.o
 .rodata.timer_hardware_alarm_claim.str1.4
                0x10007cbf       0x22 CMakeFiles/Pico_APA102_Example.dir/home/jennifer/.pico-sdk/sdk/2.2.0/src/rp2_common/hardware_timer/timer.c.o
 .rodata.pll_init.str1.4
                0x10007cbf      0x11c CMakeFiles/Pico_APA102_Example.dir/home/jennifer/.pico-sdk/sdk/2.2.0/src/rp2_common/hardware_pll/pll.c.o
 *fill*         0x10007cbf        0x1 
 .rodata.__func__.0
                0x10007cc0        0x9 CMakeFiles/Pico_APA102_Example.dir/home/jennifer/.pico-sdk/sdk/2.2.0/src/rp2_common/hardware_pll/pll.c.o
 .rodata.__aeabi_double_init.str1.4
                0x10007cc9       0x9b CMakeFiles/Pico_APA102_Example.dir/home/jennifer/.pico-sdk/sdk/2.2.0/src/rp2_common/pico_double/double_init_rom_rp2040.c.o
 *fill*         0x10007cc9        0x3 
 .rodata.__func__.0
                0x10007ccc       0x14 CMakeFiles/Pico_APA102_Example.dir/home/jennifer/.pico-sdk/sdk/2.2.0/src/rp2_common/pico_double/double_init_rom_rp2040.c.o
 .rodata.__aeabi_float_init.str1.4
                0x10007ce0       0x8d CMakeFiles/Pico_APA102_Example.dir/home/jennifer/.pico-sdk/sdk/2.2.0/src/rp2_common/pico_float/float_init_rom_rp2040.c.o
 .rodata.__func__.0
                0x10007ce0       0x13 CMakeFiles/Pico_APA102_Example.dir/home/jennifer/.pico-sdk/sdk/2.2.0/src/rp2_common/pico_float/float_init_rom_rp2040.c.o
 .rodata.str1.4
                0x10007cf3       0x4c CMakeFiles/Pico_APA102_Example.dir/home/jennifer/.pico-sdk/sdk/2.2.0/src/rp2_common/pico_standard_binary_info/standard_binary_info.c.o
 *fill*         0x10007cf3        0x1 
 .rodata.__bi_84
                0x10007cf4        0xc CMakeFiles/Pico_APA102_Example.dir/home/jennifer/.pico-sdk/sdk/2.2.0/src/rp2_common/pico_standard_binary_info/standard_binary_info.c.o
 .rodata.__bi_78
                0x10007d00        0xc CMakeFiles/Pico_APA102_Example.dir/home/jennifer/.pico-sdk/sdk/2.2.0/src/rp2_common/pico_standard_binary_info/standard_binary_info.c.o
 .rodata.__bi_60
                0x10007d0c        0xc CMakeFiles/Pico_APA102_Example.dir/home/jennifer/.pico-sdk/sdk/2.2.0/src/rp2_common/pico_standard_binary_info/standard_binary_info.c.o
 .rodata.__bi_54
                0x10007d18        0xc CMakeFiles/Pico_APA102_Example.dir/home/jennifer/.pico-sdk/sdk/2.2.0/src/rp2_common/pico_standard_binary_info/standard_binary_info.c.o
 .rodata.__bi_48
                0x10007d24        0xc CMakeFiles/Pico_APA102_Example.dir/home/jennifer/.pico-sdk/sdk/2.2.0/src/rp2_common/pico_standard_binary_info/standard_binary_info.c.o
 .rodata.__bi_42
                0x10007d30        0xc CMakeFiles/Pico_APA102_Example.dir/home/jennifer/.pico-sdk/sdk/2.2.0/src/rp2_common/pico_standard_binary_info/standard_binary_info.c.o
 .rodata.__bi_34
                0x10007d3c        0xc CMakeFiles/Pico_APA102_Example.dir/home/jennifer/.pico-sdk/sdk/2.2.0/src/rp2_common/pico_standard_binary_info/standard_binary_info.c.o
 .rodata.__bi_26
                0x10007d48        0xc CMakeFiles/Pico_APA102_Example.dir/home/jennifer/.pico-sdk/sdk/2.2.0/src/rp2_common/pico_standard_binary_info/standard_binary_info.c.o
 .rodata._ftoa.str1.4
                0x10007d54       0x15 CMakeFiles/Pico_APA102_Example.dir/home/jennifer/.pico-sdk/sdk/2.2.0/src/rp2_common/pico_printf/printf.c.o
 .rodata._vsnprintf
                0x10007d54      0x19c CMakeFiles/Pico_APA102_Example.dir/home/jennifer/.pico-sdk/sdk/2.2.0/src/rp2_common/pico_printf/printf.c.o
 .rodata.pow10.0
                0x10007ef0       0x50 CMakeFiles/Pico_APA102_Example.dir/home/jennifer/.pico-sdk/sdk/2.2.0/src/rp2_common/pico_printf/printf.c.o
 .rodata.__assert_func.str1.4
                0x10007f40       0x43 CMakeFiles/Pico_APA102_Example.dir/home/jennifer/.pico-sdk/sdk/2.2.0/src/rp2_common/pico_clib_interface/newlib_interface.c.o
 .rodata.crlf_str.0
                0x10007f40        0x2 CMakeFiles/Pico_APA102_Example.dir/home/jennifer/.pico-sdk/sdk/2.2.0/src/rp2_common/pico_stdio/stdio.c.o
 *fill*         0x10007f42        0x2 
 .rodata._resetd_driver
                0x10007f44       0x20 CMakeFiles/Pico_APA102_Example.dir/home/jennifer/.pico-sdk/sdk/2.2.0/src/rp2_common/pico_stdio_usb/reset_interface.c.o
 .rodata.desc_ms_os_20
                0x10007f64       0xa6 CMakeFiles/Pico_APA102_Example.dir/home/jennifer/.pico-sdk/sdk/2.2.0/src/rp2_common/pico_stdio_usb/reset_interface.c.o
 *fill*         0x1000800a        0x2 
 .rodata.desc_bos
                0x1000800c       0x21 CMakeFiles/Pico_APA102_Example.dir/home/jennifer/.pico-sdk/sdk/2.2.0/src/rp2_common/pico_stdio_usb/reset_interface.c.o
                0x1000800c                desc_bos
 .rodata.stdio_usb_init.str1.4
                0x1000802d       0x55 CMakeFiles/Pico_APA102_Example.dir/home/jennifer/.pico-sdk/sdk/2.2.0/src/rp2_common/pico_stdio_usb/stdio_usb.c.o
 .rodata.str1.4
                0x1000802d       0x13 CMakeFiles/Pico_APA102_Example.dir/home/jennifer/.pico-sdk/sdk/2.2.0/src/rp2_common/pico_stdio_usb/stdio_usb.c.o
 *fill*         0x1000802d        0x3 
 .rodata.__bi_202.1
                0x10008030        0xc CMakeFiles/Pico_APA102_Example.dir/home/jennifer/.pico-sdk/sdk/2.2.0/src/rp2_common/pico_stdio_usb/stdio_usb.c.o
 .rodata.__func__.2
                0x1000803c        0xf CMakeFiles/Pico_APA102_Example.dir/home/jennifer/.pico-sdk/sdk/2.2.0/src/rp2_common/pico_stdio_usb/stdio_usb.c.o
 .rodata.str1.4
                0x1000804b       0x2a CMakeFiles/Pico_APA102_Example.dir/home/jennifer/.pico-sdk/sdk/2.2.0/src/rp2_common/pico_stdio_usb/stdio_usb_descriptors.c.o
 *fill*         0x1000804b        0x1 
 .rodata.usbd_desc_str
                0x1000804c       0x18 CMakeFiles/Pico_APA102_Example.dir/home/jennifer/.pico-sdk/sdk/2.2.0/src/rp2_common/pico_stdio_usb/stdio_usb_descriptors.c.o
 .rodata.usbd_desc_cfg
                0x10008064       0x54 CMakeFiles/Pico_APA102_Example.dir/home/jennifer/.pico-sdk/sdk/2.2.0/src/rp2_common/pico_stdio_usb/stdio_usb_descriptors.c.o
 .rodata.usbd_desc_device
                0x100080b8       0x12 CMakeFiles/Pico_APA102_Example.dir/home/jennifer/.pico-sdk/sdk/2.2.0/src/rp2_common/pico_stdio_usb/stdio_usb_descriptors.c.o
 .rodata.pico_get_unique_board_id_string.str1.4
                0x100080ca       0x55 CMakeFiles/Pico_APA102_Example.dir/home/jennifer/.pico-sdk/sdk/2.2.0/src/rp2_common/pico_unique_id/unique_id.c.o
 *fill*         0x100080ca        0x2 
 .rodata.__func__.0
                0x100080cc       0x20 CMakeFiles/Pico_APA102_Example.dir/home/jennifer/.pico-sdk/sdk/2.2.0/src/rp2_common/pico_unique_id/unique_id.c.o
 .rodata.str1.4
                0x100080ec      0x205 CMakeFiles/Pico_APA102_Example.dir/home/jennifer/.pico-sdk/sdk/2.2.0/src/rp2_common/hardware_flash/flash.c.o
 .rodata.__func__.0
                0x100080ec        0xd CMakeFiles/Pico_APA102_Example.dir/home/jennifer/.pico-sdk/sdk/2.2.0/src/rp2_common/hardware_flash/flash.c.o
 .rodata.hw_endpoint_alloc.str1.4
                0x100080f9       0xa0 CMakeFiles/Pico_APA102_Example.dir/home/jennifer/.pico-sdk/sdk/2.2.0/lib/tinyusb/src/portable/raspberrypi/rp2040/dcd_rp2040.c.o
 .rodata.str1.4
                0x100080f9       0x14 CMakeFiles/Pico_APA102_Example.dir/home/jennifer/.pico-sdk/sdk/2.2.0/lib/tinyusb/src/portable/raspberrypi/rp2040/dcd_rp2040.c.o
 .rodata.dcd_int_enable.str1.4
                0x100080f9        0xc CMakeFiles/Pico_APA102_Example.dir/home/jennifer/.pico-sdk/sdk/2.2.0/lib/tinyusb/src/portable/raspberrypi/rp2040/dcd_rp2040.c.o
 *fill*         0x100080f9        0x3 
 .rodata.__func__.0
                0x100080fc        0xe CMakeFiles/Pico_APA102_Example.dir/home/jennifer/.pico-sdk/sdk/2.2.0/lib/tinyusb/src/portable/raspberrypi/rp2040/dcd_rp2040.c.o
 *fill*         0x1000810a        0x2 
 .rodata.__func__.3
                0x1000810c       0x10 CMakeFiles/Pico_APA102_Example.dir/home/jennifer/.pico-sdk/sdk/2.2.0/lib/tinyusb/src/portable/raspberrypi/rp2040/dcd_rp2040.c.o
 .rodata.__func__.5
                0x1000811c        0xf CMakeFiles/Pico_APA102_Example.dir/home/jennifer/.pico-sdk/sdk/2.2.0/lib/tinyusb/src/portable/raspberrypi/rp2040/dcd_rp2040.c.o
 *fill*         0x1000812b        0x1 
 .rodata.__func__.6
                0x1000812c       0x12 CMakeFiles/Pico_APA102_Example.dir/home/jennifer/.pico-sdk/sdk/2.2.0/lib/tinyusb/src/portable/raspberrypi/rp2040/dcd_rp2040.c.o
 *fill*         0x1000813e        0x2 
 .rodata.__func__.7
                0x10008140        0x9 CMakeFiles/Pico_APA102_Example.dir/home/jennifer/.pico-sdk/sdk/2.2.0/lib/tinyusb/src/portable/raspberrypi/rp2040/dcd_rp2040.c.o
 .rodata.str1.4
                0x10008149       0xe4 CMakeFiles/Pico_APA102_Example.dir/home/jennifer/.pico-sdk/sdk/2.2.0/lib/tinyusb/src/portable/raspberrypi/rp2040/rp2040_usb.c.o
 .rodata.hw_endpoint_xfer_start.str1.4
                0x10008149       0x38 CMakeFiles/Pico_APA102_Example.dir/home/jennifer/.pico-sdk/sdk/2.2.0/lib/tinyusb/src/portable/raspberrypi/rp2040/rp2040_usb.c.o
 *fill*         0x10008149        0x3 
 .rodata.__func__.0
                0x1000814c        0xf CMakeFiles/Pico_APA102_Example.dir/home/jennifer/.pico-sdk/sdk/2.2.0/lib/tinyusb/src/portable/raspberrypi/rp2040/rp2040_usb.c.o
 .rodata.configuration_reset.str1.4
                0x1000815b       0x17 CMakeFiles/Pico_APA102_Example.dir/home/jennifer/.pico-sdk/sdk/2.2.0/lib/tinyusb/src/device/usbd.c.o
 *fill*         0x1000815b        0x1 
 .rodata.process_get_descriptor
                0x1000815c       0x40 CMakeFiles/Pico_APA102_Example.dir/home/jennifer/.pico-sdk/sdk/2.2.0/lib/tinyusb/src/device/usbd.c.o
 .rodata        0x1000819c       0x1c CMakeFiles/Pico_APA102_Example.dir/home/jennifer/.pico-sdk/sdk/2.2.0/lib/tinyusb/src/device/usbd.c.o
 .rodata.process_control_request
                0x100081b8       0x28 CMakeFiles/Pico_APA102_Example.dir/home/jennifer/.pico-sdk/sdk/2.2.0/lib/tinyusb/src/device/usbd.c.o
 .rodata.tud_task_ext
                0x100081e0       0x24 CMakeFiles/Pico_APA102_Example.dir/home/jennifer/.pico-sdk/sdk/2.2.0/lib/tinyusb/src/device/usbd.c.o
 .rodata.__func__.3
                0x10008204        0xf CMakeFiles/Pico_APA102_Example.dir/home/jennifer/.pico-sdk/sdk/2.2.0/lib/tinyusb/src/device/usbd.c.o
 *fill*         0x10008213        0x1 
 .rodata.__func__.4
                0x10008214        0xf CMakeFiles/Pico_APA102_Example.dir/home/jennifer/.pico-sdk/sdk/2.2.0/lib/tinyusb/src/device/usbd.c.o
 *fill*         0x10008223        0x1 
 .rodata.__func__.5
                0x10008224       0x14 CMakeFiles/Pico_APA102_Example.dir/home/jennifer/.pico-sdk/sdk/2.2.0/lib/tinyusb/src/device/usbd.c.o
 .rodata.__func__.6
                0x10008238        0xc CMakeFiles/Pico_APA102_Example.dir/home/jennifer/.pico-sdk/sdk/2.2.0/lib/tinyusb/src/device/usbd.c.o
 .rodata.__func__.7
                0x10008244       0x17 CMakeFiles/Pico_APA102_Example.dir/home/jennifer/.pico-sdk/sdk/2.2.0/lib/tinyusb/src/device/usbd.c.o
 *fill*         0x1000825b        0x1 
 .rodata.__func__.8
                0x1000825c       0x13 CMakeFiles/Pico_APA102_Example.dir/home/jennifer/.pico-sdk/sdk/2.2.0/lib/tinyusb/src/device/usbd.c.o
 *fill*         0x1000826f        0x1 
 .rodata.__func__.9
                0x10008270       0x18 CMakeFiles/Pico_APA102_Example.dir/home/jennifer/.pico-sdk/sdk/2.2.0/lib/tinyusb/src/device/usbd.c.o
 .rodata.__func__.10
                0x10008288       0x14 CMakeFiles/Pico_APA102_Example.dir/home/jennifer/.pico-sdk/sdk/2.2.0/lib/tinyusb/src/device/usbd.c.o
 .rodata.__func__.11
                0x1000829c        0xd CMakeFiles/Pico_APA102_Example.dir/home/jennifer/.pico-sdk/sdk/2.2.0/lib/tinyusb/src/device/usbd.c.o
 *fill*         0x100082a9        0x3 
 .rodata.__func__.12
                0x100082ac       0x10 CMakeFiles/Pico_APA102_Example.dir/home/jennifer/.pico-sdk/sdk/2.2.0/lib/tinyusb/src/device/usbd.c.o
 .rodata._usbd_driver
                0x100082bc       0x40 CMakeFiles/Pico_APA102_Example.dir/home/jennifer/.pico-sdk/sdk/2.2.0/lib/tinyusb/src/device/usbd.c.o
 .rodata.tud_control_xfer.str1.4
                0x100082fc       0x17 CMakeFiles/Pico_APA102_Example.dir/home/jennifer/.pico-sdk/sdk/2.2.0/lib/tinyusb/src/device/usbd_control.c.o
 .rodata.__func__.0
                0x100082fc       0x15 CMakeFiles/Pico_APA102_Example.dir/home/jennifer/.pico-sdk/sdk/2.2.0/lib/tinyusb/src/device/usbd_control.c.o
 *fill*         0x10008311        0x3 
 .rodata.__func__.1
                0x10008314       0x11 CMakeFiles/Pico_APA102_Example.dir/home/jennifer/.pico-sdk/sdk/2.2.0/lib/tinyusb/src/device/usbd_control.c.o
 .rodata.tud_cdc_n_write_flush.str1.4
                0x10008325       0x17 CMakeFiles/Pico_APA102_Example.dir/home/jennifer/.pico-sdk/sdk/2.2.0/lib/tinyusb/src/class/cdc/cdc_device.c.o
 *fill*         0x10008325        0x3 
 .rodata.__func__.0
                0x10008328        0xd CMakeFiles/Pico_APA102_Example.dir/home/jennifer/.pico-sdk/sdk/2.2.0/lib/tinyusb/src/class/cdc/cdc_device.c.o
 *fill*         0x10008335        0x3 
 .rodata.__func__.1
                0x10008338        0xa CMakeFiles/Pico_APA102_Example.dir/home/jennifer/.pico-sdk/sdk/2.2.0/lib/tinyusb/src/class/cdc/cdc_device.c.o
 *fill*         0x10008342        0x2 
 .rodata.__func__.3
                0x10008344       0x16 CMakeFiles/Pico_APA102_Example.dir/home/jennifer/.pico-sdk/sdk/2.2.0/lib/tinyusb/src/class/cdc/cdc_device.c.o
 .rodata.vendord_open.str1.4
                0x1000835a       0x17 CMakeFiles/Pico_APA102_Example.dir/home/jennifer/.pico-sdk/sdk/2.2.0/lib/tinyusb/src/class/vendor/vendor_device.c.o
 *fill*         0x1000835a        0x2 
 .rodata.__func__.0
                0x1000835c        0xd CMakeFiles/Pico_APA102_Example.dir/home/jennifer/.pico-sdk/sdk/2.2.0/lib/tinyusb/src/class/vendor/vendor_device.c.o
 .rodata.tusb_rhport_init.str1.4
                0x10008369       0x17 CMakeFiles/Pico_APA102_Example.dir/home/jennifer/.pico-sdk/sdk/2.2.0/lib/tinyusb/src/tusb.c.o
 *fill*         0x10008369        0x3 
 .rodata.__func__.0
                0x1000836c       0x19 CMakeFiles/Pico_APA102_Example.dir/home/jennifer/.pico-sdk/sdk/2.2.0/lib/tinyusb/src/tusb.c.o
 *fill*         0x10008385        0x3 
 .rodata.__func__.2
                0x10008388       0x1a CMakeFiles/Pico_APA102_Example.dir/home/jennifer/.pico-sdk/sdk/2.2.0/lib/tinyusb/src/tusb.c.o
 *fill*         0x100083a2        0x2 
 .rodata.__func__.3